C51 COMPILER V9.52.0.0   INDY                                                              06/08/2016 09:44:05 PAGE 1   


C51 COMPILER V9.52.0.0, COMPILATION OF MODULE INDY
OBJECT MODULE PLACED IN indy.OBJ
COMPILER INVOKED BY: C:\Keil\C51\BIN\C51.EXE indy.c LARGE BROWSE DEBUG OBJECTEXTEND TABS(2)

line level    source

   1          #include "indy.h"
   2          
   3          char rec_flag  =   -1;     //接收到耳标信号标志。-1没接受到。0接受到
   4          unsigned char  rec_flag_cnt = 0;   //接收到耳标信息计数。如果接收到一次，则认为读取正常。
   5          xdata   UART2_BODY  uart2_body;
   6                    
   7          void write_mac_register(uint16 addr,uint16 w_data,uint16 w_data_l)
   8          {
   9   1      
  10   1          SendData(0x01);
  11   1          SendData(0x00);
  12   1          SendData((uint8)(addr&0x00ff));
  13   1          SendData((uint8)(addr>>8));
  14   1          SendData((uint8)(w_data_l&0x00ff));
  15   1          SendData((uint8)(w_data_l>>8));
  16   1          SendData((uint8)(w_data&0x00ff));
  17   1          SendData((uint8)(w_data>>8));
  18   1      }
  19          
  20          void read_mac_register(uint16 addr)
  21          {
  22   1      
  23   1          SendData(0x00);
  24   1          SendData(0x00);
  25   1          SendData((uint8)(addr&0x00ff));
  26   1          SendData((uint8)(addr>>8));
  27   1          SendData(0x00);
  28   1          SendData(0x00);
  29   1          SendData(0x00);
  30   1          SendData(0x00);
  31   1      }
  32          
  33          void uart2_sendMes(void)
  34          {
  35   1          char i;
  36   1          unsigned char sum = 0;
  37   1          char send_buf[32];
  38   1      
  39   1          send_buf[0] = uart2_body.cmd_type;
  40   1          for(i = 0;i < EPC_CODE_NUM;i++)
  41   1          {
  42   2              send_buf[1 + i] = uart2_body.epc_code[i];
  43   2          }
  44   1          for(i = 0;i <   VAL_DATA_NUM;i++)
  45   1          {
  46   2              send_buf[13 + i] = uart2_body.val_data[i];
  47   2          }
  48   1      
  49   1          for(i = 15;i < UART2_SEND_NUM;i++)
  50   1              send_buf[i] = RESERVED_DATA;
  51   1      
  52   1          for(i = 0;i < UART2_SEND_NUM;i++)
  53   1          {
  54   2              sum +=  send_buf[i];  
  55   2          }
C51 COMPILER V9.52.0.0   INDY                                                              06/08/2016 09:44:05 PAGE 2   

  56   1          
  57   1          send_buf[UART2_SEND_NUM -1] = sum & 0xff;
  58   1          for(i = 0;i < UART2_SEND_NUM;i++)
  59   1          {
  60   2              SendData2(send_buf[i]);
  61   2          
  62   2          //OledWriteWordByHex57(i / 16 + 1, i % 16, send_buf[i]);
  63   2          }
  64   1           //OledWriteMessageByHex57(send_buf, UART2_SEND_NUM);
  65   1          
  66   1      }
  67          
  68          void clear_uart2_mes()
  69          {
  70   1          char    i;
  71   1      
  72   1          uart2_body.cmd_type =   0;
  73   1          for(i = 0;i <   EPC_CODE_NUM;i++)
  74   1          uart2_body.epc_code[i] = 0;
  75   1          for(i = 0;i <   VAL_DATA_NUM;i++)
  76   1          uart2_body.val_data[i] = 0;  
  77   1          for(i = 0;i < RESERVED_DATA;i++)
  78   1          uart2_body.res[i] = 0;
  79   1          uart2_body.check_sum = 0;
  80   1      }
  81          
  82          void process_packets()
  83          {
  84   1        uint16 i;
  85   1        uint8 j = 1;
  86   1        uint16 data_len=0;
  87   1        uint16 cmd_type=0xffff;
  88   1        uint16 cmd_addr_fir=0;      //命令地址
  89   1        uint16 data_addr_fir=0;     //8个字节的数据包后的地址
  90   1        uint16 data_addr_end=0;     //数据包结束后的地址。
  91   1        uint16 epc_data_addr = 0;   //epc数据的起始地址
  92   1        uint16 sensor_data_addr = 0;   //sensor_code数据起始地址
  93   1      
  94   1        uint16 test=18;
  95   1        uint8 check_data=0;
  96   1        bit check_con1 = 0;
  97   1        bit check_con2 = 0;
  98   1          
  99   1          uint8   pkt_flag = 0;
 100   1      
 101   1        while(1)
 102   1        {
 103   2              
 104   2          if((rec_data[0+cmd_addr_fir]==0x01) )// && (rec_data[cmd_addr_fir+1]==0x00)
 105   2          { 
 106   3                  //SendData2(0x77);
 107   3                  pkt_flag = rec_data[1 + cmd_addr_fir];
 108   3            cmd_type = (rec_data[3+cmd_addr_fir]<<8) + rec_data[2+cmd_addr_fir];
 109   3          //  cmd_type = (rec_data[3+16]) + rec_data[2+16];
 110   3            data_len = (rec_data[5+cmd_addr_fir]<<8) + rec_data[4+cmd_addr_fir];
 111   3            data_addr_fir = 8 + cmd_addr_fir;
 112   3            data_addr_end = data_addr_fir + data_len*4 ; 
 113   3            cmd_addr_fir = (data_len+2)*4+cmd_addr_fir;
 114   3          //  cmd_addr_fir += 16;
 115   3            OledWriteWordByHex(1, 0, 0xff);
 116   3          }
 117   2          else
C51 COMPILER V9.52.0.0   INDY                                                              06/08/2016 09:44:05 PAGE 3   

 118   2          { 
 119   3            OledWriteWordByHex(1, 0, 0x44);
 120   3            break;
 121   3          }
 122   2       
 123   2          if(cmd_type == 0x0005)
 124   2          { 
 125   3            epc_data_addr = data_addr_fir+14;
 126   3      
 127   3                  for(i = 0;i < 12;i++)
 128   3                  { 
 129   4                      //epc_code[i] = rec_data[epc_data_addr + i];//epc
 130   4                      uart2_body.epc_code[i] = rec_data[epc_data_addr + i];//epc
 131   4                      OledWriteWordByHex(1, 0, 0xbb);
 132   4                      while(1);
 133   4                  } 
 134   3            
 135   3          }
 136   2            if(cmd_type == 0x0006)
 137   2            {
 138   3                  OledWriteWordByHex(1, 0, 0xcc);
 139   3                  if(pkt_flag == 0x00)
 140   3                  {    
 141   4                    OledWriteWordByHex(1, 0, 0xdd);
 142   4                      if(rec_data[data_addr_fir + 4] == 0xc2)
 143   4                      {
 144   5                          sensor_data_addr = data_addr_fir + 12;
 145   5                          
 146   5      
 147   5                          switch(uart2_body.cmd_type)
 148   5                    {
 149   6                    case 1:
 150   6                      for(i=0; i<2; i++)
 151   6                       {
 152   7                                      uart2_body.val_data[i] = rec_data[sensor_data_addr +  i];
 153   7                        OledWriteWordByHex(1, 0, 0xcc);
 154   7                       }
 155   6                      rec_flag_cnt++;
 156   6                      break;
 157   6                    case 2:
 158   6                      for(i=0; i<2; i++)
 159   6                       {
 160   7                        uart2_body.val_data[i] = rec_data[sensor_data_addr +  i];
 161   7                        OledWriteWordByHex(1, 0, 0xdd);
 162   7                        }
 163   6                      rec_flag_cnt++;
 164   6                      break;
 165   6                    case 3:
 166   6                                  uart2_body.val_data[0] = 0;
 167   6                                  uart2_body.val_data[1] = rec_data[sensor_data_addr +  1];
 168   6                      rec_flag_cnt++;
 169   6                      break;
 170   6                    default : 
 171   6                                  rec_flag    =   READ_NO_TAG;
 172   6                                  rec_flag_cnt = 0;
 173   6                                  break;
 174   6                  }      
 175   5                      }
 176   4                      else
 177   4                      {
 178   5                // debug
 179   5                          //SendString2("NOT  Read CMD\n");
C51 COMPILER V9.52.0.0   INDY                                                              06/08/2016 09:44:05 PAGE 4   

 180   5                OledWriteWordByHex(1, 0, 0x22);
 181   5                      }
 182   4                     
 183   4                     
 184   4      
 185   4                  }
 186   3                  else
 187   3                  {
 188   4                      //if(pkt_flag && 0x01)
 189   4                         // SendString2("MAC detected an err\n");
 190   4                      //if(pkt_flag && 0x02)
 191   4                        //  SendString2("Tag did backscatter and err\n");
 192   4                       OledWriteWordByHex(1, 0, 0x33);
 193   4                      break;
 194   4                  }
 195   3              }
 196   2          
 197   2        } 
 198   1       
 199   1      }
 200          
 201          void indy_read_sensorcode()
 202          {
 203   1          int rec_cnt = 0;
 204   1          //int j;
 205   1          //char i;
 206   1          
 207   1          write_mac_register(0x0a02,0x0000,0x0000);
 208   1        write_mac_register(0x0a03,0x0000,0x000C);
 209   1        write_mac_register(0x0a04,0x0000,0x0002);
 210   1          write_mac_register(0x0a06,0x0000,0x0000);
 211   1        write_mac_register(0xf000,0x0000,0x0010);
 212   1      
 213   1        Delay20ms();
 214   1      
 215   1          /*
 216   1          SendData2(rec_num );
 217   1          rec_cnt = rec_num;
 218   1          SendData2(0x55);
 219   1          SendData2(rec_cnt);
 220   1          for(j = 0;j < rec_cnt;j++)
 221   1              SendData2(rec_data[j]);
 222   1              */
 223   1            
 224   1          if(rec_data[0]  == 0x01 )
 225   1          { 
 226   2              ES = 0;
 227   2              process_packets();  //处理数据
 228   2              ES = 1;
 229   2          } 
 230   1        //OledWriteMessage57(" indy_readsensorcode end ");
 231   1      }
 232          
 233          void indy_readrssi()
 234          {
 235   1      
 236   1          int rec_cnt = 0;
 237   1           //int j;
 238   1           //char i;
 239   1          
 240   1          write_mac_register(HST_TAGACC_BANK,0x0000,0x0000);
 241   1        write_mac_register(HST_TAGACC_PTR,0x0000,0x000d);
C51 COMPILER V9.52.0.0   INDY                                                              06/08/2016 09:44:05 PAGE 5   

 242   1        write_mac_register(HST_TAGACC_CNT,0x0000,0x0002);
 243   1        write_mac_register(HST_TAGACC_ACCPWD,0x0000,0x0000);
 244   1        write_mac_register(HST_CMD,0x0000,8);
 245   1          Delay20ms();     
 246   1          if(rec_data[0]  == 0x01 )
 247   1          {   
 248   2              ES = 0;
 249   2              process_packets();   //处理数据
 250   2              ES = 1;
 251   2          }   
 252   1      
 253   1        // OledWriteMessage57(" indy_readrssi end ");
 254   1      }
 255          
 256          
 257          
 258          /*
 259          读取耳标的EPC和温度
 260          */
 261          void indy_readtemp()
 262          {
 263   1        
 264   1          int rec_cnt = 0;
 265   1       //    int j;
 266   1        SendString2(" indy_readtemp start \r\n");
 267   1          //for(i = 0;i < 100;i++)
 268   1          {
 269   2          write_mac_register(HST_TAGACC_BANK,0x0000,0x0000);
 270   2          write_mac_register(HST_TAGACC_PTR,0x0000,0x000e);
 271   2          write_mac_register(HST_TAGACC_CNT,0x0000,0x0002);
 272   2          write_mac_register(HST_TAGACC_ACCPWD,0x0000,0x0000);
 273   2          write_mac_register(HST_CMD,0x0000,7);
 274   2      
 275   2          }
 276   1          clear_rec_data();
 277   1        Delay20ms();
 278   1      
 279   1          // debug 
 280   1         /* SendData2(rec_num );
 281   1          rec_cnt = rec_num;
 282   1          SendData2(0x55);
 283   1          SendData2(rec_cnt);
 284   1          
 285   1          for(j = 0;j < rec_cnt;j++)
 286   1              SendData2(rec_data[j]);
 287   1          */
 288   1            
 289   1        if(rec_data[0]  == 0x01 )
 290   1        { 
 291   2          ES = 0;
 292   2          process_packets();   //处理数据
 293   2          ES = 1;
 294   2        } 
 295   1         // SendString2(" indy_readtemp end \r\n");
 296   1         // OledWriteMessage57(" indy_readtemp end ");
 297   1      }
 298          
 299          int uart2_recv_proc()
 300          {
 301   1        unsigned char sum = 0;
 302   1        char i;
 303   1      
C51 COMPILER V9.52.0.0   INDY                                                              06/08/2016 09:44:05 PAGE 6   

 304   1          if(uart2_rec_data[0] != 0)
 305   1          {
 306   2              if(uart2_rec_cnt <  UART2_RECV_NUM)
 307   2                  return 0;
 308   2              for(i = 0;i < (UART2_RECV_NUM - 1);i++)
 309   2                  sum += uart2_rec_data[i];
 310   2              if(sum == uart2_rec_data[UART2_RECV_NUM - 1])
 311   2                  return 1;
 312   2              else
 313   2              {
 314   3                  //SendData2(0x99);SendData2(0x99);
 315   3                  clear_uart2_data();
 316   3                  return 0;
 317   3              }
 318   2          }
 319   1          else 
 320   1              return 0;
 321   1      }
 322          
 323          
 324          void index_send(char id)
 325          {
 326   1          switch(id)
 327   1          {
 328   2              case 1:   //  hand
 329   2                  SendData(0xC0);
 330   2                  SendData(0x06);
 331   2                  SendData(0x00);
 332   2                  SendData(0x00);
 333   2                  SendData(0x00);
 334   2                  SendData(0x00);
 335   2                  SendData(0x00);
 336   2                  SendData(0x00);
 337   2                  break;
 338   2              case 2:
 339   2                  SendData(0x40);
 340   2                  SendData(0x03);
 341   2                  SendData(0x00);
 342   2                  SendData(0x00);
 343   2                  SendData(0x00);
 344   2                  SendData(0x00);
 345   2                  SendData(0x00);
 346   2                  SendData(0x00);
 347   2                  break;
 348   2                  
 349   2              case 3:
 350   2                  SendData(0x00);
 351   2                  SendData(0x00);
 352   2                  SendData(0x01);
 353   2                  SendData(0x00);
 354   2                  SendData(0x00);
 355   2                  SendData(0x00);
 356   2                  SendData(0x00);
 357   2                  SendData(0x00);
 358   2                  break;
 359   2      
 360   2              case 4:
 361   2                  SendData(0x00);
 362   2                  SendData(0x00);
 363   2                  SendData(0x10);
 364   2                  SendData(0x00);
 365   2                  SendData(0x00);
C51 COMPILER V9.52.0.0   INDY                                                              06/08/2016 09:44:05 PAGE 7   

 366   2                  SendData(0x00);
 367   2                  SendData(0x00);
 368   2                  SendData(0x00);
 369   2                  break;
 370   2      
 371   2              case 5:
 372   2                  SendData(0x00);
 373   2                  SendData(0x00);
 374   2                  SendData(0x05);
 375   2                  SendData(0x00);
 376   2                  SendData(0x00);
 377   2                  SendData(0x00);
 378   2                  SendData(0x00);
 379   2                  SendData(0x00);
 380   2                  break;
 381   2      
 382   2              case 6:
 383   2                  SendData(0x00);
 384   2                  SendData(0x00);
 385   2                  SendData(0x06);
 386   2                  SendData(0x00);
 387   2                  SendData(0x00);
 388   2                  SendData(0x00);
 389   2                  SendData(0x00);
 390   2                  SendData(0x00);
 391   2                  break;
 392   2      
 393   2             case 7:
 394   2                  SendData(0x00);
 395   2                  SendData(0x00);
 396   2                  SendData(0x10);
 397   2                  SendData(0x00);
 398   2                  SendData(0x00);
 399   2                  SendData(0x00);
 400   2                  SendData(0x00);
 401   2                  SendData(0x00);
 402   2                  break;
 403   2             case 8:
 404   2                  SendData(0x00);
 405   2                  SendData(0x00);
 406   2                  SendData(0x11);
 407   2                  SendData(0x00);
 408   2                  SendData(0x00);
 409   2                  SendData(0x00);
 410   2                  SendData(0x00);
 411   2                  SendData(0x00);
 412   2                  break;
 413   2      
 414   2              case 9:
 415   2                  SendData(0x00);
 416   2                  SendData(0x00);
 417   2                  SendData(0x00);
 418   2                  SendData(0x00);
 419   2                  SendData(0x00);
 420   2                  SendData(0x00);
 421   2                  SendData(0x00);
 422   2                  SendData(0x00);
 423   2                  break;
 424   2      
 425   2              case 10:
 426   2                  SendData(0x00);
 427   2                  SendData(0x00);
C51 COMPILER V9.52.0.0   INDY                                                              06/08/2016 09:44:05 PAGE 8   

 428   2                  SendData(0x01);
 429   2                  SendData(0x00);
 430   2                  SendData(0x00);
 431   2                  SendData(0x00);
 432   2                  SendData(0x00);
 433   2                  SendData(0x00);
 434   2                  break;
 435   2      
 436   2              case 11:
 437   2                  SendData(0x00);
 438   2                  SendData(0x00);
 439   2                  SendData(0x02);
 440   2                  SendData(0x00);
 441   2                  SendData(0x00);
 442   2                  SendData(0x00);
 443   2                  SendData(0x00);
 444   2                  SendData(0x00);
 445   2                  break;
 446   2      
 447   2              case 12:
 448   2                  SendData(0x00);
 449   2                  SendData(0x00);
 450   2                  SendData(0x00);
 451   2                  SendData(0x03);
 452   2                  SendData(0x00);
 453   2                  SendData(0x00);
 454   2                  SendData(0x00);
 455   2                  SendData(0x00);
 456   2                  break;
 457   2      
 458   2              case 13:
 459   2                  SendData(0x00);
 460   2                  SendData(0x00);
 461   2                  SendData(0x02);
 462   2                  SendData(0x00);
 463   2                  SendData(0x00);
 464   2                  SendData(0x00);
 465   2                  SendData(0x00);
 466   2                  SendData(0x00);
 467   2                  break;
 468   2      
 469   2              case 14:
 470   2                  SendData(0x00);
 471   2                  SendData(0x00);
 472   2                  SendData(0x61);
 473   2                  SendData(0x1B);
 474   2                  SendData(0x00);
 475   2                  SendData(0x00);
 476   2                  SendData(0x00);
 477   2                  SendData(0x00);
 478   2                  break;
 479   2      
 480   2       // 1 - 14 :   connect
 481   2              case 15:
 482   2                  SendData(0x01);
 483   2                  SendData(0x00);
 484   2                  SendData(0x01);
 485   2                  SendData(0x07);
 486   2                  SendData(0x00);
 487   2                  SendData(0x00);
 488   2                  SendData(0x00);
 489   2                  SendData(0x00);
C51 COMPILER V9.52.0.0   INDY                                                              06/08/2016 09:44:05 PAGE 9   

 490   2      
 491   2                  SendData(0x00);
 492   2                  SendData(0x00);
 493   2                  SendData(0x05);
 494   2                  SendData(0x00);
 495   2                  SendData(0x00);
 496   2                  SendData(0x00);
 497   2                  SendData(0x00);
 498   2                  SendData(0x00);
 499   2                  break;
 500   2      
 501   2              case 16:
 502   2                  SendData(0x00);
 503   2                  SendData(0x00);
 504   2                  SendData(0x02);
 505   2                  SendData(0x07);
 506   2                  SendData(0x00);
 507   2                  SendData(0x00);
 508   2                  SendData(0x00);
 509   2                  SendData(0x00);
 510   2                  break;
 511   2      
 512   2             case 17:
 513   2                  SendData(0x01);
 514   2                  SendData(0x00);
 515   2                  SendData(0x02);
 516   2                  SendData(0x07);
 517   2                  SendData(0x01);
 518   2                  SendData(0x00);
 519   2                  SendData(0x00);
 520   2                  SendData(0x00);
 521   2      
 522   2                  SendData(0x01);
 523   2                  SendData(0x00);
 524   2                  SendData(0x01);
 525   2                  SendData(0x07);
 526   2                  SendData(0x00);
 527   2                  SendData(0x00);
 528   2                  SendData(0x00);
 529   2                  SendData(0x00);
 530   2      
 531   2                  SendData(0x00);
 532   2                  SendData(0x00);
 533   2                  SendData(0x05);
 534   2                  SendData(0x00);
 535   2                  SendData(0x00);
 536   2                  SendData(0x00);
 537   2                  SendData(0x00);
 538   2                  SendData(0x00);
 539   2                  break;
 540   2      
 541   2              case 18:
 542   2                  SendData(0x00);
 543   2                  SendData(0x00);
 544   2                  SendData(0x04);
 545   2                  SendData(0x07);
 546   2                  SendData(0x00);
 547   2                  SendData(0x00);
 548   2                  SendData(0x00);
 549   2                  SendData(0x00);
 550   2                  break;
 551   2      
C51 COMPILER V9.52.0.0   INDY                                                              06/08/2016 09:44:05 PAGE 10  

 552   2             case 19:
 553   2                  SendData(0x00);
 554   2                  SendData(0x00);
 555   2                  SendData(0x05);
 556   2                  SendData(0x07);
 557   2                  SendData(0x00);
 558   2                  SendData(0x00);
 559   2                  SendData(0x00);
 560   2                  SendData(0x00);
 561   2                  break;
 562   2      
 563   2              case 20:
 564   2                  SendData(0x00);
 565   2                  SendData(0x00);
 566   2                  SendData(0x06);
 567   2                  SendData(0x07);
 568   2                  SendData(0x00);
 569   2                  SendData(0x00);
 570   2                  SendData(0x00);
 571   2                  SendData(0x00);
 572   2                  break;
 573   2      
 574   2             case 21:
 575   2                  SendData(0x00);
 576   2                  SendData(0x00);
 577   2                  SendData(0x07);
 578   2                  SendData(0x07);
 579   2                  SendData(0x00);
 580   2                  SendData(0x00);
 581   2                  SendData(0x00);
 582   2                  SendData(0x00);
 583   2                  break;
 584   2      
 585   2             case 22:
 586   2                  SendData(0x00);
 587   2                  SendData(0x00);
 588   2                  SendData(0x12);
 589   2                  SendData(0x0b);
 590   2                  SendData(0x00);
 591   2                  SendData(0x00);
 592   2                  SendData(0x00);
 593   2                  SendData(0x00);
 594   2                  break;
 595   2      
 596   2             case 23:
 597   2                  SendData(0x01);
 598   2                  SendData(0x00);
 599   2                  SendData(0x01);
 600   2                  SendData(0x07);
 601   2                  SendData(0x00);
 602   2                  SendData(0x00);
 603   2                  SendData(0x00);
 604   2                  SendData(0x00);
 605   2      
 606   2                  SendData(0x00);
 607   2                  SendData(0x00);
 608   2                  SendData(0x05);
 609   2                  SendData(0x00);
 610   2                  SendData(0x00);
 611   2                  SendData(0x00);
 612   2                  SendData(0x00);
 613   2                  SendData(0x00);
C51 COMPILER V9.52.0.0   INDY                                                              06/08/2016 09:44:05 PAGE 11  

 614   2                  break;
 615   2      
 616   2              case 24:
 617   2                  /*
 618   2                  SendData(0x01);
 619   2                  SendData(0x00);
 620   2                  SendData(0x04);
 621   2                  SendData(0x07);
 622   2                  SendData(0x00);
 623   2                  SendData(0x00);
 624   2                  SendData(0x00);
 625   2                  SendData(0x00);
 626   2      
 627   2                  SendData(0x01);
 628   2                  SendData(0x00);
 629   2                  SendData(0x05);
 630   2                  SendData(0x07);
 631   2                  SendData(0xD0);
 632   2                  SendData(0x07);
 633   2                  SendData(0x00);
 634   2                  SendData(0x00);
 635   2      
 636   2                  SendData(0x01);
 637   2                  SendData(0x00);
 638   2                  SendData(0x06);
 639   2                  SendData(0x07);         // power
 640   2                  SendData(0xDC);//220 --> 22DB   //
 641   2                  SendData(0x00);
 642   2                  SendData(0x00);
 643   2                  SendData(0x00);
 644   2      
 645   2                  SendData(0x01);
 646   2                  SendData(0x00);
 647   2                  SendData(0x07);
 648   2                  SendData(0x07);
 649   2                  SendData(0x00);
 650   2                  SendData(0x20);
 651   2                  SendData(0x00);
 652   2                  SendData(0x00);
 653   2      
 654   2                  SendData(0x01);
 655   2                  SendData(0x00);
 656   2                  SendData(0x12);
 657   2                  SendData(0x0B);
 658   2                  SendData(0xff);
 659   2                  SendData(0xFF);
 660   2                  SendData(0x0f);
 661   2                  SendData(0x00);
 662   2                  */
 663   2                  break;
 664   2      
 665   2              ////870:01 00 0A 01 70 46 0D 00
 666   2                  //880:01 00 0A 01 80 6D 0D 00
 667   2                  //885:01 00 0A 01 08 81 0D 00
 668   2      
 669   2       // -------------------------  15 - 24 : com set power -------------------------
 670   2              case 25:
 671   2                  SendData(0x01);
 672   2                  SendData(0x00);
 673   2                  SendData(0x0A);
 674   2                  SendData(0x01);
 675   2                  SendData(0xF8);
C51 COMPILER V9.52.0.0   INDY                                                              06/08/2016 09:44:05 PAGE 12  

 676   2                  SendData(0x59);//59 0D :875
 677   2                  SendData(0x0d);
 678   2                  SendData(0x00);
 679   2      
 680   2                  SendData(0x00);
 681   2                  SendData(0x00);
 682   2                  SendData(0x05);
 683   2                  SendData(0x00);
 684   2                  SendData(0x00);
 685   2                  SendData(0x00);
 686   2                  SendData(0x00);
 687   2                  SendData(0x00);
 688   2                  break;
 689   2      
 690   2              case 26:
 691   2                  SendData(0x00);
 692   2                  SendData(0x00);
 693   2                  SendData(0x05);
 694   2                  SendData(0x00);
 695   2                  SendData(0x00);
 696   2                  SendData(0x00);
 697   2                  SendData(0x00);
 698   2                  SendData(0x00);
 699   2                  break;
 700   2      
 701   2             case 27:
 702   2                  SendData(0x00);
 703   2                  SendData(0x00);
 704   2                  SendData(0x06);
 705   2                  SendData(0x00);
 706   2                  SendData(0x00);
 707   2                  SendData(0x00);
 708   2                  SendData(0x00);
 709   2                  SendData(0x00);
 710   2                  break;
 711   2      
 712   2             case 28:
 713   2                  SendData(0x01);
 714   2                  SendData(0x00);
 715   2                  SendData(0x08);
 716   2                  SendData(0x01);
 717   2                  SendData(0x01);
 718   2                  SendData(0x01);
 719   2                  SendData(0x00);
 720   2                  SendData(0x00);
 721   2      
 722   2                  SendData(0x00);
 723   2                  SendData(0x00);
 724   2                  SendData(0x05);
 725   2                  SendData(0x00);
 726   2                  SendData(0x00);
 727   2                  SendData(0x00);
 728   2                  SendData(0x00);
 729   2                  SendData(0x00);
 730   2                  break;
 731   2      
 732   2              case 29:
 733   2                  SendData(0x00);
 734   2                  SendData(0x00);
 735   2                  SendData(0x05);
 736   2                  SendData(0x00);
 737   2                  SendData(0x00);
C51 COMPILER V9.52.0.0   INDY                                                              06/08/2016 09:44:05 PAGE 13  

 738   2                  SendData(0x00);
 739   2                  SendData(0x00);
 740   2                  SendData(0x00);
 741   2                  break;
 742   2      
 743   2             case 30:
 744   2                  SendData(0x00);
 745   2                  SendData(0x00);
 746   2                  SendData(0x06);
 747   2                  SendData(0x00);
 748   2                  SendData(0x00);
 749   2                  SendData(0x00);
 750   2                  SendData(0x00);
 751   2                  SendData(0x00);
 752   2                  break;
 753   2      
 754   2             case 31:
 755   2                  SendData(0x01);
 756   2                  SendData(0x00);
 757   2                  SendData(0x00);
 758   2                  SendData(0xf0);
 759   2                  SendData(0x27);
 760   2                  SendData(0x00);
 761   2                  SendData(0x00);
 762   2                  SendData(0x00);
 763   2                  break;        
 764   2              case 32:
 765   2                  SendData(0x00);
 766   2                  SendData(0x00);
 767   2                  SendData(0x05);
 768   2                  SendData(0x00);
 769   2                  SendData(0x00);
 770   2                  SendData(0x00);
 771   2                  SendData(0x00);
 772   2                  SendData(0x00);
 773   2                  break;
 774   2      
 775   2             case 33:
 776   2                  SendData(0x00);
 777   2                  SendData(0x00);
 778   2                  SendData(0x06);
 779   2                  SendData(0x00);
 780   2                  SendData(0x00);
 781   2                  SendData(0x00);
 782   2                  SendData(0x00);
 783   2                  SendData(0x00);
 784   2                  break;
 785   2      // -------------------- 25 - 33 : set frequent ----------------------
 786   2          case 34:
 787   2          SendData(0x01); SendData(0x00); SendData(0x01); SendData(0x0c); SendData(0x00); SendData(0x00); SendData
             -(0x00); SendData(0x00);
 788   2              SendData(0x01); SendData(0x00); SendData(0x02); SendData(0x0c); SendData(0x01); SendData(0x00); Se
             -ndData(0x00); SendData(0x00);
 789   2            SendData(0x01); SendData(0x00); SendData(0x03); SendData(0x0c); SendData(0x70); SendData(0x0d); SendD
             -ata(0x18); SendData(0x00);
 790   2          SendData(0x01); SendData(0x00); SendData(0x04); SendData(0x0c); SendData(0x00); SendData(0x01); SendData
             -(0x07); SendData(0x14);
 791   2      
 792   2          SendData(0x01); SendData(0x00); SendData(0x01); SendData(0x0c); SendData(0x01); SendData(0x00); SendData
             -(0x00); SendData(0x00);
 793   2              SendData(0x01); SendData(0x00); SendData(0x02); SendData(0x0c); SendData(0x01); SendData(0x00); Se
             -ndData(0x00); SendData(0x00);
C51 COMPILER V9.52.0.0   INDY                                                              06/08/2016 09:44:05 PAGE 14  

 794   2            SendData(0x01); SendData(0x00); SendData(0x03); SendData(0x0c); SendData(0x84); SendData(0x0d); SendD
             -ata(0x18); SendData(0x00);
 795   2          SendData(0x01); SendData(0x00); SendData(0x04); SendData(0x0c); SendData(0x00); SendData(0x01); SendData
             -(0x07); SendData(0x14);
 796   2          
 797   2          SendData(0x01); SendData(0x00); SendData(0x01); SendData(0x0c); SendData(0x02); SendData(0x00); SendData
             -(0x00); SendData(0x00);
 798   2              SendData(0x01); SendData(0x00); SendData(0x02); SendData(0x0c); SendData(0x01); SendData(0x00); Se
             -ndData(0x00); SendData(0x00);
 799   2            SendData(0x01); SendData(0x00); SendData(0x03); SendData(0x0c); SendData(0x98); SendData(0x0d); SendD
             -ata(0x18); SendData(0x00);
 800   2          SendData(0x01); SendData(0x00); SendData(0x04); SendData(0x0c); SendData(0x00); SendData(0x01); SendData
             -(0x07); SendData(0x14); 
 801   2      
 802   2          SendData(0x01); SendData(0x00); SendData(0x01); SendData(0x0c); SendData(0x03); SendData(0x00); SendData
             -(0x00); SendData(0x00);
 803   2              SendData(0x01); SendData(0x00); SendData(0x02); SendData(0x0c); SendData(0x01); SendData(0x00); Se
             -ndData(0x00); SendData(0x00);
 804   2            SendData(0x01); SendData(0x00); SendData(0x03); SendData(0x0c); SendData(0xac); SendData(0x0d); SendD
             -ata(0x18); SendData(0x00);
 805   2          SendData(0x01); SendData(0x00); SendData(0x04); SendData(0x0c); SendData(0x00); SendData(0x01); SendData
             -(0x07); SendData(0x14);
 806   2      
 807   2          SendData(0x01); SendData(0x00); SendData(0x01); SendData(0x0c); SendData(0x04); SendData(0x00); SendData
             -(0x00); SendData(0x00);
 808   2              SendData(0x01); SendData(0x00); SendData(0x02); SendData(0x0c); SendData(0x01); SendData(0x00); Se
             -ndData(0x00); SendData(0x00);
 809   2            SendData(0x01); SendData(0x00); SendData(0x03); SendData(0x0c); SendData(0xc0); SendData(0x0d); SendD
             -ata(0x18); SendData(0x00);
 810   2          SendData(0x01); SendData(0x00); SendData(0x04); SendData(0x0c); SendData(0x00); SendData(0x01); SendData
             -(0x07); SendData(0x14);
 811   2      
 812   2          SendData(0x01); SendData(0x00); SendData(0x01); SendData(0x0c); SendData(0x05); SendData(0x00); SendData
             -(0x00); SendData(0x00);
 813   2              SendData(0x01); SendData(0x00); SendData(0x02); SendData(0x0c); SendData(0x01); SendData(0x00); Se
             -ndData(0x00); SendData(0x00);
 814   2            SendData(0x01); SendData(0x00); SendData(0x03); SendData(0x0c); SendData(0xd4); SendData(0x0d); SendD
             -ata(0x18); SendData(0x00);
 815   2          SendData(0x01); SendData(0x00); SendData(0x04); SendData(0x0c); SendData(0x00); SendData(0x01); SendData
             -(0x07); SendData(0x14);
 816   2          
 817   2          SendData(0x01); SendData(0x00); SendData(0x01); SendData(0x0c); SendData(0x06); SendData(0x00); SendData
             -(0x00); SendData(0x00);
 818   2              SendData(0x01); SendData(0x00); SendData(0x02); SendData(0x0c); SendData(0x01); SendData(0x00); Se
             -ndData(0x00); SendData(0x00);
 819   2            SendData(0x01); SendData(0x00); SendData(0x03); SendData(0x0c); SendData(0xe8); SendData(0x0d); SendD
             -ata(0x18); SendData(0x00);
 820   2          SendData(0x01); SendData(0x00); SendData(0x04); SendData(0x0c); SendData(0x00); SendData(0x01); SendData
             -(0x07); SendData(0x14);
 821   2          
 822   2          SendData(0x01); SendData(0x00); SendData(0x01); SendData(0x0c); SendData(0x07); SendData(0x00); SendData
             -(0x00); SendData(0x00);
 823   2              SendData(0x01); SendData(0x00); SendData(0x02); SendData(0x0c); SendData(0x01); SendData(0x00); Se
             -ndData(0x00); SendData(0x00);
 824   2            SendData(0x01); SendData(0x00); SendData(0x03); SendData(0x0c); SendData(0xfc); SendData(0x0d); SendD
             -ata(0x18); SendData(0x00);
 825   2          SendData(0x01); SendData(0x00); SendData(0x04); SendData(0x0c); SendData(0x00); SendData(0x01); SendData
             -(0x07); SendData(0x14);
 826   2                                                
 827   2          SendData(0x01); SendData(0x00); SendData(0x01); SendData(0x0c); SendData(0x08); SendData(0x00); SendData
             -(0x00); SendData(0x00);
 828   2              SendData(0x01); SendData(0x00); SendData(0x02); SendData(0x0c); SendData(0x01); SendData(0x00); Se
C51 COMPILER V9.52.0.0   INDY                                                              06/08/2016 09:44:05 PAGE 15  

             -ndData(0x00); SendData(0x00);
 829   2            SendData(0x01); SendData(0x00); SendData(0x03); SendData(0x0c); SendData(0x10); SendData(0x0e); SendD
             -ata(0x18); SendData(0x00);
 830   2          SendData(0x01); SendData(0x00); SendData(0x04); SendData(0x0c); SendData(0x00); SendData(0x01); SendData
             -(0x07); SendData(0x14);
 831   2          
 832   2          SendData(0x01); SendData(0x00); SendData(0x01); SendData(0x0c); SendData(0x09); SendData(0x00); SendData
             -(0x00); SendData(0x00);
 833   2              SendData(0x01); SendData(0x00); SendData(0x02); SendData(0x0c); SendData(0x01); SendData(0x00); Se
             -ndData(0x00); SendData(0x00);
 834   2            SendData(0x01); SendData(0x00); SendData(0x03); SendData(0x0c); SendData(0x24); SendData(0x0e); SendD
             -ata(0x18); SendData(0x00);
 835   2          SendData(0x01); SendData(0x00); SendData(0x04); SendData(0x0c); SendData(0x00); SendData(0x01); SendData
             -(0x07); SendData(0x14);
 836   2                                                        
 837   2          SendData(0x01); SendData(0x00); SendData(0x01); SendData(0x0c); SendData(0x0a); SendData(0x00); SendData
             -(0x00); SendData(0x00);
 838   2              SendData(0x01); SendData(0x00); SendData(0x02); SendData(0x0c); SendData(0x01); SendData(0x00); Se
             -ndData(0x00); SendData(0x00);
 839   2            SendData(0x01); SendData(0x00); SendData(0x03); SendData(0x0c); SendData(0x38); SendData(0x0e); SendD
             -ata(0x18); SendData(0x00);
 840   2          SendData(0x01); SendData(0x00); SendData(0x04); SendData(0x0c); SendData(0x00); SendData(0x01); SendData
             -(0x07); SendData(0x14);
 841   2          
 842   2          SendData(0x01); SendData(0x00); SendData(0x01); SendData(0x0c); SendData(0x0b); SendData(0x00); SendData
             -(0x00); SendData(0x00);
 843   2              SendData(0x01); SendData(0x00); SendData(0x02); SendData(0x0c); SendData(0x01); SendData(0x00); Se
             -ndData(0x00); SendData(0x00);
 844   2            SendData(0x01); SendData(0x00); SendData(0x03); SendData(0x0c); SendData(0x4c); SendData(0x0e); SendD
             -ata(0x18); SendData(0x00);
 845   2          SendData(0x01); SendData(0x00); SendData(0x04); SendData(0x0c); SendData(0x00); SendData(0x01); SendData
             -(0x07); SendData(0x14);
 846   2          
 847   2          SendData(0x01); SendData(0x00); SendData(0x01); SendData(0x0c); SendData(0x0c); SendData(0x00); SendData
             -(0x00); SendData(0x00);
 848   2              SendData(0x01); SendData(0x00); SendData(0x02); SendData(0x0c); SendData(0x01); SendData(0x00); Se
             -ndData(0x00); SendData(0x00);
 849   2            SendData(0x01); SendData(0x00); SendData(0x03); SendData(0x0c); SendData(0x60); SendData(0x0e); SendD
             -ata(0x18); SendData(0x00);
 850   2          SendData(0x01); SendData(0x00); SendData(0x04); SendData(0x0c); SendData(0x00); SendData(0x01); SendData
             -(0x07); SendData(0x14);
 851   2          
 852   2          SendData(0x01); SendData(0x00); SendData(0x01); SendData(0x0c); SendData(0x0d); SendData(0x00); SendData
             -(0x00); SendData(0x00);
 853   2              SendData(0x01); SendData(0x00); SendData(0x02); SendData(0x0c); SendData(0x00); SendData(0x00); Se
             -ndData(0x00); SendData(0x00);
 854   2            SendData(0x01); SendData(0x00); SendData(0x03); SendData(0x0c); SendData(0x60); SendData(0x0e); SendD
             -ata(0x18); SendData(0x00);
 855   2          SendData(0x01); SendData(0x00); SendData(0x04); SendData(0x0c); SendData(0x00); SendData(0x01); SendData
             -(0x07); SendData(0x14);
 856   2          
 857   2          SendData(0x01); SendData(0x00); SendData(0x01); SendData(0x0c); SendData(0x0e); SendData(0x00); SendData
             -(0x00); SendData(0x00);
 858   2              SendData(0x01); SendData(0x00); SendData(0x02); SendData(0x0c); SendData(0x00); SendData(0x00); Se
             -ndData(0x00); SendData(0x00);
 859   2            SendData(0x01); SendData(0x00); SendData(0x03); SendData(0x0c); SendData(0x60); SendData(0x0e); SendD
             -ata(0x18); SendData(0x00);
 860   2          SendData(0x01); SendData(0x00); SendData(0x04); SendData(0x0c); SendData(0x00); SendData(0x01); SendData
             -(0x07); SendData(0x14);
 861   2          
 862   2          SendData(0x01); SendData(0x00); SendData(0x01); SendData(0x0c); SendData(0x0f); SendData(0x00); SendData
             -(0x00); SendData(0x00);
C51 COMPILER V9.52.0.0   INDY                                                              06/08/2016 09:44:05 PAGE 16  

 863   2              SendData(0x01); SendData(0x00); SendData(0x02); SendData(0x0c); SendData(0x00); SendData(0x00); Se
             -ndData(0x00); SendData(0x00);
 864   2            SendData(0x01); SendData(0x00); SendData(0x03); SendData(0x0c); SendData(0x60); SendData(0x0e); SendD
             -ata(0x18); SendData(0x00);
 865   2          SendData(0x01); SendData(0x00); SendData(0x04); SendData(0x0c); SendData(0x00); SendData(0x01); SendData
             -(0x07); SendData(0x14);
 866   2          
 867   2          SendData(0x01); SendData(0x00); SendData(0x01); SendData(0x0c); SendData(0x10); SendData(0x00); SendData
             -(0x00); SendData(0x00);
 868   2              SendData(0x01); SendData(0x00); SendData(0x02); SendData(0x0c); SendData(0x00); SendData(0x00); Se
             -ndData(0x00); SendData(0x00);
 869   2            SendData(0x01); SendData(0x00); SendData(0x03); SendData(0x0c); SendData(0x60); SendData(0x0e); SendD
             -ata(0x18); SendData(0x00);
 870   2          SendData(0x01); SendData(0x00); SendData(0x04); SendData(0x0c); SendData(0x00); SendData(0x01); SendData
             -(0x07); SendData(0x14);
 871   2      
 872   2          SendData(0x01); SendData(0x00); SendData(0x01); SendData(0x0c); SendData(0x11); SendData(0x00); SendData
             -(0x00); SendData(0x00);
 873   2              SendData(0x01); SendData(0x00); SendData(0x02); SendData(0x0c); SendData(0x00); SendData(0x00); Se
             -ndData(0x00); SendData(0x00);
 874   2            SendData(0x01); SendData(0x00); SendData(0x03); SendData(0x0c); SendData(0x60); SendData(0x0e); SendD
             -ata(0x18); SendData(0x00);
 875   2          SendData(0x01); SendData(0x00); SendData(0x04); SendData(0x0c); SendData(0x00); SendData(0x01); SendData
             -(0x07); SendData(0x14);
 876   2      
 877   2          SendData(0x01); SendData(0x00); SendData(0x01); SendData(0x0c); SendData(0x12); SendData(0x00); SendData
             -(0x00); SendData(0x00);
 878   2              SendData(0x01); SendData(0x00); SendData(0x02); SendData(0x0c); SendData(0x00); SendData(0x00); Se
             -ndData(0x00); SendData(0x00);
 879   2            SendData(0x01); SendData(0x00); SendData(0x03); SendData(0x0c); SendData(0x60); SendData(0x0e); SendD
             -ata(0x18); SendData(0x00);
 880   2          SendData(0x01); SendData(0x00); SendData(0x04); SendData(0x0c); SendData(0x00); SendData(0x01); SendData
             -(0x07); SendData(0x14);
 881   2      
 882   2          SendData(0x01); SendData(0x00); SendData(0x01); SendData(0x0c); SendData(0x13); SendData(0x00); SendData
             -(0x00); SendData(0x00);
 883   2              SendData(0x01); SendData(0x00); SendData(0x02); SendData(0x0c); SendData(0x00); SendData(0x00); Se
             -ndData(0x00); SendData(0x00);
 884   2            SendData(0x01); SendData(0x00); SendData(0x03); SendData(0x0c); SendData(0x60); SendData(0x0e); SendD
             -ata(0x18); SendData(0x00);
 885   2          SendData(0x01); SendData(0x00); SendData(0x04); SendData(0x0c); SendData(0x00); SendData(0x01); SendData
             -(0x07); SendData(0x14);
 886   2      
 887   2          SendData(0x01); SendData(0x00); SendData(0x01); SendData(0x0c); SendData(0x14); SendData(0x00); SendData
             -(0x00); SendData(0x00);
 888   2              SendData(0x01); SendData(0x00); SendData(0x02); SendData(0x0c); SendData(0x00); SendData(0x00); Se
             -ndData(0x00); SendData(0x00);
 889   2            SendData(0x01); SendData(0x00); SendData(0x03); SendData(0x0c); SendData(0x60); SendData(0x0e); SendD
             -ata(0x18); SendData(0x00);
 890   2          SendData(0x01); SendData(0x00); SendData(0x04); SendData(0x0c); SendData(0x00); SendData(0x01); SendData
             -(0x07); SendData(0x14);
 891   2      
 892   2          SendData(0x01); SendData(0x00); SendData(0x01); SendData(0x0c); SendData(0x15); SendData(0x00); SendData
             -(0x00); SendData(0x00);
 893   2              SendData(0x01); SendData(0x00); SendData(0x02); SendData(0x0c); SendData(0x00); SendData(0x00); Se
             -ndData(0x00); SendData(0x00);
 894   2            SendData(0x01); SendData(0x00); SendData(0x03); SendData(0x0c); SendData(0x60); SendData(0x0e); SendD
             -ata(0x18); SendData(0x00);
 895   2          SendData(0x01); SendData(0x00); SendData(0x04); SendData(0x0c); SendData(0x00); SendData(0x01); SendData
             -(0x07); SendData(0x14);
 896   2      
 897   2          SendData(0x01); SendData(0x00); SendData(0x01); SendData(0x0c); SendData(0x16); SendData(0x00); SendData
C51 COMPILER V9.52.0.0   INDY                                                              06/08/2016 09:44:05 PAGE 17  

             -(0x00); SendData(0x00);
 898   2              SendData(0x01); SendData(0x00); SendData(0x02); SendData(0x0c); SendData(0x00); SendData(0x00); Se
             -ndData(0x00); SendData(0x00);
 899   2            SendData(0x01); SendData(0x00); SendData(0x03); SendData(0x0c); SendData(0x60); SendData(0x0e); SendD
             -ata(0x18); SendData(0x00);
 900   2          SendData(0x01); SendData(0x00); SendData(0x04); SendData(0x0c); SendData(0x00); SendData(0x01); SendData
             -(0x07); SendData(0x14);
 901   2      
 902   2          SendData(0x01); SendData(0x00); SendData(0x01); SendData(0x0c); SendData(0x17); SendData(0x00); SendData
             -(0x00); SendData(0x00);
 903   2              SendData(0x01); SendData(0x00); SendData(0x02); SendData(0x0c); SendData(0x00); SendData(0x00); Se
             -ndData(0x00); SendData(0x00);
 904   2            SendData(0x01); SendData(0x00); SendData(0x03); SendData(0x0c); SendData(0x60); SendData(0x0e); SendD
             -ata(0x18); SendData(0x00);
 905   2          SendData(0x01); SendData(0x00); SendData(0x04); SendData(0x0c); SendData(0x00); SendData(0x01); SendData
             -(0x07); SendData(0x14);
 906   2      
 907   2          SendData(0x01); SendData(0x00); SendData(0x01); SendData(0x0c); SendData(0x18); SendData(0x00); SendData
             -(0x00); SendData(0x00);
 908   2              SendData(0x01); SendData(0x00); SendData(0x02); SendData(0x0c); SendData(0x00); SendData(0x00); Se
             -ndData(0x00); SendData(0x00);
 909   2            SendData(0x01); SendData(0x00); SendData(0x03); SendData(0x0c); SendData(0x60); SendData(0x0e); SendD
             -ata(0x18); SendData(0x00);
 910   2          SendData(0x01); SendData(0x00); SendData(0x04); SendData(0x0c); SendData(0x00); SendData(0x01); SendData
             -(0x07); SendData(0x14);
 911   2      
 912   2          SendData(0x01); SendData(0x00); SendData(0x01); SendData(0x0c); SendData(0x19); SendData(0x00); SendData
             -(0x00); SendData(0x00);
 913   2              SendData(0x01); SendData(0x00); SendData(0x02); SendData(0x0c); SendData(0x00); SendData(0x00); Se
             -ndData(0x00); SendData(0x00);
 914   2            SendData(0x01); SendData(0x00); SendData(0x03); SendData(0x0c); SendData(0x60); SendData(0x0e); SendD
             -ata(0x18); SendData(0x00);
 915   2          SendData(0x01); SendData(0x00); SendData(0x04); SendData(0x0c); SendData(0x00); SendData(0x01); SendData
             -(0x07); SendData(0x14);
 916   2      
 917   2          SendData(0x01); SendData(0x00); SendData(0x01); SendData(0x0c); SendData(0x1a); SendData(0x00); SendData
             -(0x00); SendData(0x00);
 918   2              SendData(0x01); SendData(0x00); SendData(0x02); SendData(0x0c); SendData(0x00); SendData(0x00); Se
             -ndData(0x00); SendData(0x00);
 919   2            SendData(0x01); SendData(0x00); SendData(0x03); SendData(0x0c); SendData(0x60); SendData(0x0e); SendD
             -ata(0x18); SendData(0x00);
 920   2          SendData(0x01); SendData(0x00); SendData(0x04); SendData(0x0c); SendData(0x00); SendData(0x01); SendData
             -(0x07); SendData(0x14);
 921   2      
 922   2          SendData(0x01); SendData(0x00); SendData(0x01); SendData(0x0c); SendData(0x1b); SendData(0x00); SendData
             -(0x00); SendData(0x00);
 923   2              SendData(0x01); SendData(0x00); SendData(0x02); SendData(0x0c); SendData(0x00); SendData(0x00); Se
             -ndData(0x00); SendData(0x00);
 924   2            SendData(0x01); SendData(0x00); SendData(0x03); SendData(0x0c); SendData(0x60); SendData(0x0e); SendD
             -ata(0x18); SendData(0x00);
 925   2          SendData(0x01); SendData(0x00); SendData(0x04); SendData(0x0c); SendData(0x00); SendData(0x01); SendData
             -(0x07); SendData(0x14);
 926   2      
 927   2          SendData(0x01); SendData(0x00); SendData(0x01); SendData(0x0c); SendData(0x1c); SendData(0x00); SendData
             -(0x00); SendData(0x00);
 928   2              SendData(0x01); SendData(0x00); SendData(0x02); SendData(0x0c); SendData(0x00); SendData(0x00); Se
             -ndData(0x00); SendData(0x00);
 929   2            SendData(0x01); SendData(0x00); SendData(0x03); SendData(0x0c); SendData(0x60); SendData(0x0e); SendD
             -ata(0x18); SendData(0x00);
 930   2          SendData(0x01); SendData(0x00); SendData(0x04); SendData(0x0c); SendData(0x00); SendData(0x01); SendData
             -(0x07); SendData(0x14);
 931   2      
C51 COMPILER V9.52.0.0   INDY                                                              06/08/2016 09:44:05 PAGE 18  

 932   2          SendData(0x01); SendData(0x00); SendData(0x01); SendData(0x0c); SendData(0x1d); SendData(0x00); SendData
             -(0x00); SendData(0x00);
 933   2              SendData(0x01); SendData(0x00); SendData(0x02); SendData(0x0c); SendData(0x00); SendData(0x00); Se
             -ndData(0x00); SendData(0x00);
 934   2            SendData(0x01); SendData(0x00); SendData(0x03); SendData(0x0c); SendData(0x60); SendData(0x0e); SendD
             -ata(0x18); SendData(0x00);
 935   2          SendData(0x01); SendData(0x00); SendData(0x04); SendData(0x0c); SendData(0x00); SendData(0x01); SendData
             -(0x07); SendData(0x14);
 936   2      
 937   2          SendData(0x01); SendData(0x00); SendData(0x01); SendData(0x0c); SendData(0x1e); SendData(0x00); SendData
             -(0x00); SendData(0x00);
 938   2              SendData(0x01); SendData(0x00); SendData(0x02); SendData(0x0c); SendData(0x00); SendData(0x00); Se
             -ndData(0x00); SendData(0x00);
 939   2            SendData(0x01); SendData(0x00); SendData(0x03); SendData(0x0c); SendData(0x60); SendData(0x0e); SendD
             -ata(0x18); SendData(0x00);
 940   2          SendData(0x01); SendData(0x00); SendData(0x04); SendData(0x0c); SendData(0x00); SendData(0x01); SendData
             -(0x07); SendData(0x14);
 941   2      
 942   2          SendData(0x01); SendData(0x00); SendData(0x01); SendData(0x0c); SendData(0x1f); SendData(0x00); SendData
             -(0x00); SendData(0x00);
 943   2              SendData(0x01); SendData(0x00); SendData(0x02); SendData(0x0c); SendData(0x00); SendData(0x00); Se
             -ndData(0x00); SendData(0x00);
 944   2            SendData(0x01); SendData(0x00); SendData(0x03); SendData(0x0c); SendData(0x60); SendData(0x0e); SendD
             -ata(0x18); SendData(0x00);
 945   2          SendData(0x01); SendData(0x00); SendData(0x04); SendData(0x0c); SendData(0x00); SendData(0x01); SendData
             -(0x07); SendData(0x14);
 946   2      
 947   2          SendData(0x01); SendData(0x00); SendData(0x01); SendData(0x0c); SendData(0x20); SendData(0x00); SendData
             -(0x00); SendData(0x00);
 948   2              SendData(0x01); SendData(0x00); SendData(0x02); SendData(0x0c); SendData(0x00); SendData(0x00); Se
             -ndData(0x00); SendData(0x00);
 949   2            SendData(0x01); SendData(0x00); SendData(0x03); SendData(0x0c); SendData(0x60); SendData(0x0e); SendD
             -ata(0x18); SendData(0x00);
 950   2          SendData(0x01); SendData(0x00); SendData(0x04); SendData(0x0c); SendData(0x00); SendData(0x01); SendData
             -(0x07); SendData(0x14);
 951   2      
 952   2          SendData(0x01); SendData(0x00); SendData(0x01); SendData(0x0c); SendData(0x21); SendData(0x00); SendData
             -(0x00); SendData(0x00);
 953   2              SendData(0x01); SendData(0x00); SendData(0x02); SendData(0x0c); SendData(0x00); SendData(0x00); Se
             -ndData(0x00); SendData(0x00);
 954   2            SendData(0x01); SendData(0x00); SendData(0x03); SendData(0x0c); SendData(0x60); SendData(0x0e); SendD
             -ata(0x18); SendData(0x00);
 955   2          SendData(0x01); SendData(0x00); SendData(0x04); SendData(0x0c); SendData(0x00); SendData(0x01); SendData
             -(0x07); SendData(0x14);
 956   2      
 957   2          SendData(0x01); SendData(0x00); SendData(0x01); SendData(0x0c); SendData(0x22); SendData(0x00); SendData
             -(0x00); SendData(0x00);
 958   2              SendData(0x01); SendData(0x00); SendData(0x02); SendData(0x0c); SendData(0x00); SendData(0x00); Se
             -ndData(0x00); SendData(0x00);
 959   2            SendData(0x01); SendData(0x00); SendData(0x03); SendData(0x0c); SendData(0x60); SendData(0x0e); SendD
             -ata(0x18); SendData(0x00);
 960   2          SendData(0x01); SendData(0x00); SendData(0x04); SendData(0x0c); SendData(0x00); SendData(0x01); SendData
             -(0x07); SendData(0x14);
 961   2      
 962   2          SendData(0x01); SendData(0x00); SendData(0x01); SendData(0x0c); SendData(0x23); SendData(0x00); SendData
             -(0x00); SendData(0x00);
 963   2              SendData(0x01); SendData(0x00); SendData(0x02); SendData(0x0c); SendData(0x00); SendData(0x00); Se
             -ndData(0x00); SendData(0x00);
 964   2            SendData(0x01); SendData(0x00); SendData(0x03); SendData(0x0c); SendData(0x60); SendData(0x0e); SendD
             -ata(0x18); SendData(0x00);
 965   2          SendData(0x01); SendData(0x00); SendData(0x04); SendData(0x0c); SendData(0x00); SendData(0x01); SendData
             -(0x07); SendData(0x14);
C51 COMPILER V9.52.0.0   INDY                                                              06/08/2016 09:44:05 PAGE 19  

 966   2      
 967   2          SendData(0x01); SendData(0x00); SendData(0x01); SendData(0x0c); SendData(0x24); SendData(0x00); SendData
             -(0x00); SendData(0x00);
 968   2              SendData(0x01); SendData(0x00); SendData(0x02); SendData(0x0c); SendData(0x00); SendData(0x00); Se
             -ndData(0x00); SendData(0x00);
 969   2            SendData(0x01); SendData(0x00); SendData(0x03); SendData(0x0c); SendData(0x60); SendData(0x0e); SendD
             -ata(0x18); SendData(0x00);
 970   2          SendData(0x01); SendData(0x00); SendData(0x04); SendData(0x0c); SendData(0x00); SendData(0x01); SendData
             -(0x07); SendData(0x14);
 971   2      
 972   2          SendData(0x01); SendData(0x00); SendData(0x01); SendData(0x0c); SendData(0x25); SendData(0x00); SendData
             -(0x00); SendData(0x00);
 973   2              SendData(0x01); SendData(0x00); SendData(0x02); SendData(0x0c); SendData(0x00); SendData(0x00); Se
             -ndData(0x00); SendData(0x00);
 974   2            SendData(0x01); SendData(0x00); SendData(0x03); SendData(0x0c); SendData(0x60); SendData(0x0e); SendD
             -ata(0x18); SendData(0x00);
 975   2          SendData(0x01); SendData(0x00); SendData(0x04); SendData(0x0c); SendData(0x00); SendData(0x01); SendData
             -(0x07); SendData(0x14);
 976   2      
 977   2          SendData(0x01); SendData(0x00); SendData(0x01); SendData(0x0c); SendData(0x26); SendData(0x00); SendData
             -(0x00); SendData(0x00);
 978   2              SendData(0x01); SendData(0x00); SendData(0x02); SendData(0x0c); SendData(0x00); SendData(0x00); Se
             -ndData(0x00); SendData(0x00);
 979   2            SendData(0x01); SendData(0x00); SendData(0x03); SendData(0x0c); SendData(0x60); SendData(0x0e); SendD
             -ata(0x18); SendData(0x00);
 980   2          SendData(0x01); SendData(0x00); SendData(0x04); SendData(0x0c); SendData(0x00); SendData(0x01); SendData
             -(0x07); SendData(0x14);
 981   2      
 982   2          SendData(0x01); SendData(0x00); SendData(0x01); SendData(0x0c); SendData(0x27); SendData(0x00); SendData
             -(0x00); SendData(0x00);
 983   2              SendData(0x01); SendData(0x00); SendData(0x02); SendData(0x0c); SendData(0x00); SendData(0x00); Se
             -ndData(0x00); SendData(0x00);
 984   2            SendData(0x01); SendData(0x00); SendData(0x03); SendData(0x0c); SendData(0x60); SendData(0x0e); SendD
             -ata(0x18); SendData(0x00);
 985   2          SendData(0x01); SendData(0x00); SendData(0x04); SendData(0x0c); SendData(0x00); SendData(0x01); SendData
             -(0x07); SendData(0x14);
 986   2      
 987   2          SendData(0x01); SendData(0x00); SendData(0x01); SendData(0x0c); SendData(0x28); SendData(0x00); SendData
             -(0x00); SendData(0x00);
 988   2              SendData(0x01); SendData(0x00); SendData(0x02); SendData(0x0c); SendData(0x00); SendData(0x00); Se
             -ndData(0x00); SendData(0x00);
 989   2            SendData(0x01); SendData(0x00); SendData(0x03); SendData(0x0c); SendData(0x60); SendData(0x0e); SendD
             -ata(0x18); SendData(0x00);
 990   2          SendData(0x01); SendData(0x00); SendData(0x04); SendData(0x0c); SendData(0x00); SendData(0x01); SendData
             -(0x07); SendData(0x14);
 991   2      
 992   2          SendData(0x01); SendData(0x00); SendData(0x01); SendData(0x0c); SendData(0x29); SendData(0x00); SendData
             -(0x00); SendData(0x00);
 993   2              SendData(0x01); SendData(0x00); SendData(0x02); SendData(0x0c); SendData(0x00); SendData(0x00); Se
             -ndData(0x00); SendData(0x00);
 994   2            SendData(0x01); SendData(0x00); SendData(0x03); SendData(0x0c); SendData(0x60); SendData(0x0e); SendD
             -ata(0x18); SendData(0x00);
 995   2          SendData(0x01); SendData(0x00); SendData(0x04); SendData(0x0c); SendData(0x00); SendData(0x01); SendData
             -(0x07); SendData(0x14);
 996   2      
 997   2          SendData(0x01); SendData(0x00); SendData(0x01); SendData(0x0c); SendData(0x2a); SendData(0x00); SendData
             -(0x00); SendData(0x00);
 998   2              SendData(0x01); SendData(0x00); SendData(0x02); SendData(0x0c); SendData(0x00); SendData(0x00); Se
             -ndData(0x00); SendData(0x00);
 999   2            SendData(0x01); SendData(0x00); SendData(0x03); SendData(0x0c); SendData(0x60); SendData(0x0e); SendD
             -ata(0x18); SendData(0x00);
1000   2          SendData(0x01); SendData(0x00); SendData(0x04); SendData(0x0c); SendData(0x00); SendData(0x01); SendData
C51 COMPILER V9.52.0.0   INDY                                                              06/08/2016 09:44:05 PAGE 20  

             -(0x07); SendData(0x14);
1001   2      
1002   2          SendData(0x01); SendData(0x00); SendData(0x01); SendData(0x0c); SendData(0x2b); SendData(0x00); SendData
             -(0x00); SendData(0x00);
1003   2              SendData(0x01); SendData(0x00); SendData(0x02); SendData(0x0c); SendData(0x00); SendData(0x00); Se
             -ndData(0x00); SendData(0x00);
1004   2            SendData(0x01); SendData(0x00); SendData(0x03); SendData(0x0c); SendData(0x60); SendData(0x0e); SendD
             -ata(0x18); SendData(0x00);
1005   2          SendData(0x01); SendData(0x00); SendData(0x04); SendData(0x0c); SendData(0x00); SendData(0x01); SendData
             -(0x07); SendData(0x14);
1006   2      
1007   2          SendData(0x01); SendData(0x00); SendData(0x01); SendData(0x0c); SendData(0x2c); SendData(0x00); SendData
             -(0x00); SendData(0x00);
1008   2              SendData(0x01); SendData(0x00); SendData(0x02); SendData(0x0c); SendData(0x00); SendData(0x00); Se
             -ndData(0x00); SendData(0x00);
1009   2            SendData(0x01); SendData(0x00); SendData(0x03); SendData(0x0c); SendData(0x60); SendData(0x0e); SendD
             -ata(0x18); SendData(0x00);
1010   2          SendData(0x01); SendData(0x00); SendData(0x04); SendData(0x0c); SendData(0x00); SendData(0x01); SendData
             -(0x07); SendData(0x14);
1011   2      
1012   2          SendData(0x01); SendData(0x00); SendData(0x01); SendData(0x0c); SendData(0x2d); SendData(0x00); SendData
             -(0x00); SendData(0x00);
1013   2              SendData(0x01); SendData(0x00); SendData(0x02); SendData(0x0c); SendData(0x00); SendData(0x00); Se
             -ndData(0x00); SendData(0x00);
1014   2            SendData(0x01); SendData(0x00); SendData(0x03); SendData(0x0c); SendData(0x60); SendData(0x0e); SendD
             -ata(0x18); SendData(0x00);
1015   2          SendData(0x01); SendData(0x00); SendData(0x04); SendData(0x0c); SendData(0x00); SendData(0x01); SendData
             -(0x07); SendData(0x14);
1016   2      
1017   2          SendData(0x01); SendData(0x00); SendData(0x01); SendData(0x0c); SendData(0x2e); SendData(0x00); SendData
             -(0x00); SendData(0x00);
1018   2              SendData(0x01); SendData(0x00); SendData(0x02); SendData(0x0c); SendData(0x00); SendData(0x00); Se
             -ndData(0x00); SendData(0x00);
1019   2            SendData(0x01); SendData(0x00); SendData(0x03); SendData(0x0c); SendData(0x60); SendData(0x0e); SendD
             -ata(0x18); SendData(0x00);
1020   2          SendData(0x01); SendData(0x00); SendData(0x04); SendData(0x0c); SendData(0x00); SendData(0x01); SendData
             -(0x07); SendData(0x14);
1021   2      
1022   2          SendData(0x01); SendData(0x00); SendData(0x01); SendData(0x0c); SendData(0x2f); SendData(0x00); SendData
             -(0x00); SendData(0x00);
1023   2              SendData(0x01); SendData(0x00); SendData(0x02); SendData(0x0c); SendData(0x00); SendData(0x00); Se
             -ndData(0x00); SendData(0x00);
1024   2            SendData(0x01); SendData(0x00); SendData(0x03); SendData(0x0c); SendData(0x60); SendData(0x0e); SendD
             -ata(0x18); SendData(0x00);
1025   2          SendData(0x01); SendData(0x00); SendData(0x04); SendData(0x0c); SendData(0x00); SendData(0x01); SendData
             -(0x07); SendData(0x14);
1026   2      
1027   2          SendData(0x01); SendData(0x00); SendData(0x01); SendData(0x0c); SendData(0x30); SendData(0x00); SendData
             -(0x00); SendData(0x00);
1028   2              SendData(0x01); SendData(0x00); SendData(0x02); SendData(0x0c); SendData(0x00); SendData(0x00); Se
             -ndData(0x00); SendData(0x00);
1029   2            SendData(0x01); SendData(0x00); SendData(0x03); SendData(0x0c); SendData(0x60); SendData(0x0e); SendD
             -ata(0x18); SendData(0x00);
1030   2          SendData(0x01); SendData(0x00); SendData(0x04); SendData(0x0c); SendData(0x00); SendData(0x01); SendData
             -(0x07); SendData(0x14);
1031   2      
1032   2          SendData(0x01); SendData(0x00); SendData(0x01); SendData(0x0c); SendData(0x31); SendData(0x00); SendData
             -(0x00); SendData(0x00);
1033   2              SendData(0x01); SendData(0x00); SendData(0x02); SendData(0x0c); SendData(0x00); SendData(0x00); Se
             -ndData(0x00); SendData(0x00);
1034   2            SendData(0x01); SendData(0x00); SendData(0x03); SendData(0x0c); SendData(0x60); SendData(0x0e); SendD
             -ata(0x18); SendData(0x00);
C51 COMPILER V9.52.0.0   INDY                                                              06/08/2016 09:44:05 PAGE 21  

1035   2          SendData(0x01); SendData(0x00); SendData(0x04); SendData(0x0c); SendData(0x00); SendData(0x01); SendData
             -(0x07); SendData(0x14);
1036   2              
1037   2          break;
1038   2      
1039   2          // ----------------------^^^^^^^^^ channel set  ^^^^^^^^^^^^^^--------------
1040   2          default:
1041   2                  break;
1042   2          }
1043   1      
1044   1      }
1045          
1046          char index_r_check(char id)
1047          {
1048   1          char i;
1049   1      
1050   1           xdata char  index_r1_num = 36;
1051   1           xdata char   index_r1[]= {0x24 ,0x03 ,0x49 ,0x00 ,0x6D ,0x00 ,0x70 ,0x00 ,0x69 ,0x00 ,0x6E ,0x00 ,0x6
             -A ,0x00 ,0x53 ,0x00 ,0x65 ,0x00 ,0x72 ,0x00 ,0x69 ,0x00 ,0x61 ,0x00 ,0x6C ,0x00 ,0x4E ,0x00 ,0x75 ,0x00 ,0x6D ,0x00 ,0x3
             -0 ,0x00 ,0x31 ,0x00};
1052   1           xdata char  index_r2_num = 8;
1053   1           xdata char  index_r2[]= {0x40 ,0x03 ,0xBF ,0xFC ,0xBF ,0xFC ,0xBF ,0xFC };
1054   1           xdata char  index_r3_num = 8;
1055   1           xdata char  index_r3[]= {0x00 ,0x00 ,0x01 ,0x00 ,0x12 ,0x00 ,0x21 ,0x00};
1056   1           xdata char  index_r4_num = 8;
1057   1           xdata char  index_r4[]= {0x00  ,0x00  ,0x10  ,0x00  ,0x00  ,0x00  ,0x00  ,0x00};
1058   1           xdata char  index_r5_num = 8;
1059   1           xdata char  index_r5[]= {0x00  ,0x00  ,0x05  ,0x00  ,0x00  ,0x00  ,0x00  ,0x00};
1060   1           
1061   1           xdata char  index_r6_num = 8;
1062   1           xdata char  index_r6[]= {0x00  ,0x00  ,0x06  ,0x00  ,0x00  ,0x00  ,0x00  ,0x00};
1063   1           
1064   1           xdata char  index_r7_num = 8;
1065   1           xdata char  index_r7[]= {0x00  ,0x00  ,0x10  ,0x00  ,0x00  ,0x00  ,0x00  ,0x00};
1066   1           
1067   1           xdata char  index_r8_num = 8;
1068   1           xdata char  index_r8[]= {0x00  ,0x00  ,0x11  ,0x00  ,0x88  ,0xE1  ,0xF3  ,0xC0};
1069   1           
1070   1           xdata char  index_r9_num = 8;
1071   1           xdata char  index_r9[]= {0x00  ,0x00  ,0x00  ,0x00  ,0xF0  ,0x00  ,0x06  ,0x02};
1072   1           
1073   1           xdata char  index_r10_num = 8;
1074   1           xdata char  index_r10[]= {0x00  ,0x00  ,0x01  ,0x00  ,0x12  ,0x00  ,0x21  ,0x00};
1075   1           
1076   1           xdata char  index_r11_num = 8;
1077   1           xdata char  index_r11[]= {0x00  ,0x00  ,0x02  ,0x00  ,0xA0  ,0x00  ,0xA0  ,0x02};
1078   1           
1079   1           xdata char  index_r12_num = 8;
1080   1           xdata char  index_r12[]= {0x00  ,0x00  ,0x00  ,0x03  ,0x00  ,0x00  ,0x00  ,0x00};
1081   1           
1082   1           xdata char  index_r13_num = 8;
1083   1           xdata char  index_r13[]= {0x00  ,0x00  ,0x02  ,0x00  ,0xA0  ,0x00  ,0xA0  ,0x02};
1084   1           
1085   1           xdata char  index_r14_num = 8;
1086   1           xdata char  index_r14[]= {0x00  ,0x00  ,0x61  ,0x1B  ,0x02  ,0x06  ,0x00  ,0x00};
1087   1           
1088   1           xdata char  index_r15_num = 8;
1089   1           xdata char  index_r15[]= {0x00 ,0x00 ,0x05 ,0x00 ,0x00 ,0x00 ,0x00 ,0x00};
1090   1           
1091   1           xdata char  index_r16_num = 8;
1092   1           xdata char  index_r16[]= {0x00 ,0x00 ,0x02 ,0x07 ,0x01 ,0x00 ,0x00 ,0x00};
1093   1           
C51 COMPILER V9.52.0.0   INDY                                                              06/08/2016 09:44:05 PAGE 22  

1094   1           xdata char  index_r17_num = 8;
1095   1           xdata char  index_r17[]= {0x00 ,0x00 ,0x05 ,0x00 ,0x00 ,0x00 ,0x00 ,0x00};
1096   1           
1097   1           xdata char  index_r18_num = 8;
1098   1           xdata char  index_r18[]= {0x00 ,0x00 ,0x04 ,0x07 ,0x00 ,0x00 ,0x00 ,0x00};
1099   1           
1100   1           xdata char  index_r19_num = 8;
1101   1           xdata char  index_r19[]= {0x00 ,0x00 ,0x05 ,0x07 ,0xD0 ,0x07 ,0x00 ,0x00};
1102   1           
1103   1           xdata char  index_r20_num = 8;
1104   1           xdata char  index_r20[]= {0x00 ,0x00 ,0x06 ,0x07 ,0xDC ,0x00 ,0x00 ,0x00};
1105   1           
1106   1           xdata char  index_r21_num = 8;
1107   1           xdata char  index_r21[]= {0x00 ,0x00 ,0x07 ,0x07 ,0x00 ,0x20 ,0x00 ,0x00};
1108   1           
1109   1           xdata char  index_r22_num = 8;
1110   1           xdata char  index_r22[]= {0x00 ,0x00 ,0x12 ,0x0B ,0xFF ,0xFF ,0x0F ,0x00};
1111   1           
1112   1           xdata char  index_r23_num = 8;
1113   1           xdata char  index_r23[]= {0x00 ,0x00 ,0x05 ,0x00 ,0x00 ,0x00 ,0x00 ,0x00};
1114   1           
1115   1           xdata char  index_r24_num = 0;
1116   1           xdata char  index_r24[]= {0};
1117   1           
1118   1           
1119   1           xdata char  index_r25_num = 8;
1120   1           xdata char  index_r25[]= {0x00 ,0x00 ,0x05 ,0x00 ,0x00 ,0x00 ,0x00 ,0x00};
1121   1           xdata char  index_r26_num = 8;
1122   1           xdata char  index_r26[]= {0x00 ,0x00 ,0x05 ,0x00 ,0x00 ,0x00 ,0x00 ,0x00};
1123   1           xdata char  index_r27_num = 8;
1124   1           xdata char  index_r27[]= {0x00 ,0x00 ,0x06 ,0x00 ,0x00 ,0x00 ,0x00 ,0x00};
1125   1           xdata char  index_r28_num = 8;
1126   1           xdata char  index_r28[]= {0x00 ,0x00 ,0x05 ,0x00 ,0x00 ,0x00 ,0x00 ,0x00};
1127   1           xdata char  index_r29_num = 8;
1128   1           xdata char  index_r29[]= {0x00 ,0x00 ,0x05 ,0x00 ,0x00 ,0x00 ,0x00 ,0x00};
1129   1           xdata char  index_r30_num = 8;
1130   1           xdata char  index_r30[]= {0x00 ,0x00 ,0x06 ,0x00 ,0x00 ,0x00 ,0x00 ,0x00};
1131   1           xdata char  index_r31_num = 32;
1132   1           xdata char  index_r31[]= {0x01 ,0x00 ,0x00 ,0x00 ,0x02 ,0x00 ,0x00 ,0x00 ,0x27 ,0x00 ,0x00 ,0x00 ,0x8
             -7 ,0x2E ,0x0D ,0x00 ,0x01 ,0x00 ,0x01 ,0x00 ,0x02 ,0x00 ,0x00 ,0x00 ,0x8F ,0x2E ,0x0D ,0x00 ,0x00 ,0x00 ,0x00 ,0x00};
1133   1           xdata char  index_r32_num = 8;
1134   1           xdata char  index_r32[]= {0x00 ,0x00 ,0x05 ,0x00 ,0x00 ,0x00 ,0x00 ,0x00};
1135   1           xdata char  index_r33_num = 8;
1136   1           xdata char  index_r33[]= {0x00 ,0x00 ,0x06 ,0x00 ,0x00 ,0x00 ,0x00 ,0x00};
1137   1           
1138   1           
1139   1      
1140   1          switch(id)
1141   1          {
1142   2              case 1:
1143   2                  for(i = 0;i<index_r1_num;i++)
1144   2                  {
1145   3                      if(rec_data[i] != index_r1[i])
1146   3                      {
1147   4                          return id;
1148   4                      }
1149   3                  }
1150   2                  break;
1151   2              case 2:
1152   2                  for(i = 0;i<index_r2_num;i++)
1153   2                  {
1154   3                      if(rec_data[i] != index_r2[i])
C51 COMPILER V9.52.0.0   INDY                                                              06/08/2016 09:44:05 PAGE 23  

1155   3                      {
1156   4                          return id;
1157   4                      }
1158   3                  }
1159   2                  break;
1160   2                  case 3:
1161   2                  for(i = 0;i<index_r3_num;i++)
1162   2                  {
1163   3                      if(rec_data[i] != index_r3[i])
1164   3                      {
1165   4                          return id;
1166   4                      }
1167   3                  }
1168   2                  break;
1169   2              case 4:
1170   2                  for(i = 0;i<index_r4_num;i++)
1171   2                  {
1172   3                      if(rec_data[i] != index_r4[i])
1173   3                      {
1174   4                          return id;
1175   4                      }
1176   3                  }
1177   2                  break;
1178   2              case 5:
1179   2                  for(i = 0;i<index_r5_num;i++)
1180   2                  {
1181   3                      if(rec_data[i] != index_r5[i])
1182   3                      {
1183   4                          return id;
1184   4                      }
1185   3                  }
1186   2                  break;
1187   2              case 6:
1188   2                  for(i = 0;i<index_r6_num;i++)
1189   2                  {
1190   3                      if(rec_data[i] != index_r6[i])
1191   3                      {
1192   4                          return id;
1193   4                      }
1194   3                  }
1195   2                  break;
1196   2      
1197   2             case 7:
1198   2                  for(i = 0;i<index_r7_num;i++)
1199   2                  {
1200   3                      if(rec_data[i] != index_r7[i])
1201   3                      {
1202   4                          return id;
1203   4                      }
1204   3                  }
1205   2                  break;
1206   2              case 8:
1207   2                  for(i = 0;i<index_r8_num;i++)
1208   2                  {
1209   3                      if(rec_data[i] != index_r8[i])
1210   3                      {
1211   4                          return id;
1212   4                      }
1213   3                  }
1214   2                  break;
1215   2              case 9:
1216   2                  for(i = 0;i<index_r9_num;i++)
C51 COMPILER V9.52.0.0   INDY                                                              06/08/2016 09:44:05 PAGE 24  

1217   2                  {
1218   3                      if(rec_data[i] != index_r9[i])
1219   3                      {
1220   4                          return id;
1221   4                      }
1222   3                  }
1223   2                  break;
1224   2              case 10:
1225   2                  for(i = 0;i<index_r10_num;i++)
1226   2                  {
1227   3                      if(rec_data[i] != index_r10[i])
1228   3                      {
1229   4                          return id;
1230   4                      }
1231   3                  }
1232   2                  break;
1233   2              case 11:
1234   2                  for(i = 0;i<index_r11_num;i++)
1235   2                  {
1236   3                      if(rec_data[i] != index_r11[i])
1237   3                      {
1238   4                          return id;
1239   4                      }
1240   3                  }
1241   2                  break;
1242   2              case 12:
1243   2                  //SendData2(0x11);
1244   2                  //for(i = 0;i < index_r12_num;i++)
1245   2                 //     SendData2(index_r12[i]);
1246   2                  for(i = 0;i<index_r12_num;i++)
1247   2                  {
1248   3                      if(rec_data[i] != index_r12[i])
1249   3                      {
1250   4                          return id;
1251   4                      }
1252   3                  }
1253   2                  break;
1254   2      
1255   2             case 13:
1256   2                  for(i = 0;i<index_r13_num;i++)
1257   2                  {
1258   3                      if(rec_data[i] != index_r13[i])
1259   3                      {
1260   4                          return id;
1261   4                      }
1262   3                  }
1263   2                  break;
1264   2              case 14:
1265   2                  for(i = 0;i<index_r14_num;i++)
1266   2                  {
1267   3                      if(rec_data[i] != index_r14[i])
1268   3                      {
1269   4                          return id;
1270   4                      }
1271   3                  }
1272   2                  break;
1273   2      
1274   2             case 15:
1275   2                  for(i = 0;i<index_r15_num;i++)
1276   2                  {
1277   3                      if(rec_data[i] != index_r15[i])
1278   3                      {
C51 COMPILER V9.52.0.0   INDY                                                              06/08/2016 09:44:05 PAGE 25  

1279   4                          return id;
1280   4                      }
1281   3                  }
1282   2                  break;
1283   2              case 16:
1284   2                  for(i = 0;i<index_r16_num;i++)
1285   2                  {
1286   3                      if(rec_data[i] != index_r16[i])
1287   3                      {
1288   4                          return id;
1289   4                      }
1290   3                  }
1291   2                  break;
1292   2      
1293   2             case 17:
1294   2                  //SendData2(0xcc);
1295   2                  //for(i = 0;i < index_r17_num;i++)
1296   2                  //    SendData2(rec_data[i]);
1297   2                  //for(i = 0;i < index_r17_num;i++)
1298   2                 //     SendData2(index_r17[i]);
1299   2                  for(i = 0;i<index_r17_num;i++)
1300   2                  {
1301   3                      if(rec_data[i] != index_r17[i])
1302   3                      {
1303   4                          //SendData2(0xbb);
1304   4                         // SendData2(i);
1305   4                          return id;
1306   4                      }
1307   3                  }
1308   2                  break;
1309   2              case 18:
1310   2                  for(i = 0;i<index_r18_num;i++)
1311   2                  {
1312   3                      if(rec_data[i] != index_r18[i])
1313   3                      {
1314   4                          return id;
1315   4                      }
1316   3                  }
1317   2                  break;
1318   2              case 19:
1319   2                  for(i = 0;i<index_r19_num;i++)
1320   2                  {
1321   3                      if(rec_data[i] != index_r19[i])
1322   3                      {
1323   4                          return id;
1324   4                      }
1325   3                  }
1326   2                  break;
1327   2              case 20:
1328   2                  
1329   2                  //for(i = 0;i<index_r20_num;i++)
1330   2                  {
1331   3                     // if(rec_data[i] != index_r20[i])
1332   3                      {
1333   4                          return 0;
1334   4                      }
1335   3                  }
1336   2                  break;
1337   2              case 21:
1338   2                  for(i = 0;i<index_r21_num;i++)
1339   2                  {
1340   3                      if(rec_data[i] != index_r21[i])
C51 COMPILER V9.52.0.0   INDY                                                              06/08/2016 09:44:05 PAGE 26  

1341   3                      {
1342   4                          return id;
1343   4                      }
1344   3                  }
1345   2                  break;
1346   2              case 22:
1347   2                  for(i = 0;i<index_r22_num;i++)
1348   2                  {
1349   3                      if(rec_data[i] != index_r22[i])
1350   3                      {
1351   4      
1352   4                          return id;
1353   4                      }
1354   3                  }
1355   2                  break;
1356   2      
1357   2             case 23:
1358   2                  for(i = 0;i<index_r23_num;i++)
1359   2                  {
1360   3                      if(rec_data[i] != index_r23[i])
1361   3                      {
1362   4                          return id;
1363   4                      }
1364   3                  }
1365   2                  break;
1366   2              case 24:
1367   2                  for(i = 0;i<index_r24_num;i++)
1368   2                  {
1369   3                      if(rec_data[i] != index_r24[i])
1370   3                      {
1371   4                          return id;
1372   4                      }
1373   3                  }
1374   2                  break;
1375   2      
1376   2              
1377   2             case 25:
1378   2                  for(i = 0;i<index_r25_num;i++)
1379   2                  {
1380   3                      if(rec_data[i] != index_r25[i])
1381   3                      {
1382   4                          return id;
1383   4                      }
1384   3                  }
1385   2                  break;
1386   2              case 26:
1387   2                  for(i = 0;i<index_r26_num;i++)
1388   2                  {
1389   3                      if(rec_data[i] != index_r26[i])
1390   3                      {
1391   4                          return id;
1392   4                      }
1393   3                  }
1394   2                  break;
1395   2      
1396   2             case 27:
1397   2                  for(i = 0;i<index_r27_num;i++)
1398   2                  {
1399   3                      if(rec_data[i] != index_r27[i])
1400   3                      {
1401   4                          return id;
1402   4                      }
C51 COMPILER V9.52.0.0   INDY                                                              06/08/2016 09:44:05 PAGE 27  

1403   3                  }
1404   2                  break;
1405   2              case 28:
1406   2                  for(i = 0;i<index_r28_num;i++)
1407   2                  {
1408   3                      if(rec_data[i] != index_r28[i])
1409   3                      {
1410   4                          return id;
1411   4                      }
1412   3                  }
1413   2                  break;
1414   2              case 29:
1415   2                  for(i = 0;i<index_r29_num;i++)
1416   2                  {
1417   3                      if(rec_data[i] != index_r29[i])
1418   3                      {
1419   4                          return id;
1420   4                      }
1421   3                  }
1422   2                  break;
1423   2              case 30:
1424   2                  for(i = 0;i<index_r30_num;i++)
1425   2                  {
1426   3                      if(rec_data[i] != index_r30[i])
1427   3                      {
1428   4                          return id;
1429   4                      }
1430   3                  }
1431   2                  break;
1432   2              case 31:
1433   2                  //for(i = 0;i<index_r31_num;i++)
1434   2                  {
1435   3                     // if(rec_data[i] != index_r31[i])
1436   3                      {
1437   4                          return 0;
1438   4                      }
1439   3                  }
1440   2                  break;
1441   2              case 32:
1442   2                  for(i = 0;i<index_r32_num;i++)
1443   2                  {
1444   3                      if(rec_data[i] != index_r32[i])
1445   3                      {
1446   4                          return id;
1447   4                      }
1448   3                  }
1449   2                  break;
1450   2      
1451   2             case 33:
1452   2                  for(i = 0;i<index_r33_num;i++)
1453   2                  {
1454   3                      if(rec_data[i] != index_r33[i])
1455   3                      {
1456   4                          return id;
1457   4                      }
1458   3                  }
1459   2                  break;
1460   2       
1461   2              default :
1462   2                  return 0;
1463   2                  break;
1464   2               
C51 COMPILER V9.52.0.0   INDY                                                              06/08/2016 09:44:05 PAGE 28  

1465   2          }
1466   1          
1467   1      
1468   1          return 0;
1469   1      }
*** WARNING C294 IN LINE 133 OF indy.c: unreachable code


MODULE INFORMATION:   STATIC OVERLAYABLE
   CODE SIZE        =  13740    ----
   CONSTANT SIZE    =    333    ----
   XDATA SIZE       =     34     412
   PDATA SIZE       =   ----    ----
   DATA SIZE        =   ----    ----
   IDATA SIZE       =   ----    ----
   BIT SIZE         =   ----       2
END OF MODULE INFORMATION.


C51 COMPILATION COMPLETE.  1 WARNING(S),  0 ERROR(S)
