C51 COMPILER V9.52.0.0   INDY                                                              06/03/2016 08:56:23 PAGE 1   


C51 COMPILER V9.52.0.0, COMPILATION OF MODULE INDY
OBJECT MODULE PLACED IN indy.OBJ
COMPILER INVOKED BY: C:\Keil\C51\BIN\C51.EXE indy.c LARGE BROWSE DEBUG OBJECTEXTEND TABS(2)

line level    source

   1          #include "indy.h"
   2          
   3          char rec_flag  =   -1;     //接收到耳标信号标志。-1没接受到。0接受到
   4          unsigned char  rec_flag_cnt = 0;   //接收到耳标信息计数。如果接收到一次，则认为读取正常。
   5          xdata   UART2_BODY  uart2_body;
   6                    
   7          void write_mac_register(uint16 addr,uint16 w_data,uint16 w_data_l)
   8          {
   9   1      
  10   1          SendData(0x01);
  11   1          SendData(0x00);
  12   1          SendData((uint8)(addr&0x00ff));
  13   1          SendData((uint8)(addr>>8));
  14   1          SendData((uint8)(w_data_l&0x00ff));
  15   1          SendData((uint8)(w_data_l>>8));
  16   1          SendData((uint8)(w_data&0x00ff));
  17   1          SendData((uint8)(w_data>>8));
  18   1      }
  19          
  20          void read_mac_register(uint16 addr)
  21          {
  22   1      
  23   1          SendData(0x00);
  24   1          SendData(0x00);
  25   1          SendData((uint8)(addr&0x00ff));
  26   1          SendData((uint8)(addr>>8));
  27   1          SendData(0x00);
  28   1          SendData(0x00);
  29   1          SendData(0x00);
  30   1          SendData(0x00);
  31   1      }
  32          
  33          void uart2_sendMes(void)
  34          {
  35   1          char i;
  36   1          unsigned char sum = 0;
  37   1          char send_buf[32];
  38   1      
  39   1          send_buf[0] = uart2_body.cmd_type;
  40   1          for(i = 0;i < EPC_CODE_NUM;i++)
  41   1          {
  42   2              send_buf[1 + i] = uart2_body.epc_code[i];
  43   2          }
  44   1          for(i = 0;i <   VAL_DATA_NUM;i++)
  45   1          {
  46   2              send_buf[13 + i] = uart2_body.val_data[i];
  47   2          }
  48   1      
  49   1          for(i = 15;i < UART2_SEND_NUM;i++)
  50   1              send_buf[i] = RESERVED_DATA;
  51   1      
  52   1          for(i = 0;i < UART2_SEND_NUM;i++)
  53   1          {
  54   2              sum +=  send_buf[i];  
  55   2          }
C51 COMPILER V9.52.0.0   INDY                                                              06/03/2016 08:56:23 PAGE 2   

  56   1          
  57   1          send_buf[UART2_SEND_NUM -1] = sum & 0xff;
  58   1          for(i = 0;i < UART2_SEND_NUM;i++)
  59   1          {
  60   2              SendData2(send_buf[i]);
  61   2          
  62   2            OledWriteWordByHex57(i / 16 + 1, i % 16, send_buf[i]);
  63   2          }
  64   1              
  65   1          
  66   1      }
  67          
  68          void clear_uart2_mes()
  69          {
  70   1          char    i;
  71   1      
  72   1          uart2_body.cmd_type =   0;
  73   1          for(i = 0;i <   EPC_CODE_NUM;i++)
  74   1          uart2_body.epc_code[i] = 0;
  75   1          for(i = 0;i <   VAL_DATA_NUM;i++)
  76   1          uart2_body.val_data[i] = 0;  
  77   1          for(i = 0;i < RESERVED_DATA;i++)
  78   1          uart2_body.res[i] = 0;
  79   1          uart2_body.check_sum = 0;
  80   1      }
  81          
  82          void process_packets()
  83          {
  84   1        uint16 i;
  85   1        uint8 j = 1;
  86   1        uint16 data_len=0;
  87   1        uint16 cmd_type=0xffff;
  88   1        uint16 cmd_addr_fir=0;      //命令地址
  89   1        uint16 data_addr_fir=0;     //8个字节的数据包后的地址
  90   1        uint16 data_addr_end=0;     //数据包结束后的地址。
  91   1        uint16 epc_data_addr = 0;   //epc数据的起始地址
  92   1        uint16 sensor_data_addr = 0;   //sensor_code数据起始地址
  93   1      
  94   1        uint16 test=18;
  95   1        uint8 check_data=0;
  96   1        bit check_con1 = 0;
  97   1        bit check_con2 = 0;
  98   1          
  99   1          uint8   pkt_flag = 0;
 100   1      
 101   1        while(1)
 102   1        {
 103   2              
 104   2          if((rec_data[0+cmd_addr_fir]==0x01) )// && (rec_data[cmd_addr_fir+1]==0x00)
 105   2          { 
 106   3                  //SendData2(0x77);
 107   3                  pkt_flag = rec_data[1 + cmd_addr_fir];
 108   3            cmd_type = (rec_data[3+cmd_addr_fir]<<8) + rec_data[2+cmd_addr_fir];
 109   3          //  cmd_type = (rec_data[3+16]) + rec_data[2+16];
 110   3            data_len = (rec_data[5+cmd_addr_fir]<<8) + rec_data[4+cmd_addr_fir];
 111   3            data_addr_fir = 8 + cmd_addr_fir;
 112   3            data_addr_end = data_addr_fir + data_len*4 ; 
 113   3            cmd_addr_fir = (data_len+2)*4+cmd_addr_fir;
 114   3          //  cmd_addr_fir += 16;
 115   3          }
 116   2          else
 117   2          { 
C51 COMPILER V9.52.0.0   INDY                                                              06/03/2016 08:56:23 PAGE 3   

 118   3      
 119   3            break;
 120   3          }
 121   2       
 122   2          if(cmd_type == 0x0005)
 123   2          { 
 124   3            epc_data_addr = data_addr_fir+14;
 125   3      
 126   3                  for(i = 0;i < 12;i++)
 127   3                  { 
 128   4                      //epc_code[i] = rec_data[epc_data_addr + i];//epc
 129   4                      uart2_body.epc_code[i] = rec_data[epc_data_addr + i];//epc
 130   4                  } 
 131   3          }
 132   2            if(cmd_type == 0x0006)
 133   2            {
 134   3                  
 135   3                  if(pkt_flag == 0x00)
 136   3                  {
 137   4      
 138   4                      
 139   4                          if(rec_data[data_addr_fir + 4] == 0xc2)
 140   4                          {
 141   5                              sensor_data_addr = data_addr_fir + 12;
 142   5                              
 143   5      
 144   5                              switch(uart2_body.cmd_type)
 145   5                        {
 146   6                        case 1:
 147   6                          for(i=0; i<2; i++)
 148   6                           {
 149   7                                          uart2_body.val_data[i] = rec_data[sensor_data_addr +  i];
 150   7                            
 151   7                           }
 152   6                          rec_flag_cnt++;
 153   6                          break;
 154   6                        case 2:
 155   6                          for(i=0; i<2; i++)
 156   6                           {
 157   7                            uart2_body.val_data[i] = rec_data[sensor_data_addr +  i];
 158   7                            
 159   7                            }
 160   6                          rec_flag_cnt++;
 161   6                          break;
 162   6                        case 3:
 163   6                                      uart2_body.val_data[0] = 0;
 164   6                                      uart2_body.val_data[1] = rec_data[sensor_data_addr +  1];
 165   6                          rec_flag_cnt++;
 166   6                          break;
 167   6                        default : 
 168   6                                      rec_flag    =   READ_NO_TAG;
 169   6                                      rec_flag_cnt = 0;
 170   6                                      break;
 171   6                      }      
 172   5                          }
 173   4                          else
 174   4                          {
 175   5                  // debug
 176   5                              //SendString2("NOT  Read CMD\n");
 177   5                  OledWriteMessageByHex57(" NOT Read CMD ");
 178   5                          }
 179   4                     
C51 COMPILER V9.52.0.0   INDY                                                              06/03/2016 08:56:23 PAGE 4   

 180   4                     
 181   4      
 182   4                  }
 183   3                  else
 184   3                  {
 185   4                      //if(pkt_flag && 0x01)
 186   4                         // SendString2("MAC detected an err\n");
 187   4                      //if(pkt_flag && 0x02)
 188   4                        //  SendString2("Tag did backscatter and err\n");
 189   4                      break;
 190   4                  }
 191   3              }
 192   2          
 193   2        } 
 194   1       
 195   1      }
 196          
 197          void indy_read_sensorcode()
 198          {
 199   1          int rec_cnt = 0;
 200   1          //int j;
 201   1          //char i;
 202   1          
 203   1          write_mac_register(0x0a02,0x0000,0x0000);
 204   1        write_mac_register(0x0a03,0x0000,0x000C);
 205   1        write_mac_register(0x0a04,0x0000,0x0002);
 206   1          write_mac_register(0x0a06,0x0000,0x0000);
 207   1        write_mac_register(0xf000,0x0000,0x0010);
 208   1      
 209   1        Delay999ms();
 210   1      
 211   1          /*
 212   1          SendData2(rec_num );
 213   1          rec_cnt = rec_num;
 214   1          SendData2(0x55);
 215   1          SendData2(rec_cnt);
 216   1          for(j = 0;j < rec_cnt;j++)
 217   1              SendData2(rec_data[j]);
 218   1              */
 219   1            
 220   1          if(rec_data[0]  == 0x01 )
 221   1          { 
 222   2              ES = 0;
 223   2              process_packets();  //处理数据
 224   2              ES = 1;
 225   2          } 
 226   1        OledWriteMessage57(" indy_readsensorcode end ");
 227   1      }
 228          
 229          void indy_readrssi()
 230          {
 231   1      
 232   1          int rec_cnt = 0;
 233   1           //int j;
 234   1           //char i;
 235   1          
 236   1          write_mac_register(HST_TAGACC_BANK,0x0000,0x0000);
 237   1        write_mac_register(HST_TAGACC_PTR,0x0000,0x000d);
 238   1        write_mac_register(HST_TAGACC_CNT,0x0000,0x0002);
 239   1        write_mac_register(HST_TAGACC_ACCPWD,0x0000,0x0000);
 240   1        write_mac_register(HST_CMD,0x0000,8);
 241   1          Delay999ms();     
C51 COMPILER V9.52.0.0   INDY                                                              06/03/2016 08:56:23 PAGE 5   

 242   1          if(rec_data[0]  == 0x01 )
 243   1          {   
 244   2              ES = 0;
 245   2              process_packets();   //处理数据
 246   2              ES = 1;
 247   2          }   
 248   1      
 249   1        OledWriteMessage57(" indy_readrssi end ");
 250   1      }
 251          
 252          
 253          
 254          /*
 255          读取耳标的EPC和温度
 256          */
 257          void indy_readtemp()
 258          {
 259   1        
 260   1          int rec_cnt = 0;
 261   1       //    int j;
 262   1        SendString2(" indy_readtemp start \r\n");
 263   1          //for(i = 0;i < 100;i++)
 264   1          {
 265   2          write_mac_register(HST_TAGACC_BANK,0x0000,0x0000);
 266   2          write_mac_register(HST_TAGACC_PTR,0x0000,0x000e);
 267   2          write_mac_register(HST_TAGACC_CNT,0x0000,0x0002);
 268   2          write_mac_register(HST_TAGACC_ACCPWD,0x0000,0x0000);
 269   2          write_mac_register(HST_CMD,0x0000,7);
 270   2      
 271   2          }
 272   1          clear_rec_data();
 273   1        Delay20ms();
 274   1      
 275   1          // debug 
 276   1         /* SendData2(rec_num );
 277   1          rec_cnt = rec_num;
 278   1          SendData2(0x55);
 279   1          SendData2(rec_cnt);
 280   1          
 281   1          for(j = 0;j < rec_cnt;j++)
 282   1              SendData2(rec_data[j]);
 283   1          */
 284   1            
 285   1        if(rec_data[0]  == 0x01 )
 286   1        { 
 287   2          ES = 0;
 288   2          process_packets();   //处理数据
 289   2          ES = 1;
 290   2        } 
 291   1         SendString2(" indy_readtemp end \r\n");
 292   1         OledWriteMessage57(" indy_readtemp end ");
 293   1      }
 294          
 295          int uart2_recv_proc()
 296          {
 297   1        unsigned char sum = 0;
 298   1        char i;
 299   1      
 300   1          if(uart2_rec_data[0] != 0)
 301   1          {
 302   2              if(uart2_rec_cnt <  UART2_RECV_NUM)
 303   2                  return 0;
C51 COMPILER V9.52.0.0   INDY                                                              06/03/2016 08:56:23 PAGE 6   

 304   2              for(i = 0;i < (UART2_RECV_NUM - 1);i++)
 305   2                  sum += uart2_rec_data[i];
 306   2              if(sum == uart2_rec_data[UART2_RECV_NUM - 1])
 307   2                  return 1;
 308   2              else
 309   2              {
 310   3                  //SendData2(0x99);SendData2(0x99);
 311   3                  clear_uart2_data();
 312   3                  return 0;
 313   3              }
 314   2          }
 315   1          else 
 316   1              return 0;
 317   1      }
 318          
 319          
 320          void index_send(char id)
 321          {
 322   1          switch(id)
 323   1          {
 324   2              case 1:   //  hand
 325   2                  SendData(0xC0);
 326   2                  SendData(0x06);
 327   2                  SendData(0x00);
 328   2                  SendData(0x00);
 329   2                  SendData(0x00);
 330   2                  SendData(0x00);
 331   2                  SendData(0x00);
 332   2                  SendData(0x00);
 333   2                  break;
 334   2              case 2:
 335   2                  SendData(0x40);
 336   2                  SendData(0x03);
 337   2                  SendData(0x00);
 338   2                  SendData(0x00);
 339   2                  SendData(0x00);
 340   2                  SendData(0x00);
 341   2                  SendData(0x00);
 342   2                  SendData(0x00);
 343   2                  break;
 344   2                  
 345   2              case 3:
 346   2                  SendData(0x00);
 347   2                  SendData(0x00);
 348   2                  SendData(0x01);
 349   2                  SendData(0x00);
 350   2                  SendData(0x00);
 351   2                  SendData(0x00);
 352   2                  SendData(0x00);
 353   2                  SendData(0x00);
 354   2                  break;
 355   2      
 356   2              case 4:
 357   2                  SendData(0x00);
 358   2                  SendData(0x00);
 359   2                  SendData(0x10);
 360   2                  SendData(0x00);
 361   2                  SendData(0x00);
 362   2                  SendData(0x00);
 363   2                  SendData(0x00);
 364   2                  SendData(0x00);
 365   2                  break;
C51 COMPILER V9.52.0.0   INDY                                                              06/03/2016 08:56:23 PAGE 7   

 366   2      
 367   2              case 5:
 368   2                  SendData(0x00);
 369   2                  SendData(0x00);
 370   2                  SendData(0x05);
 371   2                  SendData(0x00);
 372   2                  SendData(0x00);
 373   2                  SendData(0x00);
 374   2                  SendData(0x00);
 375   2                  SendData(0x00);
 376   2                  break;
 377   2      
 378   2              case 6:
 379   2                  SendData(0x00);
 380   2                  SendData(0x00);
 381   2                  SendData(0x06);
 382   2                  SendData(0x00);
 383   2                  SendData(0x00);
 384   2                  SendData(0x00);
 385   2                  SendData(0x00);
 386   2                  SendData(0x00);
 387   2                  break;
 388   2      
 389   2             case 7:
 390   2                  SendData(0x00);
 391   2                  SendData(0x00);
 392   2                  SendData(0x10);
 393   2                  SendData(0x00);
 394   2                  SendData(0x00);
 395   2                  SendData(0x00);
 396   2                  SendData(0x00);
 397   2                  SendData(0x00);
 398   2                  break;
 399   2             case 8:
 400   2                  SendData(0x00);
 401   2                  SendData(0x00);
 402   2                  SendData(0x11);
 403   2                  SendData(0x00);
 404   2                  SendData(0x00);
 405   2                  SendData(0x00);
 406   2                  SendData(0x00);
 407   2                  SendData(0x00);
 408   2                  break;
 409   2      
 410   2              case 9:
 411   2                  SendData(0x00);
 412   2                  SendData(0x00);
 413   2                  SendData(0x00);
 414   2                  SendData(0x00);
 415   2                  SendData(0x00);
 416   2                  SendData(0x00);
 417   2                  SendData(0x00);
 418   2                  SendData(0x00);
 419   2                  break;
 420   2      
 421   2              case 10:
 422   2                  SendData(0x00);
 423   2                  SendData(0x00);
 424   2                  SendData(0x01);
 425   2                  SendData(0x00);
 426   2                  SendData(0x00);
 427   2                  SendData(0x00);
C51 COMPILER V9.52.0.0   INDY                                                              06/03/2016 08:56:23 PAGE 8   

 428   2                  SendData(0x00);
 429   2                  SendData(0x00);
 430   2                  break;
 431   2      
 432   2              case 11:
 433   2                  SendData(0x00);
 434   2                  SendData(0x00);
 435   2                  SendData(0x02);
 436   2                  SendData(0x00);
 437   2                  SendData(0x00);
 438   2                  SendData(0x00);
 439   2                  SendData(0x00);
 440   2                  SendData(0x00);
 441   2                  break;
 442   2      
 443   2              case 12:
 444   2                  SendData(0x00);
 445   2                  SendData(0x00);
 446   2                  SendData(0x00);
 447   2                  SendData(0x03);
 448   2                  SendData(0x00);
 449   2                  SendData(0x00);
 450   2                  SendData(0x00);
 451   2                  SendData(0x00);
 452   2                  break;
 453   2      
 454   2              case 13:
 455   2                  SendData(0x00);
 456   2                  SendData(0x00);
 457   2                  SendData(0x02);
 458   2                  SendData(0x00);
 459   2                  SendData(0x00);
 460   2                  SendData(0x00);
 461   2                  SendData(0x00);
 462   2                  SendData(0x00);
 463   2                  break;
 464   2      
 465   2              case 14:
 466   2                  SendData(0x00);
 467   2                  SendData(0x00);
 468   2                  SendData(0x61);
 469   2                  SendData(0x1B);
 470   2                  SendData(0x00);
 471   2                  SendData(0x00);
 472   2                  SendData(0x00);
 473   2                  SendData(0x00);
 474   2                  break;
 475   2      
 476   2       // 1 - 14 :   connect
 477   2              case 15:
 478   2                  SendData(0x01);
 479   2                  SendData(0x00);
 480   2                  SendData(0x01);
 481   2                  SendData(0x07);
 482   2                  SendData(0x00);
 483   2                  SendData(0x00);
 484   2                  SendData(0x00);
 485   2                  SendData(0x00);
 486   2      
 487   2                  SendData(0x00);
 488   2                  SendData(0x00);
 489   2                  SendData(0x05);
C51 COMPILER V9.52.0.0   INDY                                                              06/03/2016 08:56:23 PAGE 9   

 490   2                  SendData(0x00);
 491   2                  SendData(0x00);
 492   2                  SendData(0x00);
 493   2                  SendData(0x00);
 494   2                  SendData(0x00);
 495   2                  break;
 496   2      
 497   2              case 16:
 498   2                  SendData(0x00);
 499   2                  SendData(0x00);
 500   2                  SendData(0x02);
 501   2                  SendData(0x07);
 502   2                  SendData(0x00);
 503   2                  SendData(0x00);
 504   2                  SendData(0x00);
 505   2                  SendData(0x00);
 506   2                  break;
 507   2      
 508   2             case 17:
 509   2                  SendData(0x01);
 510   2                  SendData(0x00);
 511   2                  SendData(0x02);
 512   2                  SendData(0x07);
 513   2                  SendData(0x01);
 514   2                  SendData(0x00);
 515   2                  SendData(0x00);
 516   2                  SendData(0x00);
 517   2      
 518   2                  SendData(0x01);
 519   2                  SendData(0x00);
 520   2                  SendData(0x01);
 521   2                  SendData(0x07);
 522   2                  SendData(0x00);
 523   2                  SendData(0x00);
 524   2                  SendData(0x00);
 525   2                  SendData(0x00);
 526   2      
 527   2                  SendData(0x00);
 528   2                  SendData(0x00);
 529   2                  SendData(0x05);
 530   2                  SendData(0x00);
 531   2                  SendData(0x00);
 532   2                  SendData(0x00);
 533   2                  SendData(0x00);
 534   2                  SendData(0x00);
 535   2                  break;
 536   2      
 537   2              case 18:
 538   2                  SendData(0x00);
 539   2                  SendData(0x00);
 540   2                  SendData(0x04);
 541   2                  SendData(0x07);
 542   2                  SendData(0x00);
 543   2                  SendData(0x00);
 544   2                  SendData(0x00);
 545   2                  SendData(0x00);
 546   2                  break;
 547   2      
 548   2             case 19:
 549   2                  SendData(0x00);
 550   2                  SendData(0x00);
 551   2                  SendData(0x05);
C51 COMPILER V9.52.0.0   INDY                                                              06/03/2016 08:56:23 PAGE 10  

 552   2                  SendData(0x07);
 553   2                  SendData(0x00);
 554   2                  SendData(0x00);
 555   2                  SendData(0x00);
 556   2                  SendData(0x00);
 557   2                  break;
 558   2      
 559   2              case 20:
 560   2                  SendData(0x00);
 561   2                  SendData(0x00);
 562   2                  SendData(0x06);
 563   2                  SendData(0x07);
 564   2                  SendData(0x00);
 565   2                  SendData(0x00);
 566   2                  SendData(0x00);
 567   2                  SendData(0x00);
 568   2                  break;
 569   2      
 570   2             case 21:
 571   2                  SendData(0x00);
 572   2                  SendData(0x00);
 573   2                  SendData(0x07);
 574   2                  SendData(0x07);
 575   2                  SendData(0x00);
 576   2                  SendData(0x00);
 577   2                  SendData(0x00);
 578   2                  SendData(0x00);
 579   2                  break;
 580   2      
 581   2             case 22:
 582   2                  SendData(0x00);
 583   2                  SendData(0x00);
 584   2                  SendData(0x12);
 585   2                  SendData(0x0b);
 586   2                  SendData(0x00);
 587   2                  SendData(0x00);
 588   2                  SendData(0x00);
 589   2                  SendData(0x00);
 590   2                  break;
 591   2      
 592   2             case 23:
 593   2                  SendData(0x01);
 594   2                  SendData(0x00);
 595   2                  SendData(0x01);
 596   2                  SendData(0x07);
 597   2                  SendData(0x00);
 598   2                  SendData(0x00);
 599   2                  SendData(0x00);
 600   2                  SendData(0x00);
 601   2      
 602   2                  SendData(0x00);
 603   2                  SendData(0x00);
 604   2                  SendData(0x05);
 605   2                  SendData(0x00);
 606   2                  SendData(0x00);
 607   2                  SendData(0x00);
 608   2                  SendData(0x00);
 609   2                  SendData(0x00);
 610   2                  break;
 611   2      
 612   2              case 24:
 613   2                  /*
C51 COMPILER V9.52.0.0   INDY                                                              06/03/2016 08:56:23 PAGE 11  

 614   2                  SendData(0x01);
 615   2                  SendData(0x00);
 616   2                  SendData(0x04);
 617   2                  SendData(0x07);
 618   2                  SendData(0x00);
 619   2                  SendData(0x00);
 620   2                  SendData(0x00);
 621   2                  SendData(0x00);
 622   2      
 623   2                  SendData(0x01);
 624   2                  SendData(0x00);
 625   2                  SendData(0x05);
 626   2                  SendData(0x07);
 627   2                  SendData(0xD0);
 628   2                  SendData(0x07);
 629   2                  SendData(0x00);
 630   2                  SendData(0x00);
 631   2      
 632   2                  SendData(0x01);
 633   2                  SendData(0x00);
 634   2                  SendData(0x06);
 635   2                  SendData(0x07);         // power
 636   2                  SendData(0xDC);//220 --> 22DB   //
 637   2                  SendData(0x00);
 638   2                  SendData(0x00);
 639   2                  SendData(0x00);
 640   2      
 641   2                  SendData(0x01);
 642   2                  SendData(0x00);
 643   2                  SendData(0x07);
 644   2                  SendData(0x07);
 645   2                  SendData(0x00);
 646   2                  SendData(0x20);
 647   2                  SendData(0x00);
 648   2                  SendData(0x00);
 649   2      
 650   2                  SendData(0x01);
 651   2                  SendData(0x00);
 652   2                  SendData(0x12);
 653   2                  SendData(0x0B);
 654   2                  SendData(0xff);
 655   2                  SendData(0xFF);
 656   2                  SendData(0x0f);
 657   2                  SendData(0x00);
 658   2                  */
 659   2                  break;
 660   2      
 661   2              ////870:01 00 0A 01 70 46 0D 00
 662   2                  //880:01 00 0A 01 80 6D 0D 00
 663   2                  //885:01 00 0A 01 08 81 0D 00
 664   2      
 665   2       // -------------------------  15 - 24 : com set power -------------------------
 666   2              case 25:
 667   2                  SendData(0x01);
 668   2                  SendData(0x00);
 669   2                  SendData(0x0A);
 670   2                  SendData(0x01);
 671   2                  SendData(0xF8);
 672   2                  SendData(0x59);//59 0D :875
 673   2                  SendData(0x0d);
 674   2                  SendData(0x00);
 675   2      
C51 COMPILER V9.52.0.0   INDY                                                              06/03/2016 08:56:23 PAGE 12  

 676   2                  SendData(0x00);
 677   2                  SendData(0x00);
 678   2                  SendData(0x05);
 679   2                  SendData(0x00);
 680   2                  SendData(0x00);
 681   2                  SendData(0x00);
 682   2                  SendData(0x00);
 683   2                  SendData(0x00);
 684   2                  break;
 685   2      
 686   2              case 26:
 687   2                  SendData(0x00);
 688   2                  SendData(0x00);
 689   2                  SendData(0x05);
 690   2                  SendData(0x00);
 691   2                  SendData(0x00);
 692   2                  SendData(0x00);
 693   2                  SendData(0x00);
 694   2                  SendData(0x00);
 695   2                  break;
 696   2      
 697   2             case 27:
 698   2                  SendData(0x00);
 699   2                  SendData(0x00);
 700   2                  SendData(0x06);
 701   2                  SendData(0x00);
 702   2                  SendData(0x00);
 703   2                  SendData(0x00);
 704   2                  SendData(0x00);
 705   2                  SendData(0x00);
 706   2                  break;
 707   2      
 708   2             case 28:
 709   2                  SendData(0x01);
 710   2                  SendData(0x00);
 711   2                  SendData(0x08);
 712   2                  SendData(0x01);
 713   2                  SendData(0x01);
 714   2                  SendData(0x01);
 715   2                  SendData(0x00);
 716   2                  SendData(0x00);
 717   2      
 718   2                  SendData(0x00);
 719   2                  SendData(0x00);
 720   2                  SendData(0x05);
 721   2                  SendData(0x00);
 722   2                  SendData(0x00);
 723   2                  SendData(0x00);
 724   2                  SendData(0x00);
 725   2                  SendData(0x00);
 726   2                  break;
 727   2      
 728   2              case 29:
 729   2                  SendData(0x00);
 730   2                  SendData(0x00);
 731   2                  SendData(0x05);
 732   2                  SendData(0x00);
 733   2                  SendData(0x00);
 734   2                  SendData(0x00);
 735   2                  SendData(0x00);
 736   2                  SendData(0x00);
 737   2                  break;
C51 COMPILER V9.52.0.0   INDY                                                              06/03/2016 08:56:23 PAGE 13  

 738   2      
 739   2             case 30:
 740   2                  SendData(0x00);
 741   2                  SendData(0x00);
 742   2                  SendData(0x06);
 743   2                  SendData(0x00);
 744   2                  SendData(0x00);
 745   2                  SendData(0x00);
 746   2                  SendData(0x00);
 747   2                  SendData(0x00);
 748   2                  break;
 749   2      
 750   2             case 31:
 751   2                  SendData(0x01);
 752   2                  SendData(0x00);
 753   2                  SendData(0x00);
 754   2                  SendData(0xf0);
 755   2                  SendData(0x27);
 756   2                  SendData(0x00);
 757   2                  SendData(0x00);
 758   2                  SendData(0x00);
 759   2                  break;        
 760   2              case 32:
 761   2                  SendData(0x00);
 762   2                  SendData(0x00);
 763   2                  SendData(0x05);
 764   2                  SendData(0x00);
 765   2                  SendData(0x00);
 766   2                  SendData(0x00);
 767   2                  SendData(0x00);
 768   2                  SendData(0x00);
 769   2                  break;
 770   2      
 771   2             case 33:
 772   2                  SendData(0x00);
 773   2                  SendData(0x00);
 774   2                  SendData(0x06);
 775   2                  SendData(0x00);
 776   2                  SendData(0x00);
 777   2                  SendData(0x00);
 778   2                  SendData(0x00);
 779   2                  SendData(0x00);
 780   2                  break;
 781   2      // -------------------- 25 - 33 : set frequent ----------------------
 782   2          case 34:
 783   2          SendData(0x01); SendData(0x00); SendData(0x01); SendData(0x0c); SendData(0x00); SendData(0x00); SendData
             -(0x00); SendData(0x00);
 784   2              SendData(0x01); SendData(0x00); SendData(0x02); SendData(0x0c); SendData(0x01); SendData(0x00); Se
             -ndData(0x00); SendData(0x00);
 785   2            SendData(0x01); SendData(0x00); SendData(0x03); SendData(0x0c); SendData(0x70); SendData(0x0d); SendD
             -ata(0x18); SendData(0x00);
 786   2          SendData(0x01); SendData(0x00); SendData(0x04); SendData(0x0c); SendData(0x00); SendData(0x01); SendData
             -(0x07); SendData(0x14);
 787   2      
 788   2          SendData(0x01); SendData(0x00); SendData(0x01); SendData(0x0c); SendData(0x01); SendData(0x00); SendData
             -(0x00); SendData(0x00);
 789   2              SendData(0x01); SendData(0x00); SendData(0x02); SendData(0x0c); SendData(0x01); SendData(0x00); Se
             -ndData(0x00); SendData(0x00);
 790   2            SendData(0x01); SendData(0x00); SendData(0x03); SendData(0x0c); SendData(0x84); SendData(0x0d); SendD
             -ata(0x18); SendData(0x00);
 791   2          SendData(0x01); SendData(0x00); SendData(0x04); SendData(0x0c); SendData(0x00); SendData(0x01); SendData
             -(0x07); SendData(0x14);
C51 COMPILER V9.52.0.0   INDY                                                              06/03/2016 08:56:23 PAGE 14  

 792   2          
 793   2          SendData(0x01); SendData(0x00); SendData(0x01); SendData(0x0c); SendData(0x02); SendData(0x00); SendData
             -(0x00); SendData(0x00);
 794   2              SendData(0x01); SendData(0x00); SendData(0x02); SendData(0x0c); SendData(0x01); SendData(0x00); Se
             -ndData(0x00); SendData(0x00);
 795   2            SendData(0x01); SendData(0x00); SendData(0x03); SendData(0x0c); SendData(0x98); SendData(0x0d); SendD
             -ata(0x18); SendData(0x00);
 796   2          SendData(0x01); SendData(0x00); SendData(0x04); SendData(0x0c); SendData(0x00); SendData(0x01); SendData
             -(0x07); SendData(0x14); 
 797   2      
 798   2          SendData(0x01); SendData(0x00); SendData(0x01); SendData(0x0c); SendData(0x03); SendData(0x00); SendData
             -(0x00); SendData(0x00);
 799   2              SendData(0x01); SendData(0x00); SendData(0x02); SendData(0x0c); SendData(0x01); SendData(0x00); Se
             -ndData(0x00); SendData(0x00);
 800   2            SendData(0x01); SendData(0x00); SendData(0x03); SendData(0x0c); SendData(0xac); SendData(0x0d); SendD
             -ata(0x18); SendData(0x00);
 801   2          SendData(0x01); SendData(0x00); SendData(0x04); SendData(0x0c); SendData(0x00); SendData(0x01); SendData
             -(0x07); SendData(0x14);
 802   2      
 803   2          SendData(0x01); SendData(0x00); SendData(0x01); SendData(0x0c); SendData(0x04); SendData(0x00); SendData
             -(0x00); SendData(0x00);
 804   2              SendData(0x01); SendData(0x00); SendData(0x02); SendData(0x0c); SendData(0x01); SendData(0x00); Se
             -ndData(0x00); SendData(0x00);
 805   2            SendData(0x01); SendData(0x00); SendData(0x03); SendData(0x0c); SendData(0xc0); SendData(0x0d); SendD
             -ata(0x18); SendData(0x00);
 806   2          SendData(0x01); SendData(0x00); SendData(0x04); SendData(0x0c); SendData(0x00); SendData(0x01); SendData
             -(0x07); SendData(0x14);
 807   2      
 808   2          SendData(0x01); SendData(0x00); SendData(0x01); SendData(0x0c); SendData(0x05); SendData(0x00); SendData
             -(0x00); SendData(0x00);
 809   2              SendData(0x01); SendData(0x00); SendData(0x02); SendData(0x0c); SendData(0x01); SendData(0x00); Se
             -ndData(0x00); SendData(0x00);
 810   2            SendData(0x01); SendData(0x00); SendData(0x03); SendData(0x0c); SendData(0xd4); SendData(0x0d); SendD
             -ata(0x18); SendData(0x00);
 811   2          SendData(0x01); SendData(0x00); SendData(0x04); SendData(0x0c); SendData(0x00); SendData(0x01); SendData
             -(0x07); SendData(0x14);
 812   2          
 813   2          SendData(0x01); SendData(0x00); SendData(0x01); SendData(0x0c); SendData(0x06); SendData(0x00); SendData
             -(0x00); SendData(0x00);
 814   2              SendData(0x01); SendData(0x00); SendData(0x02); SendData(0x0c); SendData(0x01); SendData(0x00); Se
             -ndData(0x00); SendData(0x00);
 815   2            SendData(0x01); SendData(0x00); SendData(0x03); SendData(0x0c); SendData(0xe8); SendData(0x0d); SendD
             -ata(0x18); SendData(0x00);
 816   2          SendData(0x01); SendData(0x00); SendData(0x04); SendData(0x0c); SendData(0x00); SendData(0x01); SendData
             -(0x07); SendData(0x14);
 817   2          
 818   2          SendData(0x01); SendData(0x00); SendData(0x01); SendData(0x0c); SendData(0x07); SendData(0x00); SendData
             -(0x00); SendData(0x00);
 819   2              SendData(0x01); SendData(0x00); SendData(0x02); SendData(0x0c); SendData(0x01); SendData(0x00); Se
             -ndData(0x00); SendData(0x00);
 820   2            SendData(0x01); SendData(0x00); SendData(0x03); SendData(0x0c); SendData(0xfc); SendData(0x0d); SendD
             -ata(0x18); SendData(0x00);
 821   2          SendData(0x01); SendData(0x00); SendData(0x04); SendData(0x0c); SendData(0x00); SendData(0x01); SendData
             -(0x07); SendData(0x14);
 822   2                                                
 823   2          SendData(0x01); SendData(0x00); SendData(0x01); SendData(0x0c); SendData(0x08); SendData(0x00); SendData
             -(0x00); SendData(0x00);
 824   2              SendData(0x01); SendData(0x00); SendData(0x02); SendData(0x0c); SendData(0x01); SendData(0x00); Se
             -ndData(0x00); SendData(0x00);
 825   2            SendData(0x01); SendData(0x00); SendData(0x03); SendData(0x0c); SendData(0x10); SendData(0x0e); SendD
             -ata(0x18); SendData(0x00);
 826   2          SendData(0x01); SendData(0x00); SendData(0x04); SendData(0x0c); SendData(0x00); SendData(0x01); SendData
C51 COMPILER V9.52.0.0   INDY                                                              06/03/2016 08:56:23 PAGE 15  

             -(0x07); SendData(0x14);
 827   2          
 828   2          SendData(0x01); SendData(0x00); SendData(0x01); SendData(0x0c); SendData(0x09); SendData(0x00); SendData
             -(0x00); SendData(0x00);
 829   2              SendData(0x01); SendData(0x00); SendData(0x02); SendData(0x0c); SendData(0x01); SendData(0x00); Se
             -ndData(0x00); SendData(0x00);
 830   2            SendData(0x01); SendData(0x00); SendData(0x03); SendData(0x0c); SendData(0x24); SendData(0x0e); SendD
             -ata(0x18); SendData(0x00);
 831   2          SendData(0x01); SendData(0x00); SendData(0x04); SendData(0x0c); SendData(0x00); SendData(0x01); SendData
             -(0x07); SendData(0x14);
 832   2                                                        
 833   2          SendData(0x01); SendData(0x00); SendData(0x01); SendData(0x0c); SendData(0x0a); SendData(0x00); SendData
             -(0x00); SendData(0x00);
 834   2              SendData(0x01); SendData(0x00); SendData(0x02); SendData(0x0c); SendData(0x01); SendData(0x00); Se
             -ndData(0x00); SendData(0x00);
 835   2            SendData(0x01); SendData(0x00); SendData(0x03); SendData(0x0c); SendData(0x38); SendData(0x0e); SendD
             -ata(0x18); SendData(0x00);
 836   2          SendData(0x01); SendData(0x00); SendData(0x04); SendData(0x0c); SendData(0x00); SendData(0x01); SendData
             -(0x07); SendData(0x14);
 837   2          
 838   2          SendData(0x01); SendData(0x00); SendData(0x01); SendData(0x0c); SendData(0x0b); SendData(0x00); SendData
             -(0x00); SendData(0x00);
 839   2              SendData(0x01); SendData(0x00); SendData(0x02); SendData(0x0c); SendData(0x01); SendData(0x00); Se
             -ndData(0x00); SendData(0x00);
 840   2            SendData(0x01); SendData(0x00); SendData(0x03); SendData(0x0c); SendData(0x4c); SendData(0x0e); SendD
             -ata(0x18); SendData(0x00);
 841   2          SendData(0x01); SendData(0x00); SendData(0x04); SendData(0x0c); SendData(0x00); SendData(0x01); SendData
             -(0x07); SendData(0x14);
 842   2          
 843   2          SendData(0x01); SendData(0x00); SendData(0x01); SendData(0x0c); SendData(0x0c); SendData(0x00); SendData
             -(0x00); SendData(0x00);
 844   2              SendData(0x01); SendData(0x00); SendData(0x02); SendData(0x0c); SendData(0x01); SendData(0x00); Se
             -ndData(0x00); SendData(0x00);
 845   2            SendData(0x01); SendData(0x00); SendData(0x03); SendData(0x0c); SendData(0x60); SendData(0x0e); SendD
             -ata(0x18); SendData(0x00);
 846   2          SendData(0x01); SendData(0x00); SendData(0x04); SendData(0x0c); SendData(0x00); SendData(0x01); SendData
             -(0x07); SendData(0x14);
 847   2          
 848   2          SendData(0x01); SendData(0x00); SendData(0x01); SendData(0x0c); SendData(0x0d); SendData(0x00); SendData
             -(0x00); SendData(0x00);
 849   2              SendData(0x01); SendData(0x00); SendData(0x02); SendData(0x0c); SendData(0x00); SendData(0x00); Se
             -ndData(0x00); SendData(0x00);
 850   2            SendData(0x01); SendData(0x00); SendData(0x03); SendData(0x0c); SendData(0x60); SendData(0x0e); SendD
             -ata(0x18); SendData(0x00);
 851   2          SendData(0x01); SendData(0x00); SendData(0x04); SendData(0x0c); SendData(0x00); SendData(0x01); SendData
             -(0x07); SendData(0x14);
 852   2          
 853   2          SendData(0x01); SendData(0x00); SendData(0x01); SendData(0x0c); SendData(0x0e); SendData(0x00); SendData
             -(0x00); SendData(0x00);
 854   2              SendData(0x01); SendData(0x00); SendData(0x02); SendData(0x0c); SendData(0x00); SendData(0x00); Se
             -ndData(0x00); SendData(0x00);
 855   2            SendData(0x01); SendData(0x00); SendData(0x03); SendData(0x0c); SendData(0x60); SendData(0x0e); SendD
             -ata(0x18); SendData(0x00);
 856   2          SendData(0x01); SendData(0x00); SendData(0x04); SendData(0x0c); SendData(0x00); SendData(0x01); SendData
             -(0x07); SendData(0x14);
 857   2          
 858   2          SendData(0x01); SendData(0x00); SendData(0x01); SendData(0x0c); SendData(0x0f); SendData(0x00); SendData
             -(0x00); SendData(0x00);
 859   2              SendData(0x01); SendData(0x00); SendData(0x02); SendData(0x0c); SendData(0x00); SendData(0x00); Se
             -ndData(0x00); SendData(0x00);
 860   2            SendData(0x01); SendData(0x00); SendData(0x03); SendData(0x0c); SendData(0x60); SendData(0x0e); SendD
             -ata(0x18); SendData(0x00);
C51 COMPILER V9.52.0.0   INDY                                                              06/03/2016 08:56:23 PAGE 16  

 861   2          SendData(0x01); SendData(0x00); SendData(0x04); SendData(0x0c); SendData(0x00); SendData(0x01); SendData
             -(0x07); SendData(0x14);
 862   2          
 863   2          SendData(0x01); SendData(0x00); SendData(0x01); SendData(0x0c); SendData(0x10); SendData(0x00); SendData
             -(0x00); SendData(0x00);
 864   2              SendData(0x01); SendData(0x00); SendData(0x02); SendData(0x0c); SendData(0x00); SendData(0x00); Se
             -ndData(0x00); SendData(0x00);
 865   2            SendData(0x01); SendData(0x00); SendData(0x03); SendData(0x0c); SendData(0x60); SendData(0x0e); SendD
             -ata(0x18); SendData(0x00);
 866   2          SendData(0x01); SendData(0x00); SendData(0x04); SendData(0x0c); SendData(0x00); SendData(0x01); SendData
             -(0x07); SendData(0x14);
 867   2      
 868   2          SendData(0x01); SendData(0x00); SendData(0x01); SendData(0x0c); SendData(0x11); SendData(0x00); SendData
             -(0x00); SendData(0x00);
 869   2              SendData(0x01); SendData(0x00); SendData(0x02); SendData(0x0c); SendData(0x00); SendData(0x00); Se
             -ndData(0x00); SendData(0x00);
 870   2            SendData(0x01); SendData(0x00); SendData(0x03); SendData(0x0c); SendData(0x60); SendData(0x0e); SendD
             -ata(0x18); SendData(0x00);
 871   2          SendData(0x01); SendData(0x00); SendData(0x04); SendData(0x0c); SendData(0x00); SendData(0x01); SendData
             -(0x07); SendData(0x14);
 872   2      
 873   2          SendData(0x01); SendData(0x00); SendData(0x01); SendData(0x0c); SendData(0x12); SendData(0x00); SendData
             -(0x00); SendData(0x00);
 874   2              SendData(0x01); SendData(0x00); SendData(0x02); SendData(0x0c); SendData(0x00); SendData(0x00); Se
             -ndData(0x00); SendData(0x00);
 875   2            SendData(0x01); SendData(0x00); SendData(0x03); SendData(0x0c); SendData(0x60); SendData(0x0e); SendD
             -ata(0x18); SendData(0x00);
 876   2          SendData(0x01); SendData(0x00); SendData(0x04); SendData(0x0c); SendData(0x00); SendData(0x01); SendData
             -(0x07); SendData(0x14);
 877   2      
 878   2          SendData(0x01); SendData(0x00); SendData(0x01); SendData(0x0c); SendData(0x13); SendData(0x00); SendData
             -(0x00); SendData(0x00);
 879   2              SendData(0x01); SendData(0x00); SendData(0x02); SendData(0x0c); SendData(0x00); SendData(0x00); Se
             -ndData(0x00); SendData(0x00);
 880   2            SendData(0x01); SendData(0x00); SendData(0x03); SendData(0x0c); SendData(0x60); SendData(0x0e); SendD
             -ata(0x18); SendData(0x00);
 881   2          SendData(0x01); SendData(0x00); SendData(0x04); SendData(0x0c); SendData(0x00); SendData(0x01); SendData
             -(0x07); SendData(0x14);
 882   2      
 883   2          SendData(0x01); SendData(0x00); SendData(0x01); SendData(0x0c); SendData(0x14); SendData(0x00); SendData
             -(0x00); SendData(0x00);
 884   2              SendData(0x01); SendData(0x00); SendData(0x02); SendData(0x0c); SendData(0x00); SendData(0x00); Se
             -ndData(0x00); SendData(0x00);
 885   2            SendData(0x01); SendData(0x00); SendData(0x03); SendData(0x0c); SendData(0x60); SendData(0x0e); SendD
             -ata(0x18); SendData(0x00);
 886   2          SendData(0x01); SendData(0x00); SendData(0x04); SendData(0x0c); SendData(0x00); SendData(0x01); SendData
             -(0x07); SendData(0x14);
 887   2      
 888   2          SendData(0x01); SendData(0x00); SendData(0x01); SendData(0x0c); SendData(0x15); SendData(0x00); SendData
             -(0x00); SendData(0x00);
 889   2              SendData(0x01); SendData(0x00); SendData(0x02); SendData(0x0c); SendData(0x00); SendData(0x00); Se
             -ndData(0x00); SendData(0x00);
 890   2            SendData(0x01); SendData(0x00); SendData(0x03); SendData(0x0c); SendData(0x60); SendData(0x0e); SendD
             -ata(0x18); SendData(0x00);
 891   2          SendData(0x01); SendData(0x00); SendData(0x04); SendData(0x0c); SendData(0x00); SendData(0x01); SendData
             -(0x07); SendData(0x14);
 892   2      
 893   2          SendData(0x01); SendData(0x00); SendData(0x01); SendData(0x0c); SendData(0x16); SendData(0x00); SendData
             -(0x00); SendData(0x00);
 894   2              SendData(0x01); SendData(0x00); SendData(0x02); SendData(0x0c); SendData(0x00); SendData(0x00); Se
             -ndData(0x00); SendData(0x00);
 895   2            SendData(0x01); SendData(0x00); SendData(0x03); SendData(0x0c); SendData(0x60); SendData(0x0e); SendD
C51 COMPILER V9.52.0.0   INDY                                                              06/03/2016 08:56:23 PAGE 17  

             -ata(0x18); SendData(0x00);
 896   2          SendData(0x01); SendData(0x00); SendData(0x04); SendData(0x0c); SendData(0x00); SendData(0x01); SendData
             -(0x07); SendData(0x14);
 897   2      
 898   2          SendData(0x01); SendData(0x00); SendData(0x01); SendData(0x0c); SendData(0x17); SendData(0x00); SendData
             -(0x00); SendData(0x00);
 899   2              SendData(0x01); SendData(0x00); SendData(0x02); SendData(0x0c); SendData(0x00); SendData(0x00); Se
             -ndData(0x00); SendData(0x00);
 900   2            SendData(0x01); SendData(0x00); SendData(0x03); SendData(0x0c); SendData(0x60); SendData(0x0e); SendD
             -ata(0x18); SendData(0x00);
 901   2          SendData(0x01); SendData(0x00); SendData(0x04); SendData(0x0c); SendData(0x00); SendData(0x01); SendData
             -(0x07); SendData(0x14);
 902   2      
 903   2          SendData(0x01); SendData(0x00); SendData(0x01); SendData(0x0c); SendData(0x18); SendData(0x00); SendData
             -(0x00); SendData(0x00);
 904   2              SendData(0x01); SendData(0x00); SendData(0x02); SendData(0x0c); SendData(0x00); SendData(0x00); Se
             -ndData(0x00); SendData(0x00);
 905   2            SendData(0x01); SendData(0x00); SendData(0x03); SendData(0x0c); SendData(0x60); SendData(0x0e); SendD
             -ata(0x18); SendData(0x00);
 906   2          SendData(0x01); SendData(0x00); SendData(0x04); SendData(0x0c); SendData(0x00); SendData(0x01); SendData
             -(0x07); SendData(0x14);
 907   2      
 908   2          SendData(0x01); SendData(0x00); SendData(0x01); SendData(0x0c); SendData(0x19); SendData(0x00); SendData
             -(0x00); SendData(0x00);
 909   2              SendData(0x01); SendData(0x00); SendData(0x02); SendData(0x0c); SendData(0x00); SendData(0x00); Se
             -ndData(0x00); SendData(0x00);
 910   2            SendData(0x01); SendData(0x00); SendData(0x03); SendData(0x0c); SendData(0x60); SendData(0x0e); SendD
             -ata(0x18); SendData(0x00);
 911   2          SendData(0x01); SendData(0x00); SendData(0x04); SendData(0x0c); SendData(0x00); SendData(0x01); SendData
             -(0x07); SendData(0x14);
 912   2      
 913   2          SendData(0x01); SendData(0x00); SendData(0x01); SendData(0x0c); SendData(0x1a); SendData(0x00); SendData
             -(0x00); SendData(0x00);
 914   2              SendData(0x01); SendData(0x00); SendData(0x02); SendData(0x0c); SendData(0x00); SendData(0x00); Se
             -ndData(0x00); SendData(0x00);
 915   2            SendData(0x01); SendData(0x00); SendData(0x03); SendData(0x0c); SendData(0x60); SendData(0x0e); SendD
             -ata(0x18); SendData(0x00);
 916   2          SendData(0x01); SendData(0x00); SendData(0x04); SendData(0x0c); SendData(0x00); SendData(0x01); SendData
             -(0x07); SendData(0x14);
 917   2      
 918   2          SendData(0x01); SendData(0x00); SendData(0x01); SendData(0x0c); SendData(0x1b); SendData(0x00); SendData
             -(0x00); SendData(0x00);
 919   2              SendData(0x01); SendData(0x00); SendData(0x02); SendData(0x0c); SendData(0x00); SendData(0x00); Se
             -ndData(0x00); SendData(0x00);
 920   2            SendData(0x01); SendData(0x00); SendData(0x03); SendData(0x0c); SendData(0x60); SendData(0x0e); SendD
             -ata(0x18); SendData(0x00);
 921   2          SendData(0x01); SendData(0x00); SendData(0x04); SendData(0x0c); SendData(0x00); SendData(0x01); SendData
             -(0x07); SendData(0x14);
 922   2      
 923   2          SendData(0x01); SendData(0x00); SendData(0x01); SendData(0x0c); SendData(0x1c); SendData(0x00); SendData
             -(0x00); SendData(0x00);
 924   2              SendData(0x01); SendData(0x00); SendData(0x02); SendData(0x0c); SendData(0x00); SendData(0x00); Se
             -ndData(0x00); SendData(0x00);
 925   2            SendData(0x01); SendData(0x00); SendData(0x03); SendData(0x0c); SendData(0x60); SendData(0x0e); SendD
             -ata(0x18); SendData(0x00);
 926   2          SendData(0x01); SendData(0x00); SendData(0x04); SendData(0x0c); SendData(0x00); SendData(0x01); SendData
             -(0x07); SendData(0x14);
 927   2      
 928   2          SendData(0x01); SendData(0x00); SendData(0x01); SendData(0x0c); SendData(0x1d); SendData(0x00); SendData
             -(0x00); SendData(0x00);
 929   2              SendData(0x01); SendData(0x00); SendData(0x02); SendData(0x0c); SendData(0x00); SendData(0x00); Se
             -ndData(0x00); SendData(0x00);
C51 COMPILER V9.52.0.0   INDY                                                              06/03/2016 08:56:23 PAGE 18  

 930   2            SendData(0x01); SendData(0x00); SendData(0x03); SendData(0x0c); SendData(0x60); SendData(0x0e); SendD
             -ata(0x18); SendData(0x00);
 931   2          SendData(0x01); SendData(0x00); SendData(0x04); SendData(0x0c); SendData(0x00); SendData(0x01); SendData
             -(0x07); SendData(0x14);
 932   2      
 933   2          SendData(0x01); SendData(0x00); SendData(0x01); SendData(0x0c); SendData(0x1e); SendData(0x00); SendData
             -(0x00); SendData(0x00);
 934   2              SendData(0x01); SendData(0x00); SendData(0x02); SendData(0x0c); SendData(0x00); SendData(0x00); Se
             -ndData(0x00); SendData(0x00);
 935   2            SendData(0x01); SendData(0x00); SendData(0x03); SendData(0x0c); SendData(0x60); SendData(0x0e); SendD
             -ata(0x18); SendData(0x00);
 936   2          SendData(0x01); SendData(0x00); SendData(0x04); SendData(0x0c); SendData(0x00); SendData(0x01); SendData
             -(0x07); SendData(0x14);
 937   2      
 938   2          SendData(0x01); SendData(0x00); SendData(0x01); SendData(0x0c); SendData(0x1f); SendData(0x00); SendData
             -(0x00); SendData(0x00);
 939   2              SendData(0x01); SendData(0x00); SendData(0x02); SendData(0x0c); SendData(0x00); SendData(0x00); Se
             -ndData(0x00); SendData(0x00);
 940   2            SendData(0x01); SendData(0x00); SendData(0x03); SendData(0x0c); SendData(0x60); SendData(0x0e); SendD
             -ata(0x18); SendData(0x00);
 941   2          SendData(0x01); SendData(0x00); SendData(0x04); SendData(0x0c); SendData(0x00); SendData(0x01); SendData
             -(0x07); SendData(0x14);
 942   2      
 943   2          SendData(0x01); SendData(0x00); SendData(0x01); SendData(0x0c); SendData(0x20); SendData(0x00); SendData
             -(0x00); SendData(0x00);
 944   2              SendData(0x01); SendData(0x00); SendData(0x02); SendData(0x0c); SendData(0x00); SendData(0x00); Se
             -ndData(0x00); SendData(0x00);
 945   2            SendData(0x01); SendData(0x00); SendData(0x03); SendData(0x0c); SendData(0x60); SendData(0x0e); SendD
             -ata(0x18); SendData(0x00);
 946   2          SendData(0x01); SendData(0x00); SendData(0x04); SendData(0x0c); SendData(0x00); SendData(0x01); SendData
             -(0x07); SendData(0x14);
 947   2      
 948   2          SendData(0x01); SendData(0x00); SendData(0x01); SendData(0x0c); SendData(0x21); SendData(0x00); SendData
             -(0x00); SendData(0x00);
 949   2              SendData(0x01); SendData(0x00); SendData(0x02); SendData(0x0c); SendData(0x00); SendData(0x00); Se
             -ndData(0x00); SendData(0x00);
 950   2            SendData(0x01); SendData(0x00); SendData(0x03); SendData(0x0c); SendData(0x60); SendData(0x0e); SendD
             -ata(0x18); SendData(0x00);
 951   2          SendData(0x01); SendData(0x00); SendData(0x04); SendData(0x0c); SendData(0x00); SendData(0x01); SendData
             -(0x07); SendData(0x14);
 952   2      
 953   2          SendData(0x01); SendData(0x00); SendData(0x01); SendData(0x0c); SendData(0x22); SendData(0x00); SendData
             -(0x00); SendData(0x00);
 954   2              SendData(0x01); SendData(0x00); SendData(0x02); SendData(0x0c); SendData(0x00); SendData(0x00); Se
             -ndData(0x00); SendData(0x00);
 955   2            SendData(0x01); SendData(0x00); SendData(0x03); SendData(0x0c); SendData(0x60); SendData(0x0e); SendD
             -ata(0x18); SendData(0x00);
 956   2          SendData(0x01); SendData(0x00); SendData(0x04); SendData(0x0c); SendData(0x00); SendData(0x01); SendData
             -(0x07); SendData(0x14);
 957   2      
 958   2          SendData(0x01); SendData(0x00); SendData(0x01); SendData(0x0c); SendData(0x23); SendData(0x00); SendData
             -(0x00); SendData(0x00);
 959   2              SendData(0x01); SendData(0x00); SendData(0x02); SendData(0x0c); SendData(0x00); SendData(0x00); Se
             -ndData(0x00); SendData(0x00);
 960   2            SendData(0x01); SendData(0x00); SendData(0x03); SendData(0x0c); SendData(0x60); SendData(0x0e); SendD
             -ata(0x18); SendData(0x00);
 961   2          SendData(0x01); SendData(0x00); SendData(0x04); SendData(0x0c); SendData(0x00); SendData(0x01); SendData
             -(0x07); SendData(0x14);
 962   2      
 963   2          SendData(0x01); SendData(0x00); SendData(0x01); SendData(0x0c); SendData(0x24); SendData(0x00); SendData
             -(0x00); SendData(0x00);
 964   2              SendData(0x01); SendData(0x00); SendData(0x02); SendData(0x0c); SendData(0x00); SendData(0x00); Se
C51 COMPILER V9.52.0.0   INDY                                                              06/03/2016 08:56:23 PAGE 19  

             -ndData(0x00); SendData(0x00);
 965   2            SendData(0x01); SendData(0x00); SendData(0x03); SendData(0x0c); SendData(0x60); SendData(0x0e); SendD
             -ata(0x18); SendData(0x00);
 966   2          SendData(0x01); SendData(0x00); SendData(0x04); SendData(0x0c); SendData(0x00); SendData(0x01); SendData
             -(0x07); SendData(0x14);
 967   2      
 968   2          SendData(0x01); SendData(0x00); SendData(0x01); SendData(0x0c); SendData(0x25); SendData(0x00); SendData
             -(0x00); SendData(0x00);
 969   2              SendData(0x01); SendData(0x00); SendData(0x02); SendData(0x0c); SendData(0x00); SendData(0x00); Se
             -ndData(0x00); SendData(0x00);
 970   2            SendData(0x01); SendData(0x00); SendData(0x03); SendData(0x0c); SendData(0x60); SendData(0x0e); SendD
             -ata(0x18); SendData(0x00);
 971   2          SendData(0x01); SendData(0x00); SendData(0x04); SendData(0x0c); SendData(0x00); SendData(0x01); SendData
             -(0x07); SendData(0x14);
 972   2      
 973   2          SendData(0x01); SendData(0x00); SendData(0x01); SendData(0x0c); SendData(0x26); SendData(0x00); SendData
             -(0x00); SendData(0x00);
 974   2              SendData(0x01); SendData(0x00); SendData(0x02); SendData(0x0c); SendData(0x00); SendData(0x00); Se
             -ndData(0x00); SendData(0x00);
 975   2            SendData(0x01); SendData(0x00); SendData(0x03); SendData(0x0c); SendData(0x60); SendData(0x0e); SendD
             -ata(0x18); SendData(0x00);
 976   2          SendData(0x01); SendData(0x00); SendData(0x04); SendData(0x0c); SendData(0x00); SendData(0x01); SendData
             -(0x07); SendData(0x14);
 977   2      
 978   2          SendData(0x01); SendData(0x00); SendData(0x01); SendData(0x0c); SendData(0x27); SendData(0x00); SendData
             -(0x00); SendData(0x00);
 979   2              SendData(0x01); SendData(0x00); SendData(0x02); SendData(0x0c); SendData(0x00); SendData(0x00); Se
             -ndData(0x00); SendData(0x00);
 980   2            SendData(0x01); SendData(0x00); SendData(0x03); SendData(0x0c); SendData(0x60); SendData(0x0e); SendD
             -ata(0x18); SendData(0x00);
 981   2          SendData(0x01); SendData(0x00); SendData(0x04); SendData(0x0c); SendData(0x00); SendData(0x01); SendData
             -(0x07); SendData(0x14);
 982   2      
 983   2          SendData(0x01); SendData(0x00); SendData(0x01); SendData(0x0c); SendData(0x28); SendData(0x00); SendData
             -(0x00); SendData(0x00);
 984   2              SendData(0x01); SendData(0x00); SendData(0x02); SendData(0x0c); SendData(0x00); SendData(0x00); Se
             -ndData(0x00); SendData(0x00);
 985   2            SendData(0x01); SendData(0x00); SendData(0x03); SendData(0x0c); SendData(0x60); SendData(0x0e); SendD
             -ata(0x18); SendData(0x00);
 986   2          SendData(0x01); SendData(0x00); SendData(0x04); SendData(0x0c); SendData(0x00); SendData(0x01); SendData
             -(0x07); SendData(0x14);
 987   2      
 988   2          SendData(0x01); SendData(0x00); SendData(0x01); SendData(0x0c); SendData(0x29); SendData(0x00); SendData
             -(0x00); SendData(0x00);
 989   2              SendData(0x01); SendData(0x00); SendData(0x02); SendData(0x0c); SendData(0x00); SendData(0x00); Se
             -ndData(0x00); SendData(0x00);
 990   2            SendData(0x01); SendData(0x00); SendData(0x03); SendData(0x0c); SendData(0x60); SendData(0x0e); SendD
             -ata(0x18); SendData(0x00);
 991   2          SendData(0x01); SendData(0x00); SendData(0x04); SendData(0x0c); SendData(0x00); SendData(0x01); SendData
             -(0x07); SendData(0x14);
 992   2      
 993   2          SendData(0x01); SendData(0x00); SendData(0x01); SendData(0x0c); SendData(0x2a); SendData(0x00); SendData
             -(0x00); SendData(0x00);
 994   2              SendData(0x01); SendData(0x00); SendData(0x02); SendData(0x0c); SendData(0x00); SendData(0x00); Se
             -ndData(0x00); SendData(0x00);
 995   2            SendData(0x01); SendData(0x00); SendData(0x03); SendData(0x0c); SendData(0x60); SendData(0x0e); SendD
             -ata(0x18); SendData(0x00);
 996   2          SendData(0x01); SendData(0x00); SendData(0x04); SendData(0x0c); SendData(0x00); SendData(0x01); SendData
             -(0x07); SendData(0x14);
 997   2      
 998   2          SendData(0x01); SendData(0x00); SendData(0x01); SendData(0x0c); SendData(0x2b); SendData(0x00); SendData
             -(0x00); SendData(0x00);
C51 COMPILER V9.52.0.0   INDY                                                              06/03/2016 08:56:23 PAGE 20  

 999   2              SendData(0x01); SendData(0x00); SendData(0x02); SendData(0x0c); SendData(0x00); SendData(0x00); Se
             -ndData(0x00); SendData(0x00);
1000   2            SendData(0x01); SendData(0x00); SendData(0x03); SendData(0x0c); SendData(0x60); SendData(0x0e); SendD
             -ata(0x18); SendData(0x00);
1001   2          SendData(0x01); SendData(0x00); SendData(0x04); SendData(0x0c); SendData(0x00); SendData(0x01); SendData
             -(0x07); SendData(0x14);
1002   2      
1003   2          SendData(0x01); SendData(0x00); SendData(0x01); SendData(0x0c); SendData(0x2c); SendData(0x00); SendData
             -(0x00); SendData(0x00);
1004   2              SendData(0x01); SendData(0x00); SendData(0x02); SendData(0x0c); SendData(0x00); SendData(0x00); Se
             -ndData(0x00); SendData(0x00);
1005   2            SendData(0x01); SendData(0x00); SendData(0x03); SendData(0x0c); SendData(0x60); SendData(0x0e); SendD
             -ata(0x18); SendData(0x00);
1006   2          SendData(0x01); SendData(0x00); SendData(0x04); SendData(0x0c); SendData(0x00); SendData(0x01); SendData
             -(0x07); SendData(0x14);
1007   2      
1008   2          SendData(0x01); SendData(0x00); SendData(0x01); SendData(0x0c); SendData(0x2d); SendData(0x00); SendData
             -(0x00); SendData(0x00);
1009   2              SendData(0x01); SendData(0x00); SendData(0x02); SendData(0x0c); SendData(0x00); SendData(0x00); Se
             -ndData(0x00); SendData(0x00);
1010   2            SendData(0x01); SendData(0x00); SendData(0x03); SendData(0x0c); SendData(0x60); SendData(0x0e); SendD
             -ata(0x18); SendData(0x00);
1011   2          SendData(0x01); SendData(0x00); SendData(0x04); SendData(0x0c); SendData(0x00); SendData(0x01); SendData
             -(0x07); SendData(0x14);
1012   2      
1013   2          SendData(0x01); SendData(0x00); SendData(0x01); SendData(0x0c); SendData(0x2e); SendData(0x00); SendData
             -(0x00); SendData(0x00);
1014   2              SendData(0x01); SendData(0x00); SendData(0x02); SendData(0x0c); SendData(0x00); SendData(0x00); Se
             -ndData(0x00); SendData(0x00);
1015   2            SendData(0x01); SendData(0x00); SendData(0x03); SendData(0x0c); SendData(0x60); SendData(0x0e); SendD
             -ata(0x18); SendData(0x00);
1016   2          SendData(0x01); SendData(0x00); SendData(0x04); SendData(0x0c); SendData(0x00); SendData(0x01); SendData
             -(0x07); SendData(0x14);
1017   2      
1018   2          SendData(0x01); SendData(0x00); SendData(0x01); SendData(0x0c); SendData(0x2f); SendData(0x00); SendData
             -(0x00); SendData(0x00);
1019   2              SendData(0x01); SendData(0x00); SendData(0x02); SendData(0x0c); SendData(0x00); SendData(0x00); Se
             -ndData(0x00); SendData(0x00);
1020   2            SendData(0x01); SendData(0x00); SendData(0x03); SendData(0x0c); SendData(0x60); SendData(0x0e); SendD
             -ata(0x18); SendData(0x00);
1021   2          SendData(0x01); SendData(0x00); SendData(0x04); SendData(0x0c); SendData(0x00); SendData(0x01); SendData
             -(0x07); SendData(0x14);
1022   2      
1023   2          SendData(0x01); SendData(0x00); SendData(0x01); SendData(0x0c); SendData(0x30); SendData(0x00); SendData
             -(0x00); SendData(0x00);
1024   2              SendData(0x01); SendData(0x00); SendData(0x02); SendData(0x0c); SendData(0x00); SendData(0x00); Se
             -ndData(0x00); SendData(0x00);
1025   2            SendData(0x01); SendData(0x00); SendData(0x03); SendData(0x0c); SendData(0x60); SendData(0x0e); SendD
             -ata(0x18); SendData(0x00);
1026   2          SendData(0x01); SendData(0x00); SendData(0x04); SendData(0x0c); SendData(0x00); SendData(0x01); SendData
             -(0x07); SendData(0x14);
1027   2      
1028   2          SendData(0x01); SendData(0x00); SendData(0x01); SendData(0x0c); SendData(0x31); SendData(0x00); SendData
             -(0x00); SendData(0x00);
1029   2              SendData(0x01); SendData(0x00); SendData(0x02); SendData(0x0c); SendData(0x00); SendData(0x00); Se
             -ndData(0x00); SendData(0x00);
1030   2            SendData(0x01); SendData(0x00); SendData(0x03); SendData(0x0c); SendData(0x60); SendData(0x0e); SendD
             -ata(0x18); SendData(0x00);
1031   2          SendData(0x01); SendData(0x00); SendData(0x04); SendData(0x0c); SendData(0x00); SendData(0x01); SendData
             -(0x07); SendData(0x14);
1032   2              
1033   2          break;
C51 COMPILER V9.52.0.0   INDY                                                              06/03/2016 08:56:23 PAGE 21  

1034   2      
1035   2          // ----------------------^^^^^^^^^ channel set  ^^^^^^^^^^^^^^--------------
1036   2          default:
1037   2                  break;
1038   2          }
1039   1      
1040   1      }
1041          
1042          char index_r_check(char id)
1043          {
1044   1          char i;
1045   1      
1046   1           xdata char  index_r1_num = 36;
1047   1           xdata char   index_r1[]= {0x24 ,0x03 ,0x49 ,0x00 ,0x6D ,0x00 ,0x70 ,0x00 ,0x69 ,0x00 ,0x6E ,0x00 ,0x6
             -A ,0x00 ,0x53 ,0x00 ,0x65 ,0x00 ,0x72 ,0x00 ,0x69 ,0x00 ,0x61 ,0x00 ,0x6C ,0x00 ,0x4E ,0x00 ,0x75 ,0x00 ,0x6D ,0x00 ,0x3
             -0 ,0x00 ,0x31 ,0x00};
1048   1           xdata char  index_r2_num = 8;
1049   1           xdata char  index_r2[]= {0x40 ,0x03 ,0xBF ,0xFC ,0xBF ,0xFC ,0xBF ,0xFC };
1050   1           xdata char  index_r3_num = 8;
1051   1           xdata char  index_r3[]= {0x00 ,0x00 ,0x01 ,0x00 ,0x12 ,0x00 ,0x21 ,0x00};
1052   1           xdata char  index_r4_num = 8;
1053   1           xdata char  index_r4[]= {0x00  ,0x00  ,0x10  ,0x00  ,0x00  ,0x00  ,0x00  ,0x00};
1054   1           xdata char  index_r5_num = 8;
1055   1           xdata char  index_r5[]= {0x00  ,0x00  ,0x05  ,0x00  ,0x00  ,0x00  ,0x00  ,0x00};
1056   1           
1057   1           xdata char  index_r6_num = 8;
1058   1           xdata char  index_r6[]= {0x00  ,0x00  ,0x06  ,0x00  ,0x00  ,0x00  ,0x00  ,0x00};
1059   1           
1060   1           xdata char  index_r7_num = 8;
1061   1           xdata char  index_r7[]= {0x00  ,0x00  ,0x10  ,0x00  ,0x00  ,0x00  ,0x00  ,0x00};
1062   1           
1063   1           xdata char  index_r8_num = 8;
1064   1           xdata char  index_r8[]= {0x00  ,0x00  ,0x11  ,0x00  ,0x88  ,0xE1  ,0xF3  ,0xC0};
1065   1           
1066   1           xdata char  index_r9_num = 8;
1067   1           xdata char  index_r9[]= {0x00  ,0x00  ,0x00  ,0x00  ,0xF0  ,0x00  ,0x06  ,0x02};
1068   1           
1069   1           xdata char  index_r10_num = 8;
1070   1           xdata char  index_r10[]= {0x00  ,0x00  ,0x01  ,0x00  ,0x12  ,0x00  ,0x21  ,0x00};
1071   1           
1072   1           xdata char  index_r11_num = 8;
1073   1           xdata char  index_r11[]= {0x00  ,0x00  ,0x02  ,0x00  ,0xA0  ,0x00  ,0xA0  ,0x02};
1074   1           
1075   1           xdata char  index_r12_num = 8;
1076   1           xdata char  index_r12[]= {0x00  ,0x00  ,0x00  ,0x03  ,0x00  ,0x00  ,0x00  ,0x00};
1077   1           
1078   1           xdata char  index_r13_num = 8;
1079   1           xdata char  index_r13[]= {0x00  ,0x00  ,0x02  ,0x00  ,0xA0  ,0x00  ,0xA0  ,0x02};
1080   1           
1081   1           xdata char  index_r14_num = 8;
1082   1           xdata char  index_r14[]= {0x00  ,0x00  ,0x61  ,0x1B  ,0x02  ,0x06  ,0x00  ,0x00};
1083   1           
1084   1           xdata char  index_r15_num = 8;
1085   1           xdata char  index_r15[]= {0x00 ,0x00 ,0x05 ,0x00 ,0x00 ,0x00 ,0x00 ,0x00};
1086   1           
1087   1           xdata char  index_r16_num = 8;
1088   1           xdata char  index_r16[]= {0x00 ,0x00 ,0x02 ,0x07 ,0x01 ,0x00 ,0x00 ,0x00};
1089   1           
1090   1           xdata char  index_r17_num = 8;
1091   1           xdata char  index_r17[]= {0x00 ,0x00 ,0x05 ,0x00 ,0x00 ,0x00 ,0x00 ,0x00};
1092   1           
1093   1           xdata char  index_r18_num = 8;
C51 COMPILER V9.52.0.0   INDY                                                              06/03/2016 08:56:23 PAGE 22  

1094   1           xdata char  index_r18[]= {0x00 ,0x00 ,0x04 ,0x07 ,0x00 ,0x00 ,0x00 ,0x00};
1095   1           
1096   1           xdata char  index_r19_num = 8;
1097   1           xdata char  index_r19[]= {0x00 ,0x00 ,0x05 ,0x07 ,0xD0 ,0x07 ,0x00 ,0x00};
1098   1           
1099   1           xdata char  index_r20_num = 8;
1100   1           xdata char  index_r20[]= {0x00 ,0x00 ,0x06 ,0x07 ,0xDC ,0x00 ,0x00 ,0x00};
1101   1           
1102   1           xdata char  index_r21_num = 8;
1103   1           xdata char  index_r21[]= {0x00 ,0x00 ,0x07 ,0x07 ,0x00 ,0x20 ,0x00 ,0x00};
1104   1           
1105   1           xdata char  index_r22_num = 8;
1106   1           xdata char  index_r22[]= {0x00 ,0x00 ,0x12 ,0x0B ,0xFF ,0xFF ,0x0F ,0x00};
1107   1           
1108   1           xdata char  index_r23_num = 8;
1109   1           xdata char  index_r23[]= {0x00 ,0x00 ,0x05 ,0x00 ,0x00 ,0x00 ,0x00 ,0x00};
1110   1           
1111   1           xdata char  index_r24_num = 0;
1112   1           xdata char  index_r24[]= {0};
1113   1           
1114   1           
1115   1           xdata char  index_r25_num = 8;
1116   1           xdata char  index_r25[]= {0x00 ,0x00 ,0x05 ,0x00 ,0x00 ,0x00 ,0x00 ,0x00};
1117   1           xdata char  index_r26_num = 8;
1118   1           xdata char  index_r26[]= {0x00 ,0x00 ,0x05 ,0x00 ,0x00 ,0x00 ,0x00 ,0x00};
1119   1           xdata char  index_r27_num = 8;
1120   1           xdata char  index_r27[]= {0x00 ,0x00 ,0x06 ,0x00 ,0x00 ,0x00 ,0x00 ,0x00};
1121   1           xdata char  index_r28_num = 8;
1122   1           xdata char  index_r28[]= {0x00 ,0x00 ,0x05 ,0x00 ,0x00 ,0x00 ,0x00 ,0x00};
1123   1           xdata char  index_r29_num = 8;
1124   1           xdata char  index_r29[]= {0x00 ,0x00 ,0x05 ,0x00 ,0x00 ,0x00 ,0x00 ,0x00};
1125   1           xdata char  index_r30_num = 8;
1126   1           xdata char  index_r30[]= {0x00 ,0x00 ,0x06 ,0x00 ,0x00 ,0x00 ,0x00 ,0x00};
1127   1           xdata char  index_r31_num = 32;
1128   1           xdata char  index_r31[]= {0x01 ,0x00 ,0x00 ,0x00 ,0x02 ,0x00 ,0x00 ,0x00 ,0x27 ,0x00 ,0x00 ,0x00 ,0x8
             -7 ,0x2E ,0x0D ,0x00 ,0x01 ,0x00 ,0x01 ,0x00 ,0x02 ,0x00 ,0x00 ,0x00 ,0x8F ,0x2E ,0x0D ,0x00 ,0x00 ,0x00 ,0x00 ,0x00};
1129   1           xdata char  index_r32_num = 8;
1130   1           xdata char  index_r32[]= {0x00 ,0x00 ,0x05 ,0x00 ,0x00 ,0x00 ,0x00 ,0x00};
1131   1           xdata char  index_r33_num = 8;
1132   1           xdata char  index_r33[]= {0x00 ,0x00 ,0x06 ,0x00 ,0x00 ,0x00 ,0x00 ,0x00};
1133   1           
1134   1           
1135   1      
1136   1          switch(id)
1137   1          {
1138   2              case 1:
1139   2                  for(i = 0;i<index_r1_num;i++)
1140   2                  {
1141   3                      if(rec_data[i] != index_r1[i])
1142   3                      {
1143   4                          return id;
1144   4                      }
1145   3                  }
1146   2                  break;
1147   2              case 2:
1148   2                  for(i = 0;i<index_r2_num;i++)
1149   2                  {
1150   3                      if(rec_data[i] != index_r2[i])
1151   3                      {
1152   4                          return id;
1153   4                      }
1154   3                  }
C51 COMPILER V9.52.0.0   INDY                                                              06/03/2016 08:56:23 PAGE 23  

1155   2                  break;
1156   2                  case 3:
1157   2                  for(i = 0;i<index_r3_num;i++)
1158   2                  {
1159   3                      if(rec_data[i] != index_r3[i])
1160   3                      {
1161   4                          return id;
1162   4                      }
1163   3                  }
1164   2                  break;
1165   2              case 4:
1166   2                  for(i = 0;i<index_r4_num;i++)
1167   2                  {
1168   3                      if(rec_data[i] != index_r4[i])
1169   3                      {
1170   4                          return id;
1171   4                      }
1172   3                  }
1173   2                  break;
1174   2              case 5:
1175   2                  for(i = 0;i<index_r5_num;i++)
1176   2                  {
1177   3                      if(rec_data[i] != index_r5[i])
1178   3                      {
1179   4                          return id;
1180   4                      }
1181   3                  }
1182   2                  break;
1183   2              case 6:
1184   2                  for(i = 0;i<index_r6_num;i++)
1185   2                  {
1186   3                      if(rec_data[i] != index_r6[i])
1187   3                      {
1188   4                          return id;
1189   4                      }
1190   3                  }
1191   2                  break;
1192   2      
1193   2             case 7:
1194   2                  for(i = 0;i<index_r7_num;i++)
1195   2                  {
1196   3                      if(rec_data[i] != index_r7[i])
1197   3                      {
1198   4                          return id;
1199   4                      }
1200   3                  }
1201   2                  break;
1202   2              case 8:
1203   2                  for(i = 0;i<index_r8_num;i++)
1204   2                  {
1205   3                      if(rec_data[i] != index_r8[i])
1206   3                      {
1207   4                          return id;
1208   4                      }
1209   3                  }
1210   2                  break;
1211   2              case 9:
1212   2                  for(i = 0;i<index_r9_num;i++)
1213   2                  {
1214   3                      if(rec_data[i] != index_r9[i])
1215   3                      {
1216   4                          return id;
C51 COMPILER V9.52.0.0   INDY                                                              06/03/2016 08:56:23 PAGE 24  

1217   4                      }
1218   3                  }
1219   2                  break;
1220   2              case 10:
1221   2                  for(i = 0;i<index_r10_num;i++)
1222   2                  {
1223   3                      if(rec_data[i] != index_r10[i])
1224   3                      {
1225   4                          return id;
1226   4                      }
1227   3                  }
1228   2                  break;
1229   2              case 11:
1230   2                  for(i = 0;i<index_r11_num;i++)
1231   2                  {
1232   3                      if(rec_data[i] != index_r11[i])
1233   3                      {
1234   4                          return id;
1235   4                      }
1236   3                  }
1237   2                  break;
1238   2              case 12:
1239   2                  //SendData2(0x11);
1240   2                  //for(i = 0;i < index_r12_num;i++)
1241   2                 //     SendData2(index_r12[i]);
1242   2                  for(i = 0;i<index_r12_num;i++)
1243   2                  {
1244   3                      if(rec_data[i] != index_r12[i])
1245   3                      {
1246   4                          return id;
1247   4                      }
1248   3                  }
1249   2                  break;
1250   2      
1251   2             case 13:
1252   2                  for(i = 0;i<index_r13_num;i++)
1253   2                  {
1254   3                      if(rec_data[i] != index_r13[i])
1255   3                      {
1256   4                          return id;
1257   4                      }
1258   3                  }
1259   2                  break;
1260   2              case 14:
1261   2                  for(i = 0;i<index_r14_num;i++)
1262   2                  {
1263   3                      if(rec_data[i] != index_r14[i])
1264   3                      {
1265   4                          return id;
1266   4                      }
1267   3                  }
1268   2                  break;
1269   2      
1270   2             case 15:
1271   2                  for(i = 0;i<index_r15_num;i++)
1272   2                  {
1273   3                      if(rec_data[i] != index_r15[i])
1274   3                      {
1275   4                          return id;
1276   4                      }
1277   3                  }
1278   2                  break;
C51 COMPILER V9.52.0.0   INDY                                                              06/03/2016 08:56:23 PAGE 25  

1279   2              case 16:
1280   2                  for(i = 0;i<index_r16_num;i++)
1281   2                  {
1282   3                      if(rec_data[i] != index_r16[i])
1283   3                      {
1284   4                          return id;
1285   4                      }
1286   3                  }
1287   2                  break;
1288   2      
1289   2             case 17:
1290   2                  //SendData2(0xcc);
1291   2                  //for(i = 0;i < index_r17_num;i++)
1292   2                  //    SendData2(rec_data[i]);
1293   2                  //for(i = 0;i < index_r17_num;i++)
1294   2                 //     SendData2(index_r17[i]);
1295   2                  for(i = 0;i<index_r17_num;i++)
1296   2                  {
1297   3                      if(rec_data[i] != index_r17[i])
1298   3                      {
1299   4                          //SendData2(0xbb);
1300   4                         // SendData2(i);
1301   4                          return id;
1302   4                      }
1303   3                  }
1304   2                  break;
1305   2              case 18:
1306   2                  for(i = 0;i<index_r18_num;i++)
1307   2                  {
1308   3                      if(rec_data[i] != index_r18[i])
1309   3                      {
1310   4                          return id;
1311   4                      }
1312   3                  }
1313   2                  break;
1314   2              case 19:
1315   2                  for(i = 0;i<index_r19_num;i++)
1316   2                  {
1317   3                      if(rec_data[i] != index_r19[i])
1318   3                      {
1319   4                          return id;
1320   4                      }
1321   3                  }
1322   2                  break;
1323   2              case 20:
1324   2                  
1325   2                  //for(i = 0;i<index_r20_num;i++)
1326   2                  {
1327   3                     // if(rec_data[i] != index_r20[i])
1328   3                      {
1329   4                          return 0;
1330   4                      }
1331   3                  }
1332   2                  break;
1333   2              case 21:
1334   2                  for(i = 0;i<index_r21_num;i++)
1335   2                  {
1336   3                      if(rec_data[i] != index_r21[i])
1337   3                      {
1338   4                          return id;
1339   4                      }
1340   3                  }
C51 COMPILER V9.52.0.0   INDY                                                              06/03/2016 08:56:23 PAGE 26  

1341   2                  break;
1342   2              case 22:
1343   2                  for(i = 0;i<index_r22_num;i++)
1344   2                  {
1345   3                      if(rec_data[i] != index_r22[i])
1346   3                      {
1347   4      
1348   4                          return id;
1349   4                      }
1350   3                  }
1351   2                  break;
1352   2      
1353   2             case 23:
1354   2                  for(i = 0;i<index_r23_num;i++)
1355   2                  {
1356   3                      if(rec_data[i] != index_r23[i])
1357   3                      {
1358   4                          return id;
1359   4                      }
1360   3                  }
1361   2                  break;
1362   2              case 24:
1363   2                  for(i = 0;i<index_r24_num;i++)
1364   2                  {
1365   3                      if(rec_data[i] != index_r24[i])
1366   3                      {
1367   4                          return id;
1368   4                      }
1369   3                  }
1370   2                  break;
1371   2      
1372   2              
1373   2             case 25:
1374   2                  for(i = 0;i<index_r25_num;i++)
1375   2                  {
1376   3                      if(rec_data[i] != index_r25[i])
1377   3                      {
1378   4                          return id;
1379   4                      }
1380   3                  }
1381   2                  break;
1382   2              case 26:
1383   2                  for(i = 0;i<index_r26_num;i++)
1384   2                  {
1385   3                      if(rec_data[i] != index_r26[i])
1386   3                      {
1387   4                          return id;
1388   4                      }
1389   3                  }
1390   2                  break;
1391   2      
1392   2             case 27:
1393   2                  for(i = 0;i<index_r27_num;i++)
1394   2                  {
1395   3                      if(rec_data[i] != index_r27[i])
1396   3                      {
1397   4                          return id;
1398   4                      }
1399   3                  }
1400   2                  break;
1401   2              case 28:
1402   2                  for(i = 0;i<index_r28_num;i++)
C51 COMPILER V9.52.0.0   INDY                                                              06/03/2016 08:56:23 PAGE 27  

1403   2                  {
1404   3                      if(rec_data[i] != index_r28[i])
1405   3                      {
1406   4                          return id;
1407   4                      }
1408   3                  }
1409   2                  break;
1410   2              case 29:
1411   2                  for(i = 0;i<index_r29_num;i++)
1412   2                  {
1413   3                      if(rec_data[i] != index_r29[i])
1414   3                      {
1415   4                          return id;
1416   4                      }
1417   3                  }
1418   2                  break;
1419   2              case 30:
1420   2                  for(i = 0;i<index_r30_num;i++)
1421   2                  {
1422   3                      if(rec_data[i] != index_r30[i])
1423   3                      {
1424   4                          return id;
1425   4                      }
1426   3                  }
1427   2                  break;
1428   2              case 31:
1429   2                  //for(i = 0;i<index_r31_num;i++)
1430   2                  {
1431   3                     // if(rec_data[i] != index_r31[i])
1432   3                      {
1433   4                          return 0;
1434   4                      }
1435   3                  }
1436   2                  break;
1437   2              case 32:
1438   2                  for(i = 0;i<index_r32_num;i++)
1439   2                  {
1440   3                      if(rec_data[i] != index_r32[i])
1441   3                      {
1442   4                          return id;
1443   4                      }
1444   3                  }
1445   2                  break;
1446   2      
1447   2             case 33:
1448   2                  for(i = 0;i<index_r33_num;i++)
1449   2                  {
1450   3                      if(rec_data[i] != index_r33[i])
1451   3                      {
1452   4                          return id;
1453   4                      }
1454   3                  }
1455   2                  break;
1456   2       
1457   2              default :
1458   2                  return 0;
1459   2                  break;
1460   2               
1461   2          }
1462   1          
1463   1      
1464   1          return 0;
C51 COMPILER V9.52.0.0   INDY                                                              06/03/2016 08:56:23 PAGE 28  

1465   1      }


MODULE INFORMATION:   STATIC OVERLAYABLE
   CODE SIZE        =  13757    ----
   CONSTANT SIZE    =    436    ----
   XDATA SIZE       =     34     412
   PDATA SIZE       =   ----    ----
   DATA SIZE        =   ----    ----
   IDATA SIZE       =   ----    ----
   BIT SIZE         =   ----       2
END OF MODULE INFORMATION.


C51 COMPILATION COMPLETE.  0 WARNING(S),  0 ERROR(S)
