BL51 BANKED LINKER/LOCATER V6.22                                                        06/02/2016  10:19:06  PAGE 1


BL51 BANKED LINKER/LOCATER V6.22, INVOKED BY:
C:\KEIL\C51\BIN\BL51.EXE STARTUP.obj, main.obj, BLE.obj, delay.obj, indy.obj, stc15_oled.obj, stc15_adc.obj, stc15_uart.
>> obj, stc15_flash.obj, stc15_pwm.obj, stc15_time.obj, stc15_spi.obj, stc15_int.obj, beep.obj, stc15_clk.obj, power.obj
>> , keyScan.obj, oled_data.obj TO lifeRf RAMSIZE (256)


MEMORY MODEL: LARGE WITH FLOATING POINT ARITHMETIC


INPUT MODULES INCLUDED:
  STARTUP.obj (?C_STARTUP)
  main.obj (MAIN)
  BLE.obj (BLE)
  delay.obj (DELAY)
  indy.obj (INDY)
  stc15_oled.obj (STC15_OLED)
  stc15_adc.obj (STC15_ADC)
  stc15_uart.obj (STC15_UART)
  stc15_flash.obj (STC15_FLASH)
  stc15_pwm.obj (STC15_PWM)
  stc15_time.obj (STC15_TIME)
  stc15_spi.obj (STC15_SPI)
  stc15_int.obj (STC15_INT)
  beep.obj (BEEP)
  stc15_clk.obj (STC15_CLK)
  power.obj (POWER)
  keyScan.obj (KEYSCAN)
  oled_data.obj (OLED_DATA)
  C:\KEIL\C51\LIB\C51FPL.LIB (?C?FPADD)
  C:\KEIL\C51\LIB\C51FPL.LIB (?C?FPMUL)
  C:\KEIL\C51\LIB\C51FPL.LIB (?C?FPDIV)
  C:\KEIL\C51\LIB\C51FPL.LIB (?C?FPCMP)
  C:\KEIL\C51\LIB\C51FPL.LIB (?C?FCAST)
  C:\KEIL\C51\LIB\C51FPL.LIB (?C?CASTF)
  C:\KEIL\C51\LIB\C51FPL.LIB (?C?FPGETOPN)
  C:\KEIL\C51\LIB\C51L.LIB (?C_INIT)
  C:\KEIL\C51\LIB\C51L.LIB (?C?COPY)
  C:\KEIL\C51\LIB\C51L.LIB (?C?SCDIV)
  C:\KEIL\C51\LIB\C51L.LIB (?C?CLDPTR)
  C:\KEIL\C51\LIB\C51L.LIB (?C?CLDOPTR)
  C:\KEIL\C51\LIB\C51L.LIB (?C?IMUL)
  C:\KEIL\C51\LIB\C51L.LIB (?C?UIDIV)
  C:\KEIL\C51\LIB\C51L.LIB (?C?IILDX)
  C:\KEIL\C51\LIB\C51L.LIB (?C?ILDIX)
  C:\KEIL\C51\LIB\C51L.LIB (?C?LMUL)
  C:\KEIL\C51\LIB\C51L.LIB (?C?SLDIV)
  C:\KEIL\C51\LIB\C51L.LIB (?C?LNEG)
  C:\KEIL\C51\LIB\C51L.LIB (?C?SLSHR)
  C:\KEIL\C51\LIB\C51L.LIB (?C?LSTXDATA)
  C:\KEIL\C51\LIB\C51L.LIB (?C?LSTKXDATA)
  C:\KEIL\C51\LIB\C51L.LIB (?C?CCASE)
  C:\KEIL\C51\LIB\C51L.LIB (?C?ULDIV)


LINK MAP OF MODULE:  lifeRf (?C_STARTUP)


            TYPE    BASE      LENGTH    RELOCATION   SEGMENT NAME
BL51 BANKED LINKER/LOCATER V6.22                                                      06/02/2016  10:19:06  PAGE 2


            -----------------------------------------------------

            * * * * * * *   D A T A   M E M O R Y   * * * * * * *
            REG     0000H     0008H     ABSOLUTE     "REG BANK 0"
            REG     0008H     0008H     ABSOLUTE     "REG BANK 1"
                    0010H     0010H                  *** GAP ***
            BIT     0020H.0   0000H.4   UNIT         ?BI?STC15_UART
            BIT     0020H.4   0000H.4   UNIT         ?BI?STC15_FLASH
            BIT     0021H.0   0000H.2   UNIT         ?BI?PROCESS_PACKETS?INDY
                    0021H.2   0000H.6                *** GAP ***
            IDATA   0022H     0020H     UNIT         ?ID?STC15_FLASH
            IDATA   0042H     0001H     UNIT         ?STACK

            * * * * * * *  X D A T A   M E M O R Y  * * * * * * *
            XDATA   0000H     02EAH     UNIT         ?XD?STC15_UART
            XDATA   02EAH     0158H     UNIT         ?XD?_INDEX_R_CHECK?INDY
            XDATA   0442H     0047H     UNIT         _XDATA_GROUP_
            XDATA   0489H     0022H     UNIT         ?XD?INDY
            XDATA   04ABH     0021H     UNIT         ?XD?UART2_SENDMES?INDY
            XDATA   04CCH     0015H     UNIT         ?XD?PROCESS_PACKETS?INDY
            XDATA   04E1H     000FH     UNIT         ?XD?_WRITE_FLASH_WITH_PROTECT_IN_ONE_SECTOR?STC15_FLASH
            XDATA   04F0H     000BH     UNIT         ?XD?_SEQUENTIAL_WRITE_FLASH_IN_ONE_SECTOR?STC15_FLASH
            XDATA   04FBH     0008H     UNIT         ?XD?STC15_FLASH
            XDATA   0503H     0006H     UNIT         ?XD?_WRITE_MAC_REGISTER?INDY
            XDATA   0509H     0006H     UNIT         ?XD?_DTOA1024?STC15_ADC
            XDATA   050FH     0005H     UNIT         ?XD?MAIN
            XDATA   0514H     0005H     UNIT         ?XD?_OLEDWRITEMESSAGE?STC15_OLED
            XDATA   0519H     0005H     UNIT         ?XD?_OLEDWRITEMESSAGEBYHEX57?STC15_OLED
            XDATA   051EH     0005H     UNIT         ?XD?_DTOA256?STC15_ADC
            XDATA   0523H     0005H     UNIT         ?XD?_GETPWMBRT?STC15_PWM
            XDATA   0528H     0005H     UNIT         ?XD?STC15_PWM
            XDATA   052DH     0004H     UNIT         ?XD?_OLEDWRITEMESSAGEBYHEX?STC15_OLED
            XDATA   0531H     0004H     UNIT         ?XD?STC15_INT
            XDATA   0535H     0003H     UNIT         ?XD?_SET_BAUD?BLE
            XDATA   0538H     0003H     UNIT         ?XD?_OLEDWRITEWORDBYHEX?STC15_OLED
            XDATA   053BH     0003H     UNIT         ?XD?_SENDSTRING?STC15_UART
            XDATA   053EH     0003H     UNIT         ?XD?_SENDSTRING2?STC15_UART
            XDATA   0541H     0003H     UNIT         ?XD?_SENDSTRING3?STC15_UART
            XDATA   0544H     0003H     UNIT         ?XD?_SENDSTRING4?STC15_UART
            XDATA   0547H     0003H     UNIT         ?XD?KEYSCANTEST?KEYSCAN
            XDATA   054AH     0002H     UNIT         ?XD?_READ_MAC_REGISTER?INDY
            XDATA   054CH     0002H     UNIT         ?XD?INDY_READ_SENSORCODE?INDY
            XDATA   054EH     0002H     UNIT         ?XD?INDY_READRSSI?INDY
            XDATA   0550H     0002H     UNIT         ?XD?INDY_READTEMP?INDY
            XDATA   0552H     0002H     UNIT         ?XD?_OLEDWRITEWORDBYHEX57?STC15_OLED
            XDATA   0554H     0002H     UNIT         ?XD?_GETPWM2?STC15_PWM
            XDATA   0556H     0002H     UNIT         ?XD?_TIMER0INIT?STC15_TIME
            XDATA   0558H     0002H     UNIT         ?XD?_PAGESCAN?KEYSCAN
            XDATA   055AH     0001H     UNIT         ?XD?_OLEDBRTADJUST?STC15_PWM
            XDATA   055BH     0001H     UNIT         ?XD?POWER
            XDATA   055CH     0001H     UNIT         ?XD?KEYSCAN

            * * * * * * *   C O D E   M E M O R Y   * * * * * * *
            CODE    0000H     0003H     ABSOLUTE     
            CODE    0003H     0003H     ABSOLUTE     
            CODE    0006H     0005H     UNIT         ?PR?DELAY3US?DELAY
            CODE    000BH     0003H     ABSOLUTE     
BL51 BANKED LINKER/LOCATER V6.22                                                      06/02/2016  10:19:06  PAGE 3


            CODE    000EH     0004H     UNIT         ?PR?LVD_ISR?STC15_INT
            CODE    0012H     0001H     UNIT         ?PR?EXINT0?STC15_INT
            CODE    0013H     0003H     ABSOLUTE     
            CODE    0016H     000DH     UNIT         ?PR?DELAY999MS?DELAY
            CODE    0023H     0003H     ABSOLUTE     
            CODE    0026H     0001H     UNIT         ?PR?EXINT1?STC15_INT
            CODE    0027H     0001H     UNIT         ?PR?EXINT2?STC15_INT
            CODE    0028H     0001H     UNIT         ?PR?EXINT3?STC15_INT
            CODE    0029H     0001H     UNIT         ?PR?EXINT4?STC15_INT
                    002AH     0001H                  *** GAP ***
            CODE    002BH     0003H     ABSOLUTE     
                    002EH     0005H                  *** GAP ***
            CODE    0033H     0003H     ABSOLUTE     
            CODE    0036H     000DH     UNIT         ?PR?IAPIDLE?STC15_FLASH
            CODE    0043H     0003H     ABSOLUTE     
                    0046H     0005H                  *** GAP ***
            CODE    004BH     0003H     ABSOLUTE     
                    004EH     0005H                  *** GAP ***
            CODE    0053H     0003H     ABSOLUTE     
                    0056H     0005H                  *** GAP ***
            CODE    005BH     0003H     ABSOLUTE     
            CODE    005EH     0024H     UNIT         ?PR?_DTOA1024?STC15_ADC
                    0082H     0001H                  *** GAP ***
            CODE    0083H     0003H     ABSOLUTE     
                    0086H     0005H                  *** GAP ***
            CODE    008BH     0003H     ABSOLUTE     
                    008EH     0005H                  *** GAP ***
            CODE    0093H     0003H     ABSOLUTE     
                    0096H     0005H                  *** GAP ***
            CODE    009BH     0003H     ABSOLUTE     
            CODE    009EH     229FH     UNIT         ?PR?_INDEX_SEND?INDY
            CODE    233DH     0D14H     UNIT         ?PR?_INDEX_R_CHECK?INDY
            CODE    3051H     09E0H     UNIT         ?CO?OLED_DATA
            CODE    3A31H     0769H     UNIT         ?C?LIB_CODE
            CODE    419AH     03B5H     UNIT         ?PR?_PAGESCAN?KEYSCAN
            CODE    454FH     030BH     UNIT         ?PR?_OLEDWRITEMESSAGE?STC15_OLED
            CODE    485AH     02E9H     UNIT         ?CO?KEYSCAN
            CODE    4B43H     0297H     UNIT         ?PR?PROCESS_PACKETS?INDY
            CODE    4DDAH     01B4H     UNIT         ?CO?INDY
            CODE    4F8EH     019DH     UNIT         ?PR?KEYSCANTEST?KEYSCAN
            CODE    512BH     018CH     UNIT         ?PR?T0INT?STC15_INT
            CODE    52B7H     0186H     UNIT         ?PR?_WRITE_FLASH_WITH_PROTECT_IN_ONE_SECTOR?STC15_FLASH
            CODE    543DH     015FH     UNIT         ?PR?_OLEDWRITEMESSAGEBYHEX57?STC15_OLED
            CODE    559CH     0131H     UNIT         ?PR?UART2_SENDMES?INDY
            CODE    56CDH     012CH     UNIT         ?PR?TEMPSCAN?POWER
            CODE    57F9H     0124H     UNIT         ?PR?_OLEDWRITEMESSAGE57?STC15_OLED
            CODE    591DH     00F9H     UNIT         ?PR?_OLEDWRITEWORDBYHEX57?STC15_OLED
            CODE    5A16H     00E8H     UNIT         ?PR?_SEQUENTIAL_WRITE_FLASH_IN_ONE_SECTOR?STC15_FLASH
            CODE    5AFEH     00DEH     UNIT         ?PR?_GETPWMBZ?STC15_PWM
            CODE    5BDCH     00DEH     UNIT         ?PR?BATTERYSCAN?POWER
            CODE    5CBAH     00D4H     UNIT         ?PR?_OLEDWRITEWORDBYHEX?STC15_OLED
            CODE    5D8EH     00B1H     UNIT         ?PR?_OLEDBRTADJUST?STC15_PWM
            CODE    5E3FH     00B0H     UNIT         ?PR?ADC_ISR_KEY?STC15_ADC
            CODE    5EEFH     00ADH     UNIT         ?PR?KEYSCAN?KEYSCAN
            CODE    5F9CH     00ABH     UNIT         ?PR?T3INT?STC15_PWM
            CODE    6047H     008CH     UNIT         ?C_C51STARTUP
            CODE    60D3H     008AH     UNIT         ?PR?_GETPWMBRT?STC15_PWM
BL51 BANKED LINKER/LOCATER V6.22                                                      06/02/2016  10:19:06  PAGE 4


            CODE    615DH     0085H     UNIT         ?PR?OLEDPOWERUP?STC15_OLED
            CODE    61E2H     0079H     UNIT         ?PR?_SET_BAUD?BLE
            CODE    625BH     006CH     UNIT         ?PR?INDY_READTEMP?INDY
            CODE    62C7H     006CH     UNIT         ?PR?_OLEDWRITEMESSAGEBYHEX?STC15_OLED
            CODE    6333H     0068H     UNIT         ?PR?MAIN?MAIN
            CODE    639BH     0064H     UNIT         ?PR?_OLEDFLUSH?STC15_OLED
            CODE    63FFH     0060H     UNIT         ?PR?GETBATTERYPERCENT?POWER
            CODE    645FH     005CH     UNIT         ?PR?_WRITE_MAC_REGISTER?INDY
            CODE    64BBH     005BH     UNIT         ?PR?CLEAR_UART2_MES?INDY
            CODE    6516H     0056H     UNIT         ?PR?INDY_READRSSI?INDY
            CODE    656CH     0053H     UNIT         ?PR?_TIMER0INIT?STC15_TIME
            CODE    65BFH     004FH     UNIT         ?PR?INDY_READ_SENSORCODE?INDY
            CODE    660EH     004BH     UNIT         ?PR?_GETPWM4?STC15_PWM
            CODE    6659H     004AH     UNIT         ?PR?_GETPWM5?STC15_PWM
            CODE    66A3H     0044H     UNIT         ?C?LDIV
            CODE    66E7H     0043H     UNIT         ?PR?UART2_RECV_PROC?INDY
            CODE    672AH     003EH     UNIT         ?PR?_OLEDWRITEASSIC57?STC15_OLED
            CODE    6768H     003DH     UNIT         ?PR?UART_ISR?STC15_UART
            CODE    67A5H     003AH     UNIT         ?PR?UART2?STC15_UART
            CODE    67DFH     0038H     UNIT         ?CO?POWER
            CODE    6817H     0037H     UNIT         ?PR?_READ_MAC_REGISTER?INDY
            CODE    684EH     0036H     UNIT         ?PR?GETPWM?STC15_PWM
            CODE    6884H     0033H     UNIT         ?PR?INQUIRE_BAUD?BLE
            CODE    68B7H     0033H     UNIT         ?PR?_SENDSTRING2?STC15_UART
            CODE    68EAH     0033H     UNIT         ?PR?_SENDSTRING3?STC15_UART
            CODE    691DH     0031H     UNIT         ?PR?_WRBYTE?STC15_OLED
            CODE    694EH     0031H     UNIT         ?PR?CHECKCHARGING?POWER
            CODE    697FH     0030H     UNIT         ?C_INITSEG
            CODE    69AFH     0030H     UNIT         ?PR?OLEDCLEAR?STC15_OLED
            CODE    69DFH     002FH     UNIT         ?PR?UARTINIT?STC15_UART
            CODE    6A0EH     002AH     UNIT         ?PR?_READ_ADC1024?STC15_ADC
            CODE    6A38H     0027H     UNIT         ?CO?MAIN
            CODE    6A5FH     0024H     UNIT         ?PR?_SENDSTRING?STC15_UART
            CODE    6A83H     0024H     UNIT         ?PR?_SENDSTRING4?STC15_UART
            CODE    6AA7H     0024H     UNIT         ?PR?BATTERYINIT?POWER
            CODE    6ACBH     0022H     UNIT         ?PR?_DTOA256?STC15_ADC
            CODE    6AEDH     0021H     UNIT         ?PR?_CLEARPAGECOL?STC15_OLED
            CODE    6B0EH     0020H     UNIT         ?PR?_SETSTARTCOLUMN?STC15_OLED
            CODE    6B2EH     001FH     UNIT         ?PR?_ADCINTINIT?STC15_ADC
            CODE    6B4DH     001FH     UNIT         ?PR?_GETPWM2?STC15_PWM
            CODE    6B6CH     001BH     UNIT         ?PR?UART3INIT?STC15_UART
            CODE    6B87H     001BH     UNIT         ?PR?UART4INIT?STC15_UART
            CODE    6BA2H     001AH     UNIT         ?PR?UART3?STC15_UART
            CODE    6BBCH     001AH     UNIT         ?PR?UART4?STC15_UART
            CODE    6BD6H     0019H     UNIT         ?PR?_IAPPROGRAMBYTE?STC15_FLASH
            CODE    6BEFH     0018H     UNIT         ?PR?_SENDDATA?STC15_UART
            CODE    6C07H     0018H     UNIT         ?PR?UART2INIT?STC15_UART
            CODE    6C1FH     0018H     UNIT         ?PR?_IAPREADBYTE?STC15_FLASH
            CODE    6C37H     0017H     UNIT         ?PR?_READ_ADC256?STC15_ADC
            CODE    6C4EH     0017H     UNIT         ?PR?_DELAY?STC15_ADC
            CODE    6C65H     0017H     UNIT         ?PR?T0INTINIT?STC15_INT
            CODE    6C7CH     0016H     UNIT         ?PR?CLEAR_REC_DATA?STC15_UART
            CODE    6C92H     0015H     UNIT         ?PR?_WR1BDATA?STC15_OLED
            CODE    6CA7H     0015H     UNIT         ?PR?_IAPERASESECTOR?STC15_FLASH
            CODE    6CBCH     0013H     UNIT         ?PR?BLE_INIT?BLE
            CODE    6CCFH     0012H     UNIT         ?PR?INITSPI?STC15_SPI
            CODE    6CE1H     0012H     UNIT         ?PR?T3INTINIT?STC15_INT
BL51 BANKED LINKER/LOCATER V6.22                                                      06/02/2016  10:19:06  PAGE 5


            CODE    6CF3H     0012H     UNIT         ?PR?CLICK10MSBZ?BEEP
            CODE    6D05H     0012H     UNIT         ?PR?BEEP200MSBZ?BEEP
            CODE    6D17H     0012H     UNIT         ?PR?BTLINK3SBZ?BEEP
            CODE    6D29H     0012H     UNIT         ?PR?LOWBATTERY50MSBZ?BEEP
            CODE    6D3BH     0011H     UNIT         ?PR?INITOLED?STC15_OLED
            CODE    6D4CH     0011H     UNIT         ?PR?OLEDEXITINGSLEEPMODE?STC15_OLED
            CODE    6D5DH     0010H     UNIT         ?PR?_UDELAY?STC15_OLED
            CODE    6D6DH     0010H     UNIT         ?PR?OLEDPOWERDOWN?STC15_OLED
            CODE    6D7DH     0010H     UNIT         ?PR?CLEAR_UART2_DATA?STC15_UART
            CODE    6D8DH     000FH     UNIT         ?PR?DELAY20MS?DELAY
            CODE    6D9CH     000FH     UNIT         ?PR?DELAY150MS?DELAY
            CODE    6DABH     000FH     UNIT         ?PR?DELAY10MS?DELAY
            CODE    6DBAH     000FH     UNIT         ?PR?DELAY500MS?DELAY
            CODE    6DC9H     000FH     UNIT         ?PR?DELAY3000MS?DELAY
            CODE    6DD8H     000FH     UNIT         ?PR?DELAY200MS?DELAY
            CODE    6DE7H     000FH     UNIT         ?PR?DELAY50MS?DELAY
            CODE    6DF6H     000FH     UNIT         ?PR?DELAY100MS?DELAY
            CODE    6E05H     000FH     UNIT         ?PR?_SETSTARTPAGE?STC15_OLED
            CODE    6E14H     000CH     UNIT         ?PR?_WR1BCMD?STC15_OLED
            CODE    6E20H     000BH     UNIT         ?PR?OLEDENTERINGSLEEPMODE?STC15_OLED
            CODE    6E2BH     0009H     UNIT         ?PR?_SENDDATA2?STC15_UART
            CODE    6E34H     0009H     UNIT         ?PR?_SENDDATA3?STC15_UART
            CODE    6E3DH     0009H     UNIT         ?PR?_SENDDATA4?STC15_UART
            CODE    6E46H     0009H     UNIT         ?PR?INT0INIT?STC15_INT
            CODE    6E4FH     0009H     UNIT         ?PR?INT1INIT?STC15_INT
            CODE    6E58H     0009H     UNIT         ?PR?_WARNINGBZ?BEEP
            CODE    6E61H     0008H     UNIT         ?PR?LVDINTINIT?STC15_INT
            CODE    6E69H     0006H     UNIT         ?PR?SPI_ISR?STC15_SPI
            CODE    6E6FH     0006H     UNIT         ?PR?INT2INIT?STC15_INT
            CODE    6E75H     0006H     UNIT         ?PR?INT3INIT?STC15_INT
            CODE    6E7BH     0006H     UNIT         ?PR?INT4INIT?STC15_INT
            CODE    6E81H     0006H     UNIT         ?PR?_WEAKUPDOWNMODE?STC15_CLK



OVERLAY MAP OF MODULE:   lifeRf (?C_STARTUP)


SEGMENT                                            XDATA_GROUP
  +--> CALLED SEGMENT                            START    LENGTH
----------------------------------------------------------------
?C_C51STARTUP                                    -----    -----
  +--> ?PR?MAIN?MAIN
  +--> ?C_INITSEG

?PR?MAIN?MAIN                                    0442H    000CH
  +--> ?PR?BEEP200MSBZ?BEEP
  +--> ?PR?UARTINIT?STC15_UART
  +--> ?PR?UART2INIT?STC15_UART
  +--> ?PR?UART3INIT?STC15_UART
  +--> ?PR?UART4INIT?STC15_UART
  +--> ?PR?BATTERYINIT?POWER
  +--> ?PR?INITOLED?STC15_OLED
  +--> ?PR?OLEDPOWERUP?STC15_OLED
  +--> ?PR?BLE_INIT?BLE
  +--> ?CO?OLED_DATA
  +--> ?PR?_OLEDFLUSH?STC15_OLED
BL51 BANKED LINKER/LOCATER V6.22                                                      06/02/2016  10:19:06  PAGE 6


  +--> ?PR?DELAY100MS?DELAY
  +--> ?PR?KEYSCAN?KEYSCAN
  +--> ?CO?MAIN
  +--> ?PR?_OLEDWRITEMESSAGE57?STC15_OLED

?PR?BEEP200MSBZ?BEEP                             -----    -----
  +--> ?PR?_GETPWMBZ?STC15_PWM
  +--> ?PR?DELAY200MS?DELAY

?PR?_GETPWMBZ?STC15_PWM                          0451H    0006H

?PR?BATTERYINIT?POWER                            -----    -----
  +--> ?PR?DELAY100MS?DELAY

?PR?OLEDPOWERUP?STC15_OLED                       044EH    0002H
  +--> ?PR?_WR1BCMD?STC15_OLED
  +--> ?PR?OLEDCLEAR?STC15_OLED

?PR?_WR1BCMD?STC15_OLED                          -----    -----
  +--> ?PR?_WRBYTE?STC15_OLED

?PR?_WRBYTE?STC15_OLED                           -----    -----
  +--> ?PR?_UDELAY?STC15_OLED

?PR?OLEDCLEAR?STC15_OLED                         0450H    0001H
  +--> ?PR?_SETSTARTPAGE?STC15_OLED
  +--> ?PR?_SETSTARTCOLUMN?STC15_OLED
  +--> ?PR?_WR1BDATA?STC15_OLED

?PR?_SETSTARTPAGE?STC15_OLED                     -----    -----
  +--> ?PR?_WR1BCMD?STC15_OLED

?PR?_SETSTARTCOLUMN?STC15_OLED                   -----    -----
  +--> ?PR?_SETSTARTPAGE?STC15_OLED
  +--> ?PR?_WR1BCMD?STC15_OLED

?PR?_WR1BDATA?STC15_OLED                         -----    -----
  +--> ?PR?_WRBYTE?STC15_OLED

?PR?_OLEDFLUSH?STC15_OLED                        044EH    0007H
  +--> ?PR?_SETSTARTPAGE?STC15_OLED
  +--> ?PR?_SETSTARTCOLUMN?STC15_OLED
  +--> ?PR?_WR1BDATA?STC15_OLED

?PR?KEYSCAN?KEYSCAN                              044EH    0003H
  +--> ?PR?_READ_ADC256?STC15_ADC
  +--> ?PR?DELAY10MS?DELAY
  +--> ?PR?_SENDDATA?STC15_UART
  +--> ?PR?CLICK10MSBZ?BEEP

?PR?CLICK10MSBZ?BEEP                             -----    -----
  +--> ?PR?_GETPWMBZ?STC15_PWM
  +--> ?PR?DELAY10MS?DELAY

?PR?_OLEDWRITEMESSAGE57?STC15_OLED               044EH    0006H
  +--> ?PR?_CLEARPAGECOL?STC15_OLED
  +--> ?PR?_OLEDWRITEASSIC57?STC15_OLED
BL51 BANKED LINKER/LOCATER V6.22                                                      06/02/2016  10:19:06  PAGE 7



?PR?_CLEARPAGECOL?STC15_OLED                     -----    -----
  +--> ?PR?_SETSTARTPAGE?STC15_OLED
  +--> ?PR?_SETSTARTCOLUMN?STC15_OLED
  +--> ?PR?_WR1BDATA?STC15_OLED

?PR?_OLEDWRITEASSIC57?STC15_OLED                 0460H    0001H
  +--> ?PR?_SETSTARTPAGE?STC15_OLED
  +--> ?PR?_SETSTARTCOLUMN?STC15_OLED
  +--> ?CO?OLED_DATA
  +--> ?PR?_WR1BDATA?STC15_OLED

*** NEW ROOT ***************************************************

?PR?ADC_ISR_KEY?STC15_ADC                        0457H    0004H
  +--> ?PR?DELAY10MS?DELAY
  +--> ?PR?_READ_ADC256?STC15_ADC

*** NEW ROOT ***************************************************

?PR?T0INT?STC15_INT                              045BH    0005H
  +--> ?PR?_SENDDATA?STC15_UART
  +--> ?PR?TEMPSCAN?POWER
  +--> ?PR?_OLEDWRITEASSIC57?STC15_OLED
  +--> ?PR?GETBATTERYPERCENT?POWER

?PR?TEMPSCAN?POWER                               0460H    001EH
  +--> ?PR?BATTERYSCAN?POWER
  +--> ?PR?_READ_ADC1024?STC15_ADC
  +--> ?PR?DELAY3US?DELAY

?PR?BATTERYSCAN?POWER                            047EH    000BH
  +--> ?PR?_READ_ADC1024?STC15_ADC
  +--> ?PR?DELAY3US?DELAY

?PR?GETBATTERYPERCENT?POWER                      0460H    0005H
  +--> ?PR?BATTERYSCAN?POWER



SYMBOL TABLE OF MODULE:  lifeRf (?C_STARTUP)

  VALUE           TYPE          NAME
  ----------------------------------

  -------         MODULE        ?C_STARTUP
  C:6047H         SEGMENT       ?C_C51STARTUP
  I:0042H         SEGMENT       ?STACK
  C:0000H         PUBLIC        ?C_STARTUP
  D:00E0H         SYMBOL        ACC
  D:00F0H         SYMBOL        B
  D:0083H         SYMBOL        DPH
  D:0082H         SYMBOL        DPL
  N:0000H         SYMBOL        IBPSTACK
  N:0100H         SYMBOL        IBPSTACKTOP
  N:0080H         SYMBOL        IDATALEN
  C:604AH         SYMBOL        IDATALOOP
BL51 BANKED LINKER/LOCATER V6.22                                                      06/02/2016  10:19:06  PAGE 8


  N:0000H         SYMBOL        PBPSTACK
  N:0100H         SYMBOL        PBPSTACKTOP
  N:0000H         SYMBOL        PDATALEN
  N:0000H         SYMBOL        PDATASTART
  N:0000H         SYMBOL        PPAGE
  N:0000H         SYMBOL        PPAGEENABLE
  D:00A0H         SYMBOL        PPAGE_SFR
  D:0081H         SYMBOL        SP
  C:6047H         SYMBOL        STARTUP1
  N:0000H         SYMBOL        XBPSTACK
  N:0000H         SYMBOL        XBPSTACKTOP
  N:0000H         SYMBOL        XDATALEN
  N:0000H         SYMBOL        XDATASTART
  C:0000H         LINE#         126
  C:6047H         LINE#         133
  C:6049H         LINE#         134
  C:604AH         LINE#         135
  C:604BH         LINE#         136
  C:604DH         LINE#         185
  C:6050H         LINE#         196
  -------         ENDMOD        ?C_STARTUP

  -------         MODULE        MAIN
  C:0000H         SYMBOL        _ICE_DUMMY_
  D:0080H         PUBLIC        P0
  D:0090H         PUBLIC        P1
  D:00A0H         PUBLIC        P2
  D:00B0H         PUBLIC        P3
  D:00C0H         PUBLIC        P4
  D:00C8H         PUBLIC        P5
  D:00E8H         PUBLIC        P6
  D:00F8H         PUBLIC        P7
  D:00A8H         PUBLIC        IE
  D:00B8H         PUBLIC        IP
  X:050FH         PUBLIC        result
  D:00D8H         PUBLIC        CCON
  C:6333H         PUBLIC        main
  D:0098H         PUBLIC        SCON
  D:0088H         PUBLIC        TCON
  D:00D0H         PUBLIC        PSW
  -------         PROC          MAIN
  -------         DO            
  X:0442H         SYMBOL        keyScanResult
  X:0443H         SYMBOL        i
  X:0444H         SYMBOL        j
  X:0445H         SYMBOL        temp
  X:0449H         SYMBOL        bat
  X:044AH         SYMBOL        fail_cnt
  X:044BH         SYMBOL        send_times
  X:044CH         SYMBOL        rec_flag
  X:044DH         SYMBOL        rec_flag_cnt
  -------         ENDDO         
  C:6333H         LINE#         12
  C:6333H         LINE#         13
  C:6333H         LINE#         14
  C:6338H         LINE#         15
  C:633AH         LINE#         16
BL51 BANKED LINKER/LOCATER V6.22                                                      06/02/2016  10:19:06  PAGE 9


  C:633CH         LINE#         17
  C:6344H         LINE#         18
  C:6349H         LINE#         21
  C:634BH         LINE#         22
  C:634DH         LINE#         23
  C:634FH         LINE#         24
  C:6351H         LINE#         26
  C:6354H         LINE#         28
  C:6357H         LINE#         29
  C:635AH         LINE#         30
  C:635DH         LINE#         31
  C:6360H         LINE#         33
  C:6363H         LINE#         35
  C:6366H         LINE#         37
  C:6369H         LINE#         39
  C:636CH         LINE#         44
  C:6375H         LINE#         65
  C:6375H         LINE#         66
  C:6375H         LINE#         67
  C:6378H         LINE#         68
  C:6380H         LINE#         69
  C:6388H         LINE#         70
  C:6388H         LINE#         71
  C:6388H         LINE#         73
  C:638EH         LINE#         74
  C:6390H         LINE#         75
  C:6390H         LINE#         76
  C:6390H         LINE#         77
  C:6390H         LINE#         78
  C:6399H         LINE#         80
  -------         ENDPROC       MAIN
  -------         ENDMOD        MAIN

  -------         MODULE        BLE
  C:0000H         SYMBOL        _ICE_DUMMY_
  D:0080H         PUBLIC        P0
  C:6884H         PUBLIC        inquire_baud
  D:0090H         PUBLIC        P1
  D:00A0H         PUBLIC        P2
  D:00B0H         PUBLIC        P3
  D:00CCH         PUBLIC        P6M0
  D:00C0H         PUBLIC        P4
  D:00CBH         PUBLIC        P6M1
  D:00C8H         PUBLIC        P5
  D:00E8H         PUBLIC        P6
  D:00F8H         PUBLIC        P7
  D:00A8H         PUBLIC        IE
  B:00E8H.5       PUBLIC        BT_CTL_BLE
  D:00B8H         PUBLIC        IP
  B:00E8H.7       PUBLIC        BRT_BLE
  B:00E8H.6       PUBLIC        MODE_CTL_BLE
  D:00D8H         PUBLIC        CCON
  D:0098H         PUBLIC        SCON
  D:0088H         PUBLIC        TCON
  C:6CBCH         PUBLIC        ble_init
  C:61E2H         PUBLIC        _set_baud
  D:00D0H         PUBLIC        PSW
BL51 BANKED LINKER/LOCATER V6.22                                                      06/02/2016  10:19:06  PAGE 10


  -------         PROC          BLE_INIT
  C:6CBCH         LINE#         5
  C:6CBCH         LINE#         6
  C:6CBCH         LINE#         7
  C:6CBFH         LINE#         8
  C:6CC2H         LINE#         10
  C:6CC5H         LINE#         11
  C:6CC8H         LINE#         13
  C:6CCAH         LINE#         14
  C:6CCCH         LINE#         15
  C:6CCEH         LINE#         16
  -------         ENDPROC       BLE_INIT
  -------         PROC          _SET_BAUD
  X:0535H         SYMBOL        id
  -------         DO            
  X:0536H         SYMBOL        i
  -------         ENDDO         
  C:61E2H         LINE#         33
  C:61E7H         LINE#         34
  C:61E7H         LINE#         35
  C:61ECH         LINE#         36
  C:61EFH         LINE#         38
  C:61F4H         LINE#         39
  C:61F9H         LINE#         40
  C:61FEH         LINE#         41
  C:6203H         LINE#         42
  C:620BH         LINE#         44
  C:620EH         LINE#         49
  C:6214H         LINE#         50
  C:6217H         LINE#         51
  C:622FH         LINE#         52
  C:623EH         LINE#         53
  C:624EH         LINE#         54
  C:6255H         LINE#         55
  C:6258H         LINE#         57
  C:625AH         LINE#         58
  -------         ENDPROC       _SET_BAUD
  -------         PROC          INQUIRE_BAUD
  C:6884H         LINE#         65
  C:6884H         LINE#         66
  C:6884H         LINE#         67
  C:6887H         LINE#         69
  C:688CH         LINE#         70
  C:6891H         LINE#         71
  C:6896H         LINE#         72
  C:689BH         LINE#         74
  C:689EH         LINE#         77
  C:68A6H         LINE#         78
  C:68A9H         LINE#         79
  C:68B0H         LINE#         80
  C:68B4H         LINE#         82
  C:68B6H         LINE#         83
  -------         ENDPROC       INQUIRE_BAUD
  -------         ENDMOD        BLE

  -------         MODULE        DELAY
  C:0000H         SYMBOL        _ICE_DUMMY_
BL51 BANKED LINKER/LOCATER V6.22                                                      06/02/2016  10:19:06  PAGE 11


  C:0016H         PUBLIC        Delay999ms
  C:0006H         PUBLIC        Delay3us
  C:6DC9H         PUBLIC        Delay3000ms
  C:6DABH         PUBLIC        Delay10ms
  C:6D8DH         PUBLIC        Delay20ms
  C:6DE7H         PUBLIC        Delay50ms
  C:6DF6H         PUBLIC        Delay100ms
  C:6DD8H         PUBLIC        Delay200ms
  C:6DBAH         PUBLIC        Delay500ms
  C:6D9CH         PUBLIC        Delay150ms
  -------         PROC          DELAY999MS
  -------         DO            
  D:0007H         SYMBOL        i
  D:0006H         SYMBOL        j
  D:0005H         SYMBOL        k
  -------         ENDDO         
  C:0016H         LINE#         4
  C:0016H         LINE#         5
  C:0016H         LINE#         8
  C:0018H         LINE#         9
  C:001AH         LINE#         10
  C:001CH         LINE#         12
  C:001CH         LINE#         14
  C:001CH         LINE#         15
  C:001EH         LINE#         16
  C:0020H         LINE#         17
  C:0022H         LINE#         18
  -------         ENDPROC       DELAY999MS
  -------         PROC          DELAY20MS
  -------         DO            
  D:0007H         SYMBOL        i
  D:0006H         SYMBOL        j
  D:0005H         SYMBOL        k
  -------         ENDDO         
  C:6D8DH         LINE#         20
  C:6D8DH         LINE#         21
  C:6D8DH         LINE#         24
  C:6D8EH         LINE#         25
  C:6D8FH         LINE#         26
  C:6D91H         LINE#         27
  C:6D93H         LINE#         28
  C:6D95H         LINE#         30
  C:6D95H         LINE#         32
  C:6D95H         LINE#         33
  C:6D97H         LINE#         34
  C:6D99H         LINE#         35
  C:6D9BH         LINE#         36
  -------         ENDPROC       DELAY20MS
  -------         PROC          DELAY150MS
  -------         DO            
  D:0007H         SYMBOL        i
  D:0006H         SYMBOL        j
  D:0005H         SYMBOL        k
  -------         ENDDO         
  C:6D9CH         LINE#         38
  C:6D9CH         LINE#         39
  C:6D9CH         LINE#         42
BL51 BANKED LINKER/LOCATER V6.22                                                      06/02/2016  10:19:06  PAGE 12


  C:6D9DH         LINE#         43
  C:6D9EH         LINE#         44
  C:6DA0H         LINE#         45
  C:6DA2H         LINE#         46
  C:6DA4H         LINE#         48
  C:6DA4H         LINE#         50
  C:6DA4H         LINE#         51
  C:6DA6H         LINE#         52
  C:6DA8H         LINE#         53
  C:6DAAH         LINE#         54
  -------         ENDPROC       DELAY150MS
  -------         PROC          DELAY10MS
  -------         DO            
  D:0007H         SYMBOL        i
  D:0006H         SYMBOL        j
  D:0005H         SYMBOL        k
  -------         ENDDO         
  C:6DABH         LINE#         56
  C:6DABH         LINE#         57
  C:6DABH         LINE#         60
  C:6DACH         LINE#         61
  C:6DADH         LINE#         62
  C:6DAFH         LINE#         63
  C:6DB1H         LINE#         64
  C:6DB3H         LINE#         66
  C:6DB3H         LINE#         68
  C:6DB3H         LINE#         69
  C:6DB5H         LINE#         70
  C:6DB7H         LINE#         71
  C:6DB9H         LINE#         72
  -------         ENDPROC       DELAY10MS
  -------         PROC          DELAY500MS
  -------         DO            
  D:0007H         SYMBOL        i
  D:0006H         SYMBOL        j
  D:0005H         SYMBOL        k
  -------         ENDDO         
  C:6DBAH         LINE#         74
  C:6DBAH         LINE#         75
  C:6DBAH         LINE#         78
  C:6DBBH         LINE#         79
  C:6DBCH         LINE#         80
  C:6DBEH         LINE#         81
  C:6DC0H         LINE#         82
  C:6DC2H         LINE#         84
  C:6DC2H         LINE#         86
  C:6DC2H         LINE#         87
  C:6DC4H         LINE#         88
  C:6DC6H         LINE#         89
  C:6DC8H         LINE#         90
  -------         ENDPROC       DELAY500MS
  -------         PROC          DELAY3000MS
  -------         DO            
  D:0007H         SYMBOL        i
  D:0006H         SYMBOL        j
  D:0005H         SYMBOL        k
  -------         ENDDO         
BL51 BANKED LINKER/LOCATER V6.22                                                      06/02/2016  10:19:06  PAGE 13


  C:6DC9H         LINE#         92
  C:6DC9H         LINE#         93
  C:6DC9H         LINE#         96
  C:6DCAH         LINE#         97
  C:6DCBH         LINE#         98
  C:6DCDH         LINE#         99
  C:6DCFH         LINE#         100
  C:6DD1H         LINE#         102
  C:6DD1H         LINE#         104
  C:6DD1H         LINE#         105
  C:6DD3H         LINE#         106
  C:6DD5H         LINE#         107
  C:6DD7H         LINE#         108
  -------         ENDPROC       DELAY3000MS
  -------         PROC          DELAY200MS
  -------         DO            
  D:0007H         SYMBOL        i
  D:0006H         SYMBOL        j
  D:0005H         SYMBOL        k
  -------         ENDDO         
  C:6DD8H         LINE#         111
  C:6DD8H         LINE#         112
  C:6DD8H         LINE#         115
  C:6DD9H         LINE#         116
  C:6DDAH         LINE#         117
  C:6DDCH         LINE#         118
  C:6DDEH         LINE#         119
  C:6DE0H         LINE#         121
  C:6DE0H         LINE#         123
  C:6DE0H         LINE#         124
  C:6DE2H         LINE#         125
  C:6DE4H         LINE#         126
  C:6DE6H         LINE#         127
  -------         ENDPROC       DELAY200MS
  -------         PROC          DELAY50MS
  -------         DO            
  D:0007H         SYMBOL        i
  D:0006H         SYMBOL        j
  D:0005H         SYMBOL        k
  -------         ENDDO         
  C:6DE7H         LINE#         130
  C:6DE7H         LINE#         131
  C:6DE7H         LINE#         134
  C:6DE8H         LINE#         135
  C:6DE9H         LINE#         136
  C:6DEBH         LINE#         137
  C:6DEDH         LINE#         138
  C:6DEFH         LINE#         140
  C:6DEFH         LINE#         142
  C:6DEFH         LINE#         143
  C:6DF1H         LINE#         144
  C:6DF3H         LINE#         145
  C:6DF5H         LINE#         146
  -------         ENDPROC       DELAY50MS
  -------         PROC          DELAY3US
  -------         DO            
  D:0007H         SYMBOL        i
BL51 BANKED LINKER/LOCATER V6.22                                                      06/02/2016  10:19:06  PAGE 14


  -------         ENDDO         
  C:0006H         LINE#         148
  C:0006H         LINE#         149
  C:0006H         LINE#         152
  C:0008H         LINE#         153
  C:000AH         LINE#         154
  -------         ENDPROC       DELAY3US
  -------         PROC          DELAY100MS
  -------         DO            
  D:0007H         SYMBOL        i
  D:0006H         SYMBOL        j
  D:0005H         SYMBOL        k
  -------         ENDDO         
  C:6DF6H         LINE#         156
  C:6DF6H         LINE#         157
  C:6DF6H         LINE#         160
  C:6DF7H         LINE#         161
  C:6DF8H         LINE#         162
  C:6DFAH         LINE#         163
  C:6DFCH         LINE#         164
  C:6DFEH         LINE#         166
  C:6DFEH         LINE#         168
  C:6DFEH         LINE#         169
  C:6E00H         LINE#         170
  C:6E02H         LINE#         171
  C:6E04H         LINE#         172
  -------         ENDPROC       DELAY100MS
  -------         ENDMOD        DELAY

  -------         MODULE        INDY
  C:0000H         SYMBOL        _ICE_DUMMY_
  D:0080H         PUBLIC        P0
  D:0090H         PUBLIC        P1
  X:0489H         PUBLIC        uart2_body
  D:00A0H         PUBLIC        P2
  C:64BBH         PUBLIC        clear_uart2_mes
  D:00B0H         PUBLIC        P3
  D:00C0H         PUBLIC        P4
  D:00C8H         PUBLIC        P5
  D:00E8H         PUBLIC        P6
  D:00F8H         PUBLIC        P7
  C:646AH         PUBLIC        _write_mac_register
  D:00A8H         PUBLIC        IE
  B:00A8H.4       PUBLIC        ES
  D:00B8H         PUBLIC        IP
  C:66E7H         PUBLIC        uart2_recv_proc
  D:00D8H         PUBLIC        CCON
  C:559CH         PUBLIC        uart2_sendMes
  C:009EH         PUBLIC        _index_send
  D:0098H         PUBLIC        SCON
  D:0088H         PUBLIC        TCON
  X:04A9H         PUBLIC        rec_flag
  C:4E59H         SYMBOL        _?ix1000
  C:4EC5H         SYMBOL        _?ix1010
  C:4E7DH         SYMBOL        _?ix1001
  C:4F15H         SYMBOL        _?ix1020
  C:4ECDH         SYMBOL        _?ix1011
BL51 BANKED LINKER/LOCATER V6.22                                                      06/02/2016  10:19:06  PAGE 15


  C:4E85H         SYMBOL        _?ix1002
  C:4F5EH         SYMBOL        _?ix1030
  C:4F1DH         SYMBOL        _?ix1021
  C:4ED5H         SYMBOL        _?ix1012
  C:4E8DH         SYMBOL        _?ix1003
  C:4F7EH         SYMBOL        _?ix1031
  C:4F25H         SYMBOL        _?ix1022
  C:4EDDH         SYMBOL        _?ix1013
  C:4E95H         SYMBOL        _?ix1004
  C:4F86H         SYMBOL        _?ix1032
  C:4F2DH         SYMBOL        _?ix1023
  C:4EE5H         SYMBOL        _?ix1014
  C:4E9DH         SYMBOL        _?ix1005
  C:4F2EH         SYMBOL        _?ix1024
  C:4EEDH         SYMBOL        _?ix1015
  C:4EA5H         SYMBOL        _?ix1006
  C:4F36H         SYMBOL        _?ix1025
  C:4EF5H         SYMBOL        _?ix1016
  C:4EADH         SYMBOL        _?ix1007
  C:4F3EH         SYMBOL        _?ix1026
  C:4EFDH         SYMBOL        _?ix1017
  C:4EB5H         SYMBOL        _?ix1008
  C:4F46H         SYMBOL        _?ix1027
  C:4F05H         SYMBOL        _?ix1018
  C:4EBDH         SYMBOL        _?ix1009
  C:4F4EH         SYMBOL        _?ix1028
  C:4F0DH         SYMBOL        _?ix1019
  C:4F56H         SYMBOL        _?ix1029
  C:233DH         PUBLIC        _index_r_check
  C:65BFH         PUBLIC        indy_read_sensorcode
  C:4B43H         PUBLIC        process_packets
  X:04AAH         PUBLIC        rec_flag_cnt
  C:625BH         PUBLIC        indy_readtemp
  C:6516H         PUBLIC        indy_readrssi
  D:00D0H         PUBLIC        PSW
  C:6817H         PUBLIC        _read_mac_register
  C:645FH         SYMBOL        L?0346
  C:6463H         SYMBOL        L?0347
  -------         PROC          L?0345
  -------         ENDPROC       L?0345
  C:645FH         SYMBOL        L?0346
  C:6463H         SYMBOL        L?0347
  -------         PROC          _WRITE_MAC_REGISTER
  X:0503H         SYMBOL        addr
  X:0505H         SYMBOL        w_data
  X:0507H         SYMBOL        w_data_l
  C:646AH         LINE#         7
  C:647EH         LINE#         8
  C:647EH         LINE#         10
  C:6483H         LINE#         11
  C:6488H         LINE#         12
  C:6491H         LINE#         13
  C:6499H         LINE#         14
  C:64A2H         LINE#         15
  C:64AAH         LINE#         16
  C:64B3H         LINE#         17
  -------         ENDPROC       _WRITE_MAC_REGISTER
BL51 BANKED LINKER/LOCATER V6.22                                                      06/02/2016  10:19:06  PAGE 16


  -------         PROC          _READ_MAC_REGISTER
  X:054AH         SYMBOL        addr
  C:6817H         LINE#         20
  C:681FH         LINE#         21
  C:681FH         LINE#         23
  C:6824H         LINE#         24
  C:6829H         LINE#         25
  C:6832H         LINE#         26
  C:683AH         LINE#         27
  C:683FH         LINE#         28
  C:6844H         LINE#         29
  C:6849H         LINE#         30
  -------         ENDPROC       _READ_MAC_REGISTER
  -------         PROC          UART2_SENDMES
  -------         DO            
  X:04ABH         SYMBOL        i
  D:0007H         SYMBOL        sum
  X:04ACH         SYMBOL        send_buf
  -------         ENDDO         
  C:559CH         LINE#         33
  C:559CH         LINE#         34
  C:559CH         LINE#         36
  C:559EH         LINE#         39
  C:55A6H         LINE#         40
  C:55ABH         LINE#         41
  C:55ABH         LINE#         42
  C:55D3H         LINE#         43
  C:55DDH         LINE#         44
  C:55E2H         LINE#         45
  C:55E2H         LINE#         46
  C:560AH         LINE#         47
  C:5614H         LINE#         49
  C:5626H         LINE#         50
  C:5640H         LINE#         52
  C:5651H         LINE#         53
  C:5651H         LINE#         54
  C:5664H         LINE#         55
  C:566CH         LINE#         57
  C:5671H         LINE#         58
  C:5682H         LINE#         59
  C:5682H         LINE#         60
  C:5696H         LINE#         62
  C:56C4H         LINE#         63
  C:56CCH         LINE#         66
  -------         ENDPROC       UART2_SENDMES
  -------         PROC          CLEAR_UART2_MES
  -------         DO            
  D:0007H         SYMBOL        i
  -------         ENDDO         
  C:64BBH         LINE#         68
  C:64BBH         LINE#         69
  C:64BBH         LINE#         72
  C:64C0H         LINE#         73
  C:64C1H         LINE#         74
  C:64D8H         LINE#         75
  C:64DAH         LINE#         76
  C:64F1H         LINE#         77
BL51 BANKED LINKER/LOCATER V6.22                                                      06/02/2016  10:19:06  PAGE 17


  C:64FBH         LINE#         78
  C:6510H         LINE#         79
  C:6515H         LINE#         80
  -------         ENDPROC       CLEAR_UART2_MES
  -------         PROC          PROCESS_PACKETS
  -------         DO            
  X:04CCH         SYMBOL        i
  X:04CEH         SYMBOL        j
  X:04CFH         SYMBOL        data_len
  X:04D1H         SYMBOL        cmd_type
  X:04D3H         SYMBOL        cmd_addr_fir
  X:04D5H         SYMBOL        data_addr_fir
  X:04D7H         SYMBOL        data_addr_end
  X:04D9H         SYMBOL        epc_data_addr
  X:04DBH         SYMBOL        sensor_data_addr
  X:04DDH         SYMBOL        test
  X:04DFH         SYMBOL        check_data
  B:0021H.0       SYMBOL        check_con1
  B:0021H.1       SYMBOL        check_con2
  X:04E0H         SYMBOL        pkt_flag
  -------         ENDDO         
  C:4B43H         LINE#         82
  C:4B43H         LINE#         83
  C:4B43H         LINE#         85
  C:4B49H         LINE#         86
  C:4B4EH         LINE#         87
  C:4B54H         LINE#         88
  C:4B59H         LINE#         89
  C:4B5DH         LINE#         90
  C:4B61H         LINE#         91
  C:4B65H         LINE#         92
  C:4B69H         LINE#         94
  C:4B6FH         LINE#         95
  C:4B72H         LINE#         96
  C:4B74H         LINE#         97
  C:4B76H         LINE#         99
  C:4B78H         LINE#         101
  C:4B78H         LINE#         102
  C:4B78H         LINE#         104
  C:4B90H         LINE#         105
  C:4B90H         LINE#         107
  C:4BA4H         LINE#         108
  C:4BD0H         LINE#         110
  C:4BF7H         LINE#         111
  C:4C06H         LINE#         112
  C:4C24H         LINE#         113
  C:4C42H         LINE#         115
  C:4C42H         LINE#         117
  C:4C42H         LINE#         119
  C:4C42H         LINE#         120
  C:4C42H         LINE#         122
  C:4C4EH         LINE#         123
  C:4C4EH         LINE#         124
  C:4C62H         LINE#         126
  C:4C69H         LINE#         127
  C:4C69H         LINE#         129
  C:4C95H         LINE#         130
BL51 BANKED LINKER/LOCATER V6.22                                                      06/02/2016  10:19:06  PAGE 18


  C:4CAFH         LINE#         131
  C:4CAFH         LINE#         132
  C:4CBEH         LINE#         133
  C:4CBEH         LINE#         135
  C:4CC7H         LINE#         136
  C:4CC7H         LINE#         139
  C:4CE0H         LINE#         140
  C:4CE0H         LINE#         141
  C:4CEDH         LINE#         144
  C:4D02H         LINE#         145
  C:4D02H         LINE#         146
  C:4D02H         LINE#         147
  C:4D09H         LINE#         148
  C:4D09H         LINE#         149
  C:4D35H         LINE#         151
  C:4D4FH         LINE#         152
  C:4D4FH         LINE#         153
  C:4D51H         LINE#         154
  C:4D51H         LINE#         155
  C:4D58H         LINE#         156
  C:4D58H         LINE#         157
  C:4D84H         LINE#         159
  C:4D9EH         LINE#         160
  C:4D9EH         LINE#         161
  C:4DA0H         LINE#         162
  C:4DA0H         LINE#         163
  C:4DA5H         LINE#         164
  C:4DBAH         LINE#         165
  C:4DC0H         LINE#         166
  C:4DC3H         LINE#         167
  C:4DC3H         LINE#         168
  C:4DC8H         LINE#         169
  C:4DCAH         LINE#         170
  C:4DCDH         LINE#         171
  C:4DCDH         LINE#         172
  C:4DCDH         LINE#         174
  C:4DCDH         LINE#         177
  C:4DD6H         LINE#         178
  C:4DD6H         LINE#         182
  C:4DD9H         LINE#         184
  C:4DD9H         LINE#         189
  C:4DD9H         LINE#         190
  C:4DD9H         LINE#         191
  C:4DD9H         LINE#         193
  C:4DD9H         LINE#         195
  -------         ENDPROC       PROCESS_PACKETS
  -------         PROC          INDY_READ_SENSORCODE
  -------         DO            
  X:054CH         SYMBOL        rec_cnt
  -------         ENDDO         
  C:65BFH         LINE#         197
  C:65BFH         LINE#         198
  C:65BFH         LINE#         199
  C:65C6H         LINE#         203
  C:65D1H         LINE#         204
  C:65D8H         LINE#         205
  C:65DBH         LINE#         206
BL51 BANKED LINKER/LOCATER V6.22                                                      06/02/2016  10:19:06  PAGE 19


  C:65E7H         LINE#         207
  C:65F4H         LINE#         209
  C:65F7H         LINE#         220
  C:65FEH         LINE#         221
  C:65FEH         LINE#         222
  C:6600H         LINE#         223
  C:6603H         LINE#         224
  C:6605H         LINE#         225
  C:6605H         LINE#         226
  -------         ENDPROC       INDY_READ_SENSORCODE
  -------         PROC          INDY_READRSSI
  -------         DO            
  X:054EH         SYMBOL        rec_cnt
  -------         ENDDO         
  C:6516H         LINE#         229
  C:6516H         LINE#         230
  C:6516H         LINE#         232
  C:651DH         LINE#         236
  C:6528H         LINE#         237
  C:6536H         LINE#         238
  C:6539H         LINE#         239
  C:6545H         LINE#         240
  C:6552H         LINE#         241
  C:6555H         LINE#         242
  C:655CH         LINE#         243
  C:655CH         LINE#         244
  C:655EH         LINE#         245
  C:6561H         LINE#         246
  C:6563H         LINE#         247
  C:6563H         LINE#         249
  -------         ENDPROC       INDY_READRSSI
  -------         PROC          INDY_READTEMP
  -------         DO            
  X:0550H         SYMBOL        rec_cnt
  -------         ENDDO         
  C:625BH         LINE#         257
  C:625BH         LINE#         258
  C:625BH         LINE#         260
  C:6262H         LINE#         262
  C:626BH         LINE#         264
  C:626BH         LINE#         265
  C:6277H         LINE#         266
  C:6285H         LINE#         267
  C:6288H         LINE#         268
  C:6294H         LINE#         269
  C:62A1H         LINE#         271
  C:62A1H         LINE#         272
  C:62A4H         LINE#         273
  C:62A7H         LINE#         285
  C:62AEH         LINE#         286
  C:62AEH         LINE#         287
  C:62B0H         LINE#         288
  C:62B3H         LINE#         289
  C:62B5H         LINE#         290
  C:62B5H         LINE#         291
  C:62BEH         LINE#         292
  -------         ENDPROC       INDY_READTEMP
BL51 BANKED LINKER/LOCATER V6.22                                                      06/02/2016  10:19:06  PAGE 20


  -------         PROC          UART2_RECV_PROC
  -------         DO            
  D:0007H         SYMBOL        sum
  D:0006H         SYMBOL        i
  -------         ENDDO         
  C:66E7H         LINE#         295
  C:66E7H         LINE#         296
  C:66E7H         LINE#         297
  C:66E9H         LINE#         300
  C:66EFH         LINE#         301
  C:66EFH         LINE#         302
  C:66F8H         LINE#         303
  C:66FBH         LINE#         304
  C:66FDH         LINE#         305
  C:6715H         LINE#         306
  C:671CH         LINE#         307
  C:6721H         LINE#         309
  C:6721H         LINE#         311
  C:6724H         LINE#         312
  C:6726H         LINE#         313
  C:6726H         LINE#         314
  C:6726H         LINE#         316
  C:6729H         LINE#         317
  -------         ENDPROC       UART2_RECV_PROC
  -------         PROC          _INDEX_SEND
  D:0007H         SYMBOL        id
  C:009EH         LINE#         320
  C:009EH         LINE#         321
  C:009EH         LINE#         322
  C:011CH         LINE#         323
  C:011CH         LINE#         324
  C:011CH         LINE#         325
  C:0121H         LINE#         326
  C:0123H         LINE#         327
  C:0123H         LINE#         328
  C:0123H         LINE#         329
  C:0123H         LINE#         330
  C:0123H         LINE#         331
  C:0123H         LINE#         332
  C:0123H         LINE#         333
  C:0125H         LINE#         334
  C:0125H         LINE#         335
  C:012AH         LINE#         336
  C:012CH         LINE#         337
  C:012CH         LINE#         338
  C:012CH         LINE#         339
  C:012CH         LINE#         340
  C:012CH         LINE#         341
  C:012CH         LINE#         342
  C:012CH         LINE#         343
  C:012EH         LINE#         345
  C:012EH         LINE#         346
  C:012EH         LINE#         347
  C:012EH         LINE#         348
  C:012EH         LINE#         349
  C:012EH         LINE#         350
  C:012EH         LINE#         351
BL51 BANKED LINKER/LOCATER V6.22                                                      06/02/2016  10:19:06  PAGE 21


  C:012EH         LINE#         352
  C:012EH         LINE#         353
  C:012EH         LINE#         354
  C:0130H         LINE#         356
  C:0130H         LINE#         357
  C:0130H         LINE#         358
  C:0130H         LINE#         359
  C:0130H         LINE#         360
  C:0130H         LINE#         361
  C:0130H         LINE#         362
  C:0130H         LINE#         363
  C:0130H         LINE#         364
  C:0130H         LINE#         365
  C:0132H         LINE#         367
  C:0132H         LINE#         368
  C:0132H         LINE#         369
  C:0132H         LINE#         370
  C:0132H         LINE#         371
  C:0132H         LINE#         372
  C:0132H         LINE#         373
  C:0132H         LINE#         374
  C:0132H         LINE#         375
  C:0132H         LINE#         376
  C:0135H         LINE#         378
  C:0135H         LINE#         389
  C:0135H         LINE#         390
  C:013AH         LINE#         391
  C:013FH         LINE#         392
  C:0141H         LINE#         393
  C:0141H         LINE#         394
  C:0141H         LINE#         395
  C:0141H         LINE#         396
  C:0141H         LINE#         397
  C:0141H         LINE#         398
  C:0143H         LINE#         399
  C:0143H         LINE#         400
  C:0148H         LINE#         401
  C:014DH         LINE#         402
  C:014FH         LINE#         403
  C:014FH         LINE#         404
  C:014FH         LINE#         405
  C:014FH         LINE#         406
  C:014FH         LINE#         407
  C:014FH         LINE#         408
  C:0151H         LINE#         410
  C:0151H         LINE#         411
  C:0156H         LINE#         412
  C:015BH         LINE#         413
  C:015DH         LINE#         414
  C:015DH         LINE#         415
  C:015DH         LINE#         416
  C:015DH         LINE#         417
  C:015DH         LINE#         418
  C:015DH         LINE#         419
  C:015FH         LINE#         421
  C:015FH         LINE#         422
  C:0164H         LINE#         423
BL51 BANKED LINKER/LOCATER V6.22                                                      06/02/2016  10:19:06  PAGE 22


  C:0169H         LINE#         424
  C:016BH         LINE#         425
  C:016BH         LINE#         426
  C:016BH         LINE#         427
  C:016BH         LINE#         428
  C:016BH         LINE#         429
  C:016BH         LINE#         430
  C:016DH         LINE#         432
  C:016DH         LINE#         433
  C:0172H         LINE#         434
  C:0177H         LINE#         435
  C:0179H         LINE#         436
  C:0179H         LINE#         437
  C:0179H         LINE#         438
  C:0179H         LINE#         439
  C:0179H         LINE#         440
  C:0179H         LINE#         441
  C:017BH         LINE#         443
  C:017BH         LINE#         444
  C:0180H         LINE#         445
  C:0185H         LINE#         446
  C:018AH         LINE#         447
  C:018CH         LINE#         448
  C:018CH         LINE#         449
  C:018CH         LINE#         450
  C:018CH         LINE#         451
  C:018CH         LINE#         452
  C:018FH         LINE#         454
  C:018FH         LINE#         455
  C:0194H         LINE#         456
  C:0199H         LINE#         457
  C:019EH         LINE#         458
  C:01A0H         LINE#         459
  C:01A0H         LINE#         460
  C:01A0H         LINE#         461
  C:01A0H         LINE#         462
  C:01A0H         LINE#         463
  C:01A3H         LINE#         465
  C:01A3H         LINE#         466
  C:01A8H         LINE#         467
  C:01ADH         LINE#         468
  C:01B2H         LINE#         469
  C:01B4H         LINE#         470
  C:01B4H         LINE#         471
  C:01B4H         LINE#         472
  C:01B4H         LINE#         473
  C:01B4H         LINE#         474
  C:01B7H         LINE#         477
  C:01B7H         LINE#         478
  C:01BCH         LINE#         479
  C:01C1H         LINE#         480
  C:01C6H         LINE#         481
  C:01CBH         LINE#         482
  C:01D0H         LINE#         483
  C:01D5H         LINE#         484
  C:01DAH         LINE#         485
  C:01DFH         LINE#         487
BL51 BANKED LINKER/LOCATER V6.22                                                      06/02/2016  10:19:06  PAGE 23


  C:01E4H         LINE#         488
  C:01E9H         LINE#         489
  C:01EEH         LINE#         490
  C:01F0H         LINE#         491
  C:01F0H         LINE#         492
  C:01F0H         LINE#         493
  C:01F0H         LINE#         494
  C:01F0H         LINE#         495
  C:01F3H         LINE#         497
  C:01F3H         LINE#         498
  C:01F8H         LINE#         499
  C:01FDH         LINE#         500
  C:0202H         LINE#         501
  C:0204H         LINE#         502
  C:0204H         LINE#         503
  C:0204H         LINE#         504
  C:0204H         LINE#         505
  C:0204H         LINE#         506
  C:0207H         LINE#         508
  C:0207H         LINE#         509
  C:020CH         LINE#         510
  C:0211H         LINE#         511
  C:0216H         LINE#         512
  C:021BH         LINE#         513
  C:0220H         LINE#         514
  C:0225H         LINE#         515
  C:022AH         LINE#         516
  C:022FH         LINE#         518
  C:0234H         LINE#         519
  C:0239H         LINE#         520
  C:023EH         LINE#         521
  C:0243H         LINE#         522
  C:0248H         LINE#         523
  C:024DH         LINE#         524
  C:0252H         LINE#         525
  C:0257H         LINE#         527
  C:025CH         LINE#         528
  C:0261H         LINE#         529
  C:0266H         LINE#         530
  C:0268H         LINE#         531
  C:0268H         LINE#         532
  C:0268H         LINE#         533
  C:0268H         LINE#         534
  C:0268H         LINE#         535
  C:026BH         LINE#         537
  C:026BH         LINE#         538
  C:0270H         LINE#         539
  C:0275H         LINE#         540
  C:027AH         LINE#         541
  C:027CH         LINE#         542
  C:027CH         LINE#         543
  C:027CH         LINE#         544
  C:027CH         LINE#         545
  C:027CH         LINE#         546
  C:027FH         LINE#         548
  C:027FH         LINE#         549
  C:0284H         LINE#         550
BL51 BANKED LINKER/LOCATER V6.22                                                      06/02/2016  10:19:06  PAGE 24


  C:0289H         LINE#         551
  C:028EH         LINE#         552
  C:0290H         LINE#         553
  C:0290H         LINE#         554
  C:0290H         LINE#         555
  C:0290H         LINE#         556
  C:0290H         LINE#         557
  C:0293H         LINE#         559
  C:0293H         LINE#         560
  C:0298H         LINE#         561
  C:029DH         LINE#         562
  C:02A2H         LINE#         563
  C:02A4H         LINE#         564
  C:02A4H         LINE#         565
  C:02A4H         LINE#         566
  C:02A4H         LINE#         567
  C:02A4H         LINE#         568
  C:02A7H         LINE#         570
  C:02A7H         LINE#         571
  C:02ACH         LINE#         572
  C:02B1H         LINE#         573
  C:02B6H         LINE#         574
  C:02B8H         LINE#         575
  C:02B8H         LINE#         576
  C:02B8H         LINE#         577
  C:02B8H         LINE#         578
  C:02B8H         LINE#         579
  C:02BBH         LINE#         581
  C:02BBH         LINE#         582
  C:02C0H         LINE#         583
  C:02C5H         LINE#         584
  C:02CAH         LINE#         585
  C:02CCH         LINE#         586
  C:02CCH         LINE#         587
  C:02CCH         LINE#         588
  C:02CCH         LINE#         589
  C:02CCH         LINE#         590
  C:02CFH         LINE#         592
  C:02CFH         LINE#         593
  C:02D4H         LINE#         594
  C:02D9H         LINE#         595
  C:02DEH         LINE#         596
  C:02E3H         LINE#         597
  C:02E8H         LINE#         598
  C:02EDH         LINE#         599
  C:02F2H         LINE#         600
  C:02F7H         LINE#         602
  C:02FCH         LINE#         603
  C:0301H         LINE#         604
  C:0306H         LINE#         605
  C:0308H         LINE#         606
  C:0308H         LINE#         607
  C:0308H         LINE#         608
  C:0308H         LINE#         609
  C:0308H         LINE#         610
  C:030BH         LINE#         612
  C:030BH         LINE#         659
BL51 BANKED LINKER/LOCATER V6.22                                                      06/02/2016  10:19:06  PAGE 25


  C:030BH         LINE#         666
  C:030BH         LINE#         667
  C:0310H         LINE#         668
  C:0315H         LINE#         669
  C:031AH         LINE#         670
  C:031FH         LINE#         671
  C:0324H         LINE#         672
  C:0329H         LINE#         673
  C:032EH         LINE#         674
  C:0333H         LINE#         676
  C:0338H         LINE#         677
  C:033DH         LINE#         678
  C:0342H         LINE#         679
  C:0344H         LINE#         680
  C:0344H         LINE#         681
  C:0344H         LINE#         682
  C:0344H         LINE#         683
  C:0344H         LINE#         684
  C:0347H         LINE#         686
  C:0347H         LINE#         687
  C:034CH         LINE#         688
  C:0351H         LINE#         689
  C:0356H         LINE#         690
  C:0358H         LINE#         691
  C:0358H         LINE#         692
  C:0358H         LINE#         693
  C:0358H         LINE#         694
  C:0358H         LINE#         695
  C:035BH         LINE#         697
  C:035BH         LINE#         708
  C:035BH         LINE#         709
  C:0360H         LINE#         710
  C:0365H         LINE#         711
  C:036AH         LINE#         712
  C:036FH         LINE#         713
  C:0374H         LINE#         714
  C:0379H         LINE#         715
  C:037EH         LINE#         716
  C:0383H         LINE#         718
  C:0388H         LINE#         719
  C:038DH         LINE#         720
  C:0392H         LINE#         721
  C:0394H         LINE#         722
  C:0394H         LINE#         723
  C:0394H         LINE#         724
  C:0394H         LINE#         725
  C:0394H         LINE#         726
  C:0396H         LINE#         728
  C:0396H         LINE#         729
  C:039BH         LINE#         730
  C:03A0H         LINE#         731
  C:03A5H         LINE#         732
  C:03A7H         LINE#         733
  C:03A7H         LINE#         734
  C:03A7H         LINE#         735
  C:03A7H         LINE#         736
  C:03A7H         LINE#         737
BL51 BANKED LINKER/LOCATER V6.22                                                      06/02/2016  10:19:06  PAGE 26


  C:03A9H         LINE#         739
  C:03A9H         LINE#         740
  C:03AEH         LINE#         741
  C:03B3H         LINE#         742
  C:03B8H         LINE#         743
  C:03BAH         LINE#         744
  C:03BAH         LINE#         745
  C:03BAH         LINE#         746
  C:03BAH         LINE#         747
  C:03BAH         LINE#         748
  C:03BCH         LINE#         750
  C:03BCH         LINE#         751
  C:03C1H         LINE#         752
  C:03C6H         LINE#         753
  C:03CBH         LINE#         754
  C:03D0H         LINE#         755
  C:03D2H         LINE#         756
  C:03D2H         LINE#         757
  C:03D2H         LINE#         758
  C:03D2H         LINE#         759
  C:03D4H         LINE#         760
  C:03D4H         LINE#         761
  C:03D9H         LINE#         762
  C:03DEH         LINE#         763
  C:03E3H         LINE#         764
  C:03E8H         LINE#         765
  C:03EAH         LINE#         766
  C:03EAH         LINE#         767
  C:03EAH         LINE#         768
  C:03EAH         LINE#         769
  C:03EAH         LINE#         771
  C:03EDH         LINE#         777
  C:03F2H         LINE#         778
  C:03F7H         LINE#         779
  C:03F9H         LINE#         780
  C:03FCH         LINE#         782
  C:03FCH         LINE#         783
  C:0424H         LINE#         784
  C:044CH         LINE#         785
  C:0474H         LINE#         786
  C:049CH         LINE#         788
  C:04C4H         LINE#         789
  C:04ECH         LINE#         790
  C:0514H         LINE#         791
  C:053CH         LINE#         793
  C:0564H         LINE#         794
  C:058CH         LINE#         795
  C:05B4H         LINE#         796
  C:05DCH         LINE#         798
  C:0604H         LINE#         799
  C:062CH         LINE#         800
  C:0654H         LINE#         801
  C:067CH         LINE#         803
  C:06A4H         LINE#         804
  C:06CCH         LINE#         805
  C:06F4H         LINE#         806
  C:071CH         LINE#         808
BL51 BANKED LINKER/LOCATER V6.22                                                      06/02/2016  10:19:06  PAGE 27


  C:0744H         LINE#         809
  C:076CH         LINE#         810
  C:0794H         LINE#         811
  C:07BCH         LINE#         813
  C:07E4H         LINE#         814
  C:080CH         LINE#         815
  C:0834H         LINE#         816
  C:085CH         LINE#         818
  C:0884H         LINE#         819
  C:08ACH         LINE#         820
  C:08D4H         LINE#         821
  C:08FCH         LINE#         823
  C:0924H         LINE#         824
  C:094CH         LINE#         825
  C:0974H         LINE#         826
  C:099CH         LINE#         828
  C:09C4H         LINE#         829
  C:09ECH         LINE#         830
  C:0A14H         LINE#         831
  C:0A3CH         LINE#         833
  C:0A64H         LINE#         834
  C:0A8CH         LINE#         835
  C:0AB4H         LINE#         836
  C:0ADCH         LINE#         838
  C:0B04H         LINE#         839
  C:0B2CH         LINE#         840
  C:0B54H         LINE#         841
  C:0B7CH         LINE#         843
  C:0BA4H         LINE#         844
  C:0BCCH         LINE#         845
  C:0BF4H         LINE#         846
  C:0C1CH         LINE#         848
  C:0C44H         LINE#         849
  C:0C6CH         LINE#         850
  C:0C94H         LINE#         851
  C:0CBCH         LINE#         853
  C:0CE4H         LINE#         854
  C:0D0CH         LINE#         855
  C:0D34H         LINE#         856
  C:0D5CH         LINE#         858
  C:0D84H         LINE#         859
  C:0DACH         LINE#         860
  C:0DD4H         LINE#         861
  C:0DFCH         LINE#         863
  C:0E24H         LINE#         864
  C:0E4CH         LINE#         865
  C:0E74H         LINE#         866
  C:0E9CH         LINE#         868
  C:0EC4H         LINE#         869
  C:0EECH         LINE#         870
  C:0F14H         LINE#         871
  C:0F3CH         LINE#         873
  C:0F64H         LINE#         874
  C:0F8CH         LINE#         875
  C:0FB4H         LINE#         876
  C:0FDCH         LINE#         878
  C:1004H         LINE#         879
BL51 BANKED LINKER/LOCATER V6.22                                                      06/02/2016  10:19:06  PAGE 28


  C:102CH         LINE#         880
  C:1054H         LINE#         881
  C:107CH         LINE#         883
  C:10A4H         LINE#         884
  C:10CCH         LINE#         885
  C:10F4H         LINE#         886
  C:111CH         LINE#         888
  C:1144H         LINE#         889
  C:116CH         LINE#         890
  C:1194H         LINE#         891
  C:11BCH         LINE#         893
  C:11E4H         LINE#         894
  C:120CH         LINE#         895
  C:1234H         LINE#         896
  C:125CH         LINE#         898
  C:1284H         LINE#         899
  C:12ACH         LINE#         900
  C:12D4H         LINE#         901
  C:12FCH         LINE#         903
  C:1324H         LINE#         904
  C:134CH         LINE#         905
  C:1374H         LINE#         906
  C:139CH         LINE#         908
  C:13C4H         LINE#         909
  C:13ECH         LINE#         910
  C:1414H         LINE#         911
  C:143CH         LINE#         913
  C:1464H         LINE#         914
  C:148CH         LINE#         915
  C:14B4H         LINE#         916
  C:14DCH         LINE#         918
  C:1504H         LINE#         919
  C:152CH         LINE#         920
  C:1554H         LINE#         921
  C:157CH         LINE#         923
  C:15A4H         LINE#         924
  C:15CCH         LINE#         925
  C:15F4H         LINE#         926
  C:161CH         LINE#         928
  C:1644H         LINE#         929
  C:166CH         LINE#         930
  C:1694H         LINE#         931
  C:16BCH         LINE#         933
  C:16E4H         LINE#         934
  C:170CH         LINE#         935
  C:1734H         LINE#         936
  C:175CH         LINE#         938
  C:1784H         LINE#         939
  C:17ACH         LINE#         940
  C:17D4H         LINE#         941
  C:17FCH         LINE#         943
  C:1824H         LINE#         944
  C:184CH         LINE#         945
  C:1874H         LINE#         946
  C:189CH         LINE#         948
  C:18C4H         LINE#         949
  C:18ECH         LINE#         950
BL51 BANKED LINKER/LOCATER V6.22                                                      06/02/2016  10:19:06  PAGE 29


  C:1914H         LINE#         951
  C:193CH         LINE#         953
  C:1964H         LINE#         954
  C:198CH         LINE#         955
  C:19B4H         LINE#         956
  C:19DCH         LINE#         958
  C:1A04H         LINE#         959
  C:1A2CH         LINE#         960
  C:1A54H         LINE#         961
  C:1A7CH         LINE#         963
  C:1AA4H         LINE#         964
  C:1ACCH         LINE#         965
  C:1AF4H         LINE#         966
  C:1B1CH         LINE#         968
  C:1B44H         LINE#         969
  C:1B6CH         LINE#         970
  C:1B94H         LINE#         971
  C:1BBCH         LINE#         973
  C:1BE4H         LINE#         974
  C:1C0CH         LINE#         975
  C:1C34H         LINE#         976
  C:1C5CH         LINE#         978
  C:1C84H         LINE#         979
  C:1CACH         LINE#         980
  C:1CD4H         LINE#         981
  C:1CFCH         LINE#         983
  C:1D24H         LINE#         984
  C:1D4CH         LINE#         985
  C:1D74H         LINE#         986
  C:1D9CH         LINE#         988
  C:1DC4H         LINE#         989
  C:1DECH         LINE#         990
  C:1E14H         LINE#         991
  C:1E3CH         LINE#         993
  C:1E64H         LINE#         994
  C:1E8CH         LINE#         995
  C:1EB4H         LINE#         996
  C:1EDCH         LINE#         998
  C:1F04H         LINE#         999
  C:1F2CH         LINE#         1000
  C:1F54H         LINE#         1001
  C:1F7CH         LINE#         1003
  C:1FA4H         LINE#         1004
  C:1FCCH         LINE#         1005
  C:1FF4H         LINE#         1006
  C:201CH         LINE#         1008
  C:2044H         LINE#         1009
  C:206CH         LINE#         1010
  C:2094H         LINE#         1011
  C:20BCH         LINE#         1013
  C:20E4H         LINE#         1014
  C:210CH         LINE#         1015
  C:2134H         LINE#         1016
  C:215CH         LINE#         1018
  C:2184H         LINE#         1019
  C:21ACH         LINE#         1020
  C:21D4H         LINE#         1021
BL51 BANKED LINKER/LOCATER V6.22                                                      06/02/2016  10:19:06  PAGE 30


  C:21FCH         LINE#         1023
  C:2224H         LINE#         1024
  C:224CH         LINE#         1025
  C:2274H         LINE#         1026
  C:229CH         LINE#         1028
  C:22C4H         LINE#         1029
  C:22ECH         LINE#         1030
  C:2314H         LINE#         1031
  C:233CH         LINE#         1033
  C:233CH         LINE#         1036
  C:233CH         LINE#         1037
  C:233CH         LINE#         1038
  C:233CH         LINE#         1040
  -------         ENDPROC       _INDEX_SEND
  -------         PROC          _INDEX_R_CHECK
  X:02EAH         SYMBOL        id
  -------         DO            
  X:02EBH         SYMBOL        i
  X:02ECH         SYMBOL        index_r1_num
  X:02EDH         SYMBOL        index_r1
  X:0311H         SYMBOL        index_r2_num
  X:0312H         SYMBOL        index_r2
  X:031AH         SYMBOL        index_r3_num
  X:031BH         SYMBOL        index_r3
  X:0323H         SYMBOL        index_r4_num
  X:0324H         SYMBOL        index_r4
  X:032CH         SYMBOL        index_r5_num
  X:032DH         SYMBOL        index_r5
  X:0335H         SYMBOL        index_r6_num
  X:0336H         SYMBOL        index_r6
  X:033EH         SYMBOL        index_r7_num
  X:033FH         SYMBOL        index_r7
  X:0347H         SYMBOL        index_r8_num
  X:0348H         SYMBOL        index_r8
  X:0350H         SYMBOL        index_r9_num
  X:0351H         SYMBOL        index_r9
  X:0359H         SYMBOL        index_r10_num
  X:035AH         SYMBOL        index_r10
  X:0362H         SYMBOL        index_r11_num
  X:0363H         SYMBOL        index_r11
  X:036BH         SYMBOL        index_r12_num
  X:036CH         SYMBOL        index_r12
  X:0374H         SYMBOL        index_r13_num
  X:0375H         SYMBOL        index_r13
  X:037DH         SYMBOL        index_r14_num
  X:037EH         SYMBOL        index_r14
  X:0386H         SYMBOL        index_r15_num
  X:0387H         SYMBOL        index_r15
  X:038FH         SYMBOL        index_r16_num
  X:0390H         SYMBOL        index_r16
  X:0398H         SYMBOL        index_r17_num
  X:0399H         SYMBOL        index_r17
  X:03A1H         SYMBOL        index_r18_num
  X:03A2H         SYMBOL        index_r18
  X:03AAH         SYMBOL        index_r19_num
  X:03ABH         SYMBOL        index_r19
  X:03B3H         SYMBOL        index_r20_num
BL51 BANKED LINKER/LOCATER V6.22                                                      06/02/2016  10:19:06  PAGE 31


  X:03B4H         SYMBOL        index_r20
  X:03BCH         SYMBOL        index_r21_num
  X:03BDH         SYMBOL        index_r21
  X:03C5H         SYMBOL        index_r22_num
  X:03C6H         SYMBOL        index_r22
  X:03CEH         SYMBOL        index_r23_num
  X:03CFH         SYMBOL        index_r23
  X:03D7H         SYMBOL        index_r24_num
  X:03D8H         SYMBOL        index_r24
  X:03D9H         SYMBOL        index_r25_num
  X:03DAH         SYMBOL        index_r25
  X:03E2H         SYMBOL        index_r26_num
  X:03E3H         SYMBOL        index_r26
  X:03EBH         SYMBOL        index_r27_num
  X:03ECH         SYMBOL        index_r27
  X:03F4H         SYMBOL        index_r28_num
  X:03F5H         SYMBOL        index_r28
  X:03FDH         SYMBOL        index_r29_num
  X:03FEH         SYMBOL        index_r29
  X:0406H         SYMBOL        index_r30_num
  X:0407H         SYMBOL        index_r30
  X:040FH         SYMBOL        index_r31_num
  X:0410H         SYMBOL        index_r31
  X:0430H         SYMBOL        index_r32_num
  X:0431H         SYMBOL        index_r32
  X:0439H         SYMBOL        index_r33_num
  X:043AH         SYMBOL        index_r33
  -------         ENDDO         
  C:233DH         LINE#         1042
  C:2342H         LINE#         1043
  C:2342H         LINE#         1046
  C:2348H         LINE#         1047
  C:235AH         LINE#         1048
  C:2360H         LINE#         1049
  C:2372H         LINE#         1050
  C:2378H         LINE#         1051
  C:238AH         LINE#         1052
  C:2390H         LINE#         1053
  C:23A2H         LINE#         1054
  C:23A8H         LINE#         1055
  C:23BAH         LINE#         1057
  C:23C0H         LINE#         1058
  C:23D2H         LINE#         1060
  C:23D8H         LINE#         1061
  C:23EAH         LINE#         1063
  C:23F0H         LINE#         1064
  C:2402H         LINE#         1066
  C:2408H         LINE#         1067
  C:241AH         LINE#         1069
  C:2420H         LINE#         1070
  C:2432H         LINE#         1072
  C:2438H         LINE#         1073
  C:244AH         LINE#         1075
  C:2450H         LINE#         1076
  C:2462H         LINE#         1078
  C:2468H         LINE#         1079
  C:247AH         LINE#         1081
BL51 BANKED LINKER/LOCATER V6.22                                                      06/02/2016  10:19:06  PAGE 32


  C:2480H         LINE#         1082
  C:2492H         LINE#         1084
  C:2498H         LINE#         1085
  C:24AAH         LINE#         1087
  C:24B0H         LINE#         1088
  C:24C2H         LINE#         1090
  C:24C8H         LINE#         1091
  C:24DAH         LINE#         1093
  C:24E0H         LINE#         1094
  C:24F2H         LINE#         1096
  C:24F8H         LINE#         1097
  C:250AH         LINE#         1099
  C:2510H         LINE#         1100
  C:2522H         LINE#         1102
  C:2528H         LINE#         1103
  C:253AH         LINE#         1105
  C:2540H         LINE#         1106
  C:2552H         LINE#         1108
  C:2558H         LINE#         1109
  C:256AH         LINE#         1111
  C:256FH         LINE#         1112
  C:2581H         LINE#         1115
  C:2587H         LINE#         1116
  C:2599H         LINE#         1117
  C:259FH         LINE#         1118
  C:25B1H         LINE#         1119
  C:25B7H         LINE#         1120
  C:25C9H         LINE#         1121
  C:25CFH         LINE#         1122
  C:25E1H         LINE#         1123
  C:25E7H         LINE#         1124
  C:25F9H         LINE#         1125
  C:25FFH         LINE#         1126
  C:2611H         LINE#         1127
  C:2617H         LINE#         1128
  C:2629H         LINE#         1129
  C:262FH         LINE#         1130
  C:2641H         LINE#         1131
  C:2647H         LINE#         1132
  C:2659H         LINE#         1136
  C:26D7H         LINE#         1137
  C:26D7H         LINE#         1138
  C:26D7H         LINE#         1139
  C:26F4H         LINE#         1140
  C:26F4H         LINE#         1141
  C:271AH         LINE#         1142
  C:271AH         LINE#         1143
  C:271DH         LINE#         1144
  C:271DH         LINE#         1145
  C:2725H         LINE#         1146
  C:2725H         LINE#         1147
  C:2725H         LINE#         1148
  C:2742H         LINE#         1149
  C:2742H         LINE#         1150
  C:2768H         LINE#         1151
  C:2768H         LINE#         1152
  C:276BH         LINE#         1153
BL51 BANKED LINKER/LOCATER V6.22                                                      06/02/2016  10:19:06  PAGE 33


  C:276BH         LINE#         1154
  C:2773H         LINE#         1155
  C:2773H         LINE#         1156
  C:2773H         LINE#         1157
  C:2790H         LINE#         1158
  C:2790H         LINE#         1159
  C:27B6H         LINE#         1160
  C:27B6H         LINE#         1161
  C:27B9H         LINE#         1162
  C:27B9H         LINE#         1163
  C:27C1H         LINE#         1164
  C:27C1H         LINE#         1165
  C:27C1H         LINE#         1166
  C:27DEH         LINE#         1167
  C:27DEH         LINE#         1168
  C:2804H         LINE#         1169
  C:2804H         LINE#         1170
  C:2807H         LINE#         1171
  C:2807H         LINE#         1172
  C:280FH         LINE#         1173
  C:280FH         LINE#         1174
  C:280FH         LINE#         1175
  C:282CH         LINE#         1176
  C:282CH         LINE#         1177
  C:2852H         LINE#         1178
  C:2852H         LINE#         1179
  C:2855H         LINE#         1180
  C:2855H         LINE#         1181
  C:285DH         LINE#         1182
  C:285DH         LINE#         1183
  C:285DH         LINE#         1184
  C:287AH         LINE#         1185
  C:287AH         LINE#         1186
  C:28A0H         LINE#         1187
  C:28A0H         LINE#         1188
  C:28A3H         LINE#         1189
  C:28A3H         LINE#         1190
  C:28ABH         LINE#         1191
  C:28ABH         LINE#         1193
  C:28ABH         LINE#         1194
  C:28C8H         LINE#         1195
  C:28C8H         LINE#         1196
  C:28EEH         LINE#         1197
  C:28EEH         LINE#         1198
  C:28F1H         LINE#         1199
  C:28F1H         LINE#         1200
  C:28F9H         LINE#         1201
  C:28F9H         LINE#         1202
  C:28F9H         LINE#         1203
  C:2916H         LINE#         1204
  C:2916H         LINE#         1205
  C:293CH         LINE#         1206
  C:293CH         LINE#         1207
  C:293FH         LINE#         1208
  C:293FH         LINE#         1209
  C:2947H         LINE#         1210
  C:2947H         LINE#         1211
BL51 BANKED LINKER/LOCATER V6.22                                                      06/02/2016  10:19:06  PAGE 34


  C:2947H         LINE#         1212
  C:2964H         LINE#         1213
  C:2964H         LINE#         1214
  C:298AH         LINE#         1215
[...]
  C:5071H         LINE#         107
  C:5074H         LINE#         108
  C:507DH         LINE#         109
  C:5086H         LINE#         110
  C:508BH         LINE#         111
  C:5093H         LINE#         113
  C:509CH         LINE#         114
  C:50A4H         LINE#         116
  C:50ADH         LINE#         118
  C:50B0H         LINE#         119
  C:50B9H         LINE#         120
  C:50C2H         LINE#         121
  C:50C7H         LINE#         122
  C:50CFH         LINE#         124
  C:50D8H         LINE#         125
  C:50E0H         LINE#         127
  C:50E9H         LINE#         129
  C:50ECH         LINE#         130
  C:50F5H         LINE#         131
  C:50FEH         LINE#         132
  C:5103H         LINE#         133
  C:510BH         LINE#         135
  C:5114H         LINE#         136
  C:511CH         LINE#         137
  C:5125H         LINE#         139
  C:5128H         LINE#         140
BL51 BANKED LINKER/LOCATER V6.22                                                      06/02/2016  10:19:06  PAGE 75


  C:5128H         LINE#         142
  C:512AH         LINE#         143
  C:512AH         LINE#         144
  -------         ENDPROC       KEYSCANTEST
  -------         PROC          _PAGESCAN
  D:0007H         SYMBOL        key
  -------         DO            
  X:0558H         SYMBOL        dealkey
  C:41A2H         SYMBOL        START
  -------         ENDDO         
  C:419AH         LINE#         148
  C:419AH         LINE#         149
  C:419AH         LINE#         150
  C:41A2H         LINE#         151
  C:41A2H         LINE#         152
  C:41D1H         LINE#         153
  C:41D1H         LINE#         154
  C:41D1H         LINE#         155
  C:41F0H         LINE#         156
  C:41F0H         LINE#         157
  C:41F0H         LINE#         158
  C:41F0H         LINE#         159
  C:41F0H         LINE#         160
  C:41F0H         LINE#         161
  C:41F0H         LINE#         162
  C:41F0H         LINE#         163
  C:41F2H         LINE#         164
  C:41F2H         LINE#         165
  C:41F5H         LINE#         166
  C:41FEH         LINE#         167
  C:4204H         LINE#         168
  C:4207H         LINE#         169
  C:4207H         LINE#         170
  C:4207H         LINE#         175
  C:4207H         LINE#         176
  C:4222H         LINE#         177
  C:4222H         LINE#         178
  C:4222H         LINE#         179
  C:4222H         LINE#         180
  C:4224H         LINE#         181
  C:4224H         LINE#         182
  C:4224H         LINE#         183
  C:4224H         LINE#         184
  C:4226H         LINE#         185
  C:4226H         LINE#         186
  C:4226H         LINE#         187
  C:4226H         LINE#         188
  C:4229H         LINE#         189
  C:4232H         LINE#         190
  C:4238H         LINE#         191
  C:423BH         LINE#         192
  C:423BH         LINE#         193
  C:423BH         LINE#         195
  C:423BH         LINE#         196
  C:4256H         LINE#         197
  C:4256H         LINE#         198
  C:425BH         LINE#         199
BL51 BANKED LINKER/LOCATER V6.22                                                      06/02/2016  10:19:06  PAGE 76


  C:425BH         LINE#         200
  C:425EH         LINE#         201
  C:425EH         LINE#         202
  C:4263H         LINE#         203
  C:4263H         LINE#         204
  C:4266H         LINE#         205
  C:4266H         LINE#         206
  C:4266H         LINE#         207
  C:4266H         LINE#         208
  C:4269H         LINE#         209
  C:4272H         LINE#         210
  C:4278H         LINE#         211
  C:427BH         LINE#         212
  C:427BH         LINE#         213
  C:427BH         LINE#         215
  C:427BH         LINE#         216
  C:4293H         LINE#         217
  C:4293H         LINE#         218
  C:4298H         LINE#         219
  C:4298H         LINE#         220
  C:429BH         LINE#         221
  C:429BH         LINE#         222
  C:42A0H         LINE#         223
  C:42A0H         LINE#         224
  C:42A3H         LINE#         225
  C:42A3H         LINE#         226
  C:42A8H         LINE#         227
  C:42A8H         LINE#         228
  C:42ABH         LINE#         229
  C:42ABH         LINE#         230
  C:42AEH         LINE#         231
  C:42B7H         LINE#         232
  C:42BDH         LINE#         233
  C:42C0H         LINE#         234
  C:42C0H         LINE#         235
  C:42C0H         LINE#         240
  C:42C0H         LINE#         241
  C:42D8H         LINE#         242
  C:42D8H         LINE#         243
  C:42DDH         LINE#         244
  C:42DDH         LINE#         245
  C:42E0H         LINE#         246
  C:42E0H         LINE#         247
  C:42E5H         LINE#         248
  C:42E5H         LINE#         249
  C:42E8H         LINE#         250
  C:42E8H         LINE#         251
  C:42EDH         LINE#         252
  C:42EDH         LINE#         253
  C:42F0H         LINE#         254
  C:42F0H         LINE#         255
  C:42F3H         LINE#         256
  C:42FCH         LINE#         257
  C:4302H         LINE#         258
  C:4305H         LINE#         259
  C:4305H         LINE#         260
  C:4305H         LINE#         262
BL51 BANKED LINKER/LOCATER V6.22                                                      06/02/2016  10:19:06  PAGE 77


  C:4305H         LINE#         263
  C:431DH         LINE#         264
  C:431DH         LINE#         265
  C:4322H         LINE#         266
  C:4322H         LINE#         267
  C:4325H         LINE#         268
  C:4325H         LINE#         269
  C:432AH         LINE#         270
  C:432AH         LINE#         271
  C:432DH         LINE#         272
  C:432DH         LINE#         273
  C:4332H         LINE#         274
  C:4332H         LINE#         275
  C:4335H         LINE#         277
  C:4335H         LINE#         278
  C:4338H         LINE#         279
  C:4341H         LINE#         280
  C:4347H         LINE#         281
  C:434AH         LINE#         282
  C:434AH         LINE#         283
  C:434AH         LINE#         285
  C:434AH         LINE#         286
  C:4362H         LINE#         287
  C:4362H         LINE#         288
  C:4367H         LINE#         289
  C:4367H         LINE#         290
  C:4369H         LINE#         291
  C:4369H         LINE#         292
  C:436EH         LINE#         293
  C:436EH         LINE#         294
  C:4370H         LINE#         295
  C:4370H         LINE#         296
  C:4375H         LINE#         297
  C:4375H         LINE#         298
  C:4377H         LINE#         300
  C:4377H         LINE#         301
  C:437AH         LINE#         302
  C:4383H         LINE#         303
  C:4389H         LINE#         304
  C:438CH         LINE#         305
  C:438CH         LINE#         306
  C:438CH         LINE#         308
  C:438CH         LINE#         309
  C:43A4H         LINE#         310
  C:43A4H         LINE#         311
  C:43A9H         LINE#         312
  C:43A9H         LINE#         313
  C:43ABH         LINE#         314
  C:43ABH         LINE#         315
  C:43B0H         LINE#         316
  C:43B0H         LINE#         317
  C:43B2H         LINE#         318
  C:43B2H         LINE#         319
  C:43B8H         LINE#         320
  C:43BFH         LINE#         321
  C:43C2H         LINE#         323
  C:43C2H         LINE#         324
BL51 BANKED LINKER/LOCATER V6.22                                                      06/02/2016  10:19:06  PAGE 78


  C:43C5H         LINE#         325
  C:43CEH         LINE#         326
  C:43D4H         LINE#         327
  C:43D7H         LINE#         328
  C:43D7H         LINE#         329
  C:43D7H         LINE#         333
  C:43D7H         LINE#         335
  C:43F2H         LINE#         336
  C:43F2H         LINE#         337
  C:43FBH         LINE#         338
  C:43FDH         LINE#         339
  C:4403H         LINE#         340
  C:4406H         LINE#         341
  C:4409H         LINE#         342
  C:440CH         LINE#         343
  C:4415H         LINE#         344
  C:441BH         LINE#         345
  C:441EH         LINE#         346
  C:441EH         LINE#         347
  C:4421H         LINE#         348
  C:442AH         LINE#         349
  C:4430H         LINE#         350
  C:4430H         LINE#         351
  C:4430H         LINE#         352
  C:4433H         LINE#         353
  C:4433H         LINE#         354
  C:4436H         LINE#         355
  C:443FH         LINE#         356
  C:4448H         LINE#         357
  C:444AH         LINE#         358
  C:444BH         LINE#         359
  C:444BH         LINE#         360
  C:444EH         LINE#         361
  C:4457H         LINE#         362
  C:4460H         LINE#         363
  C:4462H         LINE#         364
  C:4463H         LINE#         365
  C:4463H         LINE#         366
  C:4466H         LINE#         367
  C:446FH         LINE#         368
  C:4475H         LINE#         369
  C:4478H         LINE#         370
  C:4478H         LINE#         371
  C:4478H         LINE#         377
  C:4478H         LINE#         378
  C:447BH         LINE#         379
  C:4484H         LINE#         380
  C:448AH         LINE#         381
  C:448DH         LINE#         385
  C:448DH         LINE#         386
  C:44A8H         LINE#         387
  C:44A8H         LINE#         388
  C:44ABH         LINE#         389
  C:44B4H         LINE#         390
  C:44BAH         LINE#         391
  C:44BDH         LINE#         392
  C:44BDH         LINE#         393
BL51 BANKED LINKER/LOCATER V6.22                                                      06/02/2016  10:19:06  PAGE 79


  C:44C0H         LINE#         394
  C:44C9H         LINE#         395
  C:44CFH         LINE#         396
  C:44D1H         LINE#         397
  C:44D1H         LINE#         398
  C:44D1H         LINE#         399
  C:44D1H         LINE#         400
  C:44D4H         LINE#         401
  C:44DDH         LINE#         402
  C:44E3H         LINE#         403
  C:44E5H         LINE#         404
  C:44E5H         LINE#         405
  C:44E5H         LINE#         409
  C:44E5H         LINE#         410
  C:44FDH         LINE#         411
  C:44FDH         LINE#         412
  C:4500H         LINE#         413
  C:4509H         LINE#         414
  C:450FH         LINE#         415
  C:4511H         LINE#         416
  C:4511H         LINE#         417
  C:4514H         LINE#         418
  C:451DH         LINE#         419
  C:4523H         LINE#         420
  C:4525H         LINE#         421
  C:4525H         LINE#         422
  C:4525H         LINE#         423
  C:4525H         LINE#         424
  C:4528H         LINE#         425
  C:4531H         LINE#         426
  C:4537H         LINE#         427
  C:4539H         LINE#         428
  C:4539H         LINE#         429
  C:4539H         LINE#         433
  C:4539H         LINE#         434
  C:453CH         LINE#         435
  C:4545H         LINE#         436
  C:454EH         LINE#         437
  C:454EH         LINE#         440
  C:454EH         LINE#         441
  -------         ENDPROC       _PAGESCAN
  -------         ENDMOD        KEYSCAN

  -------         MODULE        OLED_DATA
  C:0000H         SYMBOL        _ICE_DUMMY_
  C:3051H         PUBLIC        Fonts
  C:3671H         PUBLIC        HM
  C:3231H         PUBLIC        Num
  C:3331H         PUBLIC        LETTER
  C:3851H         PUBLIC        baseNoBT
  -------         ENDMOD        OLED_DATA

  -------         MODULE        ?C?FPADD
  C:3A38H         PUBLIC        ?C?FPADD
  C:3A34H         PUBLIC        ?C?FPSUB
  -------         ENDMOD        ?C?FPADD

BL51 BANKED LINKER/LOCATER V6.22                                                      06/02/2016  10:19:06  PAGE 80


  -------         MODULE        ?C?FPMUL
  C:3B29H         PUBLIC        ?C?FPMUL
  -------         ENDMOD        ?C?FPMUL

  -------         MODULE        ?C?FPDIV
  C:3C32H         PUBLIC        ?C?FPDIV
  -------         ENDMOD        ?C?FPDIV

  -------         MODULE        ?C?FPCMP
  C:3CD1H         PUBLIC        ?C?FPCMP
  C:3CCFH         PUBLIC        ?C?FPCMP3
  -------         ENDMOD        ?C?FPCMP

  -------         MODULE        ?C?FCAST
  C:3D52H         PUBLIC        ?C?FCASTC
  C:3D4DH         PUBLIC        ?C?FCASTI
  C:3D48H         PUBLIC        ?C?FCASTL
  -------         ENDMOD        ?C?FCAST

  -------         MODULE        ?C?CASTF
  C:3D86H         PUBLIC        ?C?CASTF
  -------         ENDMOD        ?C?CASTF

  -------         MODULE        ?C?COPY
  C:3ED7H         PUBLIC        ?C?COPY
  -------         ENDMOD        ?C?COPY

  -------         MODULE        ?C?SCDIV
  C:3EFDH         PUBLIC        ?C?SCDIV
  -------         ENDMOD        ?C?SCDIV

  -------         MODULE        ?C?CLDPTR
  C:3F1FH         PUBLIC        ?C?CLDPTR
  -------         ENDMOD        ?C?CLDPTR

  -------         MODULE        ?C?CLDOPTR
  C:3F38H         PUBLIC        ?C?CLDOPTR
  -------         ENDMOD        ?C?CLDOPTR

  -------         MODULE        ?C?IMUL
  C:3F65H         PUBLIC        ?C?IMUL
  -------         ENDMOD        ?C?IMUL

  -------         MODULE        ?C?UIDIV
  C:3F77H         PUBLIC        ?C?UIDIV
  -------         ENDMOD        ?C?UIDIV

  -------         MODULE        ?C?IILDX
  C:3FCCH         PUBLIC        ?C?IILDX
  -------         ENDMOD        ?C?IILDX

  -------         MODULE        ?C?ILDIX
  C:3FE2H         PUBLIC        ?C?ILDIX
  -------         ENDMOD        ?C?ILDIX

  -------         MODULE        ?C?LMUL
  C:3FF8H         PUBLIC        ?C?LMUL
BL51 BANKED LINKER/LOCATER V6.22                                                      06/02/2016  10:19:06  PAGE 81


  -------         ENDMOD        ?C?LMUL

  -------         MODULE        ?C?SLDIV
  C:66A3H         PUBLIC        ?C?SLDIV
  -------         ENDMOD        ?C?SLDIV

  -------         MODULE        ?C?LNEG
  C:4047H         PUBLIC        ?C?LNEG
  -------         ENDMOD        ?C?LNEG

  -------         MODULE        ?C?SLSHR
  C:4055H         PUBLIC        ?C?SLSHR
  -------         ENDMOD        ?C?SLSHR

  -------         MODULE        ?C?LSTXDATA
  C:4069H         PUBLIC        ?C?LSTXDATA
  -------         ENDMOD        ?C?LSTXDATA

  -------         MODULE        ?C?LSTKXDATA
  C:4075H         PUBLIC        ?C?LSTKXDATA
  -------         ENDMOD        ?C?LSTKXDATA

  -------         MODULE        ?C?CCASE
  C:40A6H         PUBLIC        ?C?CCASE
  -------         ENDMOD        ?C?CCASE

  -------         MODULE        ?C?ULDIV
  C:4108H         PUBLIC        ?C?ULDIV
  -------         ENDMOD        ?C?ULDIV

*** WARNING L16: UNCALLED SEGMENT, IGNORED FOR OVERLAY PROCESS
    SEGMENT: ?PR?_SET_BAUD?BLE

*** WARNING L16: UNCALLED SEGMENT, IGNORED FOR OVERLAY PROCESS
    SEGMENT: ?PR?INQUIRE_BAUD?BLE

*** WARNING L16: UNCALLED SEGMENT, IGNORED FOR OVERLAY PROCESS
    SEGMENT: ?PR?DELAY150MS?DELAY

*** WARNING L16: UNCALLED SEGMENT, IGNORED FOR OVERLAY PROCESS
    SEGMENT: ?PR?DELAY500MS?DELAY

*** WARNING L16: UNCALLED SEGMENT, IGNORED FOR OVERLAY PROCESS
    SEGMENT: ?PR?_READ_MAC_REGISTER?INDY

*** WARNING L16: UNCALLED SEGMENT, IGNORED FOR OVERLAY PROCESS
    SEGMENT: ?PR?UART2_SENDMES?INDY

*** WARNING L16: UNCALLED SEGMENT, IGNORED FOR OVERLAY PROCESS
    SEGMENT: ?PR?CLEAR_UART2_MES?INDY

*** WARNING L16: UNCALLED SEGMENT, IGNORED FOR OVERLAY PROCESS
    SEGMENT: ?PR?INDY_READ_SENSORCODE?INDY

*** WARNING L16: UNCALLED SEGMENT, IGNORED FOR OVERLAY PROCESS
    SEGMENT: ?PR?INDY_READRSSI?INDY

BL51 BANKED LINKER/LOCATER V6.22                                                      06/02/2016  10:19:06  PAGE 82


*** WARNING L16: UNCALLED SEGMENT, IGNORED FOR OVERLAY PROCESS
    SEGMENT: ?PR?INDY_READTEMP?INDY

*** WARNING L16: UNCALLED SEGMENT, IGNORED FOR OVERLAY PROCESS
    SEGMENT: ?PR?UART2_RECV_PROC?INDY

*** WARNING L16: UNCALLED SEGMENT, IGNORED FOR OVERLAY PROCESS
    SEGMENT: ?PR?_INDEX_SEND?INDY

*** WARNING L16: UNCALLED SEGMENT, IGNORED FOR OVERLAY PROCESS
    SEGMENT: ?PR?_INDEX_R_CHECK?INDY

*** WARNING L16: UNCALLED SEGMENT, IGNORED FOR OVERLAY PROCESS
    SEGMENT: ?PR?OLEDPOWERDOWN?STC15_OLED

*** WARNING L16: UNCALLED SEGMENT, IGNORED FOR OVERLAY PROCESS
    SEGMENT: ?PR?OLEDENTERINGSLEEPMODE?STC15_OLED

*** WARNING L16: UNCALLED SEGMENT, IGNORED FOR OVERLAY PROCESS
    SEGMENT: ?PR?OLEDEXITINGSLEEPMODE?STC15_OLED

*** WARNING L16: UNCALLED SEGMENT, IGNORED FOR OVERLAY PROCESS
    SEGMENT: ?PR?_OLEDWRITEMESSAGEBYHEX?STC15_OLED

*** WARNING L16: UNCALLED SEGMENT, IGNORED FOR OVERLAY PROCESS
    SEGMENT: ?PR?_ADCINTINIT?STC15_ADC

*** WARNING L16: UNCALLED SEGMENT, IGNORED FOR OVERLAY PROCESS
    SEGMENT: ?PR?_DTOA256?STC15_ADC

*** WARNING L16: UNCALLED SEGMENT, IGNORED FOR OVERLAY PROCESS
    SEGMENT: ?PR?_DTOA1024?STC15_ADC

*** WARNING L16: UNCALLED SEGMENT, IGNORED FOR OVERLAY PROCESS
    SEGMENT: ?PR?_SENDSTRING3?STC15_UART

*** WARNING L16: UNCALLED SEGMENT, IGNORED FOR OVERLAY PROCESS
    SEGMENT: ?PR?_SENDDATA4?STC15_UART

*** WARNING L16: UNCALLED SEGMENT, IGNORED FOR OVERLAY PROCESS
    SEGMENT: ?PR?_SEQUENTIAL_WRITE_FLASH_IN_ONE_SECTOR?STC15_FLASH

*** WARNING L16: UNCALLED SEGMENT, IGNORED FOR OVERLAY PROCESS
    SEGMENT: ?PR?_WRITE_FLASH_WITH_PROTECT_IN_ONE_SECTOR?STC15_FLASH

*** WARNING L16: UNCALLED SEGMENT, IGNORED FOR OVERLAY PROCESS
    SEGMENT: ?PR?GETPWM?STC15_PWM

*** WARNING L16: UNCALLED SEGMENT, IGNORED FOR OVERLAY PROCESS
    SEGMENT: ?PR?_GETPWM4?STC15_PWM

*** WARNING L16: UNCALLED SEGMENT, IGNORED FOR OVERLAY PROCESS
    SEGMENT: ?PR?_GETPWM5?STC15_PWM

*** WARNING L16: UNCALLED SEGMENT, IGNORED FOR OVERLAY PROCESS
    SEGMENT: ?PR?_GETPWM2?STC15_PWM

BL51 BANKED LINKER/LOCATER V6.22                                                      06/02/2016  10:19:06  PAGE 83


*** WARNING L16: UNCALLED SEGMENT, IGNORED FOR OVERLAY PROCESS
    SEGMENT: ?PR?_OLEDBRTADJUST?STC15_PWM

*** WARNING L16: UNCALLED SEGMENT, IGNORED FOR OVERLAY PROCESS
    SEGMENT: ?PR?_TIMER0INIT?STC15_TIME

*** WARNING L16: UNCALLED SEGMENT, IGNORED FOR OVERLAY PROCESS
    SEGMENT: ?PR?INITSPI?STC15_SPI

*** WARNING L16: UNCALLED SEGMENT, IGNORED FOR OVERLAY PROCESS
    SEGMENT: ?PR?T0INTINIT?STC15_INT

*** WARNING L16: UNCALLED SEGMENT, IGNORED FOR OVERLAY PROCESS
    SEGMENT: ?PR?INT0INIT?STC15_INT

*** WARNING L16: UNCALLED SEGMENT, IGNORED FOR OVERLAY PROCESS
    SEGMENT: ?PR?INT1INIT?STC15_INT

*** WARNING L16: UNCALLED SEGMENT, IGNORED FOR OVERLAY PROCESS
    SEGMENT: ?PR?INT2INIT?STC15_INT

*** WARNING L16: UNCALLED SEGMENT, IGNORED FOR OVERLAY PROCESS
    SEGMENT: ?PR?INT3INIT?STC15_INT

*** WARNING L16: UNCALLED SEGMENT, IGNORED FOR OVERLAY PROCESS
    SEGMENT: ?PR?INT4INIT?STC15_INT

*** WARNING L16: UNCALLED SEGMENT, IGNORED FOR OVERLAY PROCESS
    SEGMENT: ?PR?LVDINTINIT?STC15_INT

*** WARNING L16: UNCALLED SEGMENT, IGNORED FOR OVERLAY PROCESS
    SEGMENT: ?PR?BTLINK3SBZ?BEEP

*** WARNING L16: UNCALLED SEGMENT, IGNORED FOR OVERLAY PROCESS
    SEGMENT: ?PR?_WARNINGBZ?BEEP

*** WARNING L16: UNCALLED SEGMENT, IGNORED FOR OVERLAY PROCESS
    SEGMENT: ?PR?LOWBATTERY50MSBZ?BEEP

*** WARNING L16: UNCALLED SEGMENT, IGNORED FOR OVERLAY PROCESS
    SEGMENT: ?PR?_WEAKUPDOWNMODE?STC15_CLK

*** WARNING L16: UNCALLED SEGMENT, IGNORED FOR OVERLAY PROCESS
    SEGMENT: ?PR?CHECKCHARGING?POWER

*** WARNING L16: UNCALLED SEGMENT, IGNORED FOR OVERLAY PROCESS
    SEGMENT: ?PR?KEYSCANTEST?KEYSCAN

*** WARNING L16: UNCALLED SEGMENT, IGNORED FOR OVERLAY PROCESS
    SEGMENT: ?PR?_PAGESCAN?KEYSCAN

*** WARNING L15: MULTIPLE CALL TO SEGMENT
    SEGMENT: ?PR?_OLEDWRITEASSIC57?STC15_OLED
    CALLER1: ?C_C51STARTUP
    CALLER2: ?PR?T0INT?STC15_INT

Program Size: data=50.2 xdata=1373 code=28258
BL51 BANKED LINKER/LOCATER V6.22                                                      06/02/2016  10:19:06  PAGE 84


LINK/LOCATE RUN COMPLETE.  46 WARNING(S),  0 ERROR(S)
