BL51 BANKED LINKER/LOCATER V6.22                                                        06/08/2016  14:58:03  PAGE 1


BL51 BANKED LINKER/LOCATER V6.22, INVOKED BY:
C:\KEIL\C51\BIN\BL51.EXE STARTUP.obj, main.obj, BLE.obj, delay.obj, indy.obj, stc15_oled.obj, stc15_adc.obj, stc15_uart.
>> obj, stc15_flash.obj, stc15_pwm.obj, stc15_time.obj, stc15_spi.obj, stc15_int.obj, beep.obj, stc15_clk.obj, power.obj
>> , keyScan.obj, oled_data.obj TO lifeRf RAMSIZE (256)


MEMORY MODEL: LARGE WITH FLOATING POINT ARITHMETIC


INPUT MODULES INCLUDED:
  STARTUP.obj (?C_STARTUP)
  main.obj (MAIN)
  BLE.obj (BLE)
  delay.obj (DELAY)
  indy.obj (INDY)
  stc15_oled.obj (STC15_OLED)
  stc15_adc.obj (STC15_ADC)
  stc15_uart.obj (STC15_UART)
  stc15_flash.obj (STC15_FLASH)
  stc15_pwm.obj (STC15_PWM)
  stc15_time.obj (STC15_TIME)
  stc15_spi.obj (STC15_SPI)
  stc15_int.obj (STC15_INT)
  beep.obj (BEEP)
  stc15_clk.obj (STC15_CLK)
  power.obj (POWER)
  keyScan.obj (KEYSCAN)
  oled_data.obj (OLED_DATA)
  C:\KEIL\C51\LIB\C51FPL.LIB (?C?FPADD)
  C:\KEIL\C51\LIB\C51FPL.LIB (?C?FPMUL)
  C:\KEIL\C51\LIB\C51FPL.LIB (?C?FPDIV)
  C:\KEIL\C51\LIB\C51FPL.LIB (?C?FPCMP)
  C:\KEIL\C51\LIB\C51FPL.LIB (?C?FCAST)
  C:\KEIL\C51\LIB\C51FPL.LIB (?C?CASTF)
  C:\KEIL\C51\LIB\C51FPL.LIB (?C?FPGETOPN)
  C:\KEIL\C51\LIB\C51L.LIB (?C_INIT)
  C:\KEIL\C51\LIB\C51L.LIB (?C?COPY)
  C:\KEIL\C51\LIB\C51L.LIB (?C?CLDPTR)
  C:\KEIL\C51\LIB\C51L.LIB (?C?CLDOPTR)
  C:\KEIL\C51\LIB\C51L.LIB (?C?IMUL)
  C:\KEIL\C51\LIB\C51L.LIB (?C?UIDIV)
  C:\KEIL\C51\LIB\C51L.LIB (?C?IILDX)
  C:\KEIL\C51\LIB\C51L.LIB (?C?ILDIX)
  C:\KEIL\C51\LIB\C51L.LIB (?C?LMUL)
  C:\KEIL\C51\LIB\C51L.LIB (?C?SLDIV)
  C:\KEIL\C51\LIB\C51L.LIB (?C?LNEG)
  C:\KEIL\C51\LIB\C51L.LIB (?C?SLSHR)
  C:\KEIL\C51\LIB\C51L.LIB (?C?LSTXDATA)
  C:\KEIL\C51\LIB\C51L.LIB (?C?LSTKXDATA)
  C:\KEIL\C51\LIB\C51L.LIB (?C?CCASE)
  C:\KEIL\C51\LIB\C51L.LIB (?C?ULDIV)


LINK MAP OF MODULE:  lifeRf (?C_STARTUP)


            TYPE    BASE      LENGTH    RELOCATION   SEGMENT NAME
            -----------------------------------------------------
BL51 BANKED LINKER/LOCATER V6.22                                                      06/08/2016  14:58:03  PAGE 2



            * * * * * * *   D A T A   M E M O R Y   * * * * * * *
            REG     0000H     0008H     ABSOLUTE     "REG BANK 0"
            REG     0008H     0008H     ABSOLUTE     "REG BANK 1"
                    0010H     0010H                  *** GAP ***
            BIT     0020H.0   0000H.4   UNIT         ?BI?STC15_UART
            BIT     0020H.4   0000H.4   UNIT         ?BI?STC15_FLASH
            BIT     0021H.0   0000H.2   UNIT         ?BI?PROCESS_PACKETS?INDY
                    0021H.2   0000H.6                *** GAP ***
            IDATA   0022H     0020H     UNIT         ?ID?STC15_FLASH
            IDATA   0042H     0001H     UNIT         ?STACK

            * * * * * * *  X D A T A   M E M O R Y  * * * * * * *
            XDATA   0000H     039EH     UNIT         ?XD?STC15_UART
            XDATA   039EH     0158H     UNIT         ?XD?_INDEX_R_CHECK?INDY
            XDATA   04F6H     0022H     UNIT         ?XD?INDY
            XDATA   0518H     0021H     UNIT         ?XD?UART2_SENDMES?INDY
            XDATA   0539H     001EH     UNIT         ?XD?TEMPSCAN?POWER
            XDATA   0557H     001CH     UNIT         _XDATA_GROUP_
            XDATA   0573H     0015H     UNIT         ?XD?PROCESS_PACKETS?INDY
            XDATA   0588H     000FH     UNIT         ?XD?_WRITE_FLASH_WITH_PROTECT_IN_ONE_SECTOR?STC15_FLASH
            XDATA   0597H     000BH     UNIT         ?XD?_SEQUENTIAL_WRITE_FLASH_IN_ONE_SECTOR?STC15_FLASH
            XDATA   05A2H     000BH     UNIT         ?XD?BATTERYSCAN?POWER
            XDATA   05ADH     0008H     UNIT         ?XD?STC15_FLASH
            XDATA   05B5H     0007H     UNIT         ?XD?_OLEDFLUSH?STC15_OLED
            XDATA   05BCH     0006H     UNIT         ?XD?_WRITE_MAC_REGISTER?INDY
            XDATA   05C2H     0006H     UNIT         ?XD?_OLEDWRITEBUFBYHEX57?STC15_OLED
            XDATA   05C8H     0006H     UNIT         ?XD?_OLEDWRITEMESSAGE57?STC15_OLED
            XDATA   05CEH     0006H     UNIT         ?XD?_DTOA1024?STC15_ADC
            XDATA   05D4H     0005H     UNIT         ?XD?MAIN
            XDATA   05D9H     0005H     UNIT         ?XD?_OLEDWRITEMESSAGE?STC15_OLED
            XDATA   05DEH     0005H     UNIT         ?XD?_OLEDWRITEBUFBYHEX?STC15_OLED
            XDATA   05E3H     0005H     UNIT         ?XD?_DTOA256?STC15_ADC
            XDATA   05E8H     0005H     UNIT         ?XD?_GETPWMBRT?STC15_PWM
            XDATA   05EDH     0005H     UNIT         ?XD?STC15_PWM
            XDATA   05F2H     0005H     UNIT         ?XD?GETBATTERYPERCENT?POWER
            XDATA   05F7H     0004H     UNIT         ?XD?STC15_INT
            XDATA   05FBH     0003H     UNIT         ?XD?_BLE_SET_BAUD?BLE
            XDATA   05FEH     0003H     UNIT         ?XD?_SENDSTRING?STC15_UART
            XDATA   0601H     0003H     UNIT         ?XD?_SENDSTRING2?STC15_UART
            XDATA   0604H     0003H     UNIT         ?XD?_SENDSTRING3?STC15_UART
            XDATA   0607H     0003H     UNIT         ?XD?_SENDSTRING4?STC15_UART
            XDATA   060AH     0003H     UNIT         ?XD?KEYSCAN?KEYSCAN
            XDATA   060DH     0003H     UNIT         ?XD?KEYSCANTEST?KEYSCAN
            XDATA   0610H     0002H     UNIT         ?XD?_READ_MAC_REGISTER?INDY
            XDATA   0612H     0002H     UNIT         ?XD?INDY_READ_SENSORCODE?INDY
            XDATA   0614H     0002H     UNIT         ?XD?INDY_READRSSI?INDY
            XDATA   0616H     0002H     UNIT         ?XD?INDY_READTEMP?INDY
            XDATA   0618H     0002H     UNIT         ?XD?_OLEDWRITEWORDBYHEX57?STC15_OLED
            XDATA   061AH     0002H     UNIT         ?XD?_OLEDWRITEASSIC57?STC15_OLED
            XDATA   061CH     0002H     UNIT         ?XD?_GETPWM2?STC15_PWM
            XDATA   061EH     0002H     UNIT         ?XD?_TIMER0INIT?STC15_TIME
            XDATA   0620H     0002H     UNIT         ?XD?_PAGESCAN?KEYSCAN
            XDATA   0622H     0001H     UNIT         ?XD?_OLEDBRTADJUST?STC15_PWM
            XDATA   0623H     0001H     UNIT         ?XD?POWER
            XDATA   0624H     0001H     UNIT         ?XD?KEYSCAN

BL51 BANKED LINKER/LOCATER V6.22                                                      06/08/2016  14:58:03  PAGE 3


            * * * * * * *   C O D E   M E M O R Y   * * * * * * *
            CODE    0000H     0003H     ABSOLUTE     
            CODE    0003H     0003H     ABSOLUTE     
            CODE    0006H     0005H     UNIT         ?PR?DELAY3US?DELAY
            CODE    000BH     0003H     ABSOLUTE     
            CODE    000EH     0004H     UNIT         ?PR?LVD_ISR?STC15_INT
            CODE    0012H     0001H     UNIT         ?PR?EXINT0?STC15_INT
            CODE    0013H     0003H     ABSOLUTE     
            CODE    0016H     000DH     UNIT         ?PR?DELAY999MS?DELAY
            CODE    0023H     0003H     ABSOLUTE     
            CODE    0026H     0001H     UNIT         ?PR?EXINT1?STC15_INT
            CODE    0027H     0001H     UNIT         ?PR?EXINT2?STC15_INT
            CODE    0028H     0001H     UNIT         ?PR?EXINT3?STC15_INT
            CODE    0029H     0001H     UNIT         ?PR?EXINT4?STC15_INT
                    002AH     0001H                  *** GAP ***
            CODE    002BH     0003H     ABSOLUTE     
                    002EH     0005H                  *** GAP ***
            CODE    0033H     0003H     ABSOLUTE     
            CODE    0036H     000DH     UNIT         ?PR?IAPIDLE?STC15_FLASH
            CODE    0043H     0003H     ABSOLUTE     
                    0046H     0005H                  *** GAP ***
            CODE    004BH     0003H     ABSOLUTE     
                    004EH     0005H                  *** GAP ***
            CODE    0053H     0003H     ABSOLUTE     
                    0056H     0005H                  *** GAP ***
            CODE    005BH     0003H     ABSOLUTE     
            CODE    005EH     0024H     UNIT         ?PR?_DTOA1024?STC15_ADC
                    0082H     0001H                  *** GAP ***
            CODE    0083H     0003H     ABSOLUTE     
                    0086H     0005H                  *** GAP ***
            CODE    008BH     0003H     ABSOLUTE     
                    008EH     0005H                  *** GAP ***
            CODE    0093H     0003H     ABSOLUTE     
                    0096H     0005H                  *** GAP ***
            CODE    009BH     0003H     ABSOLUTE     
            CODE    009EH     229FH     UNIT         ?PR?_INDEX_SEND?INDY
            CODE    233DH     0D14H     UNIT         ?PR?_INDEX_R_CHECK?INDY
            CODE    3051H     08B4H     UNIT         ?CO?OLED_DATA
            CODE    3905H     0747H     UNIT         ?C?LIB_CODE
            CODE    404CH     03B5H     UNIT         ?PR?_PAGESCAN?KEYSCAN
            CODE    4401H     030BH     UNIT         ?PR?_OLEDWRITEMESSAGE?STC15_OLED
            CODE    470CH     02E9H     UNIT         ?CO?KEYSCAN
            CODE    49F5H     02D5H     UNIT         ?PR?PROCESS_PACKETS?INDY
            CODE    4CCAH     019DH     UNIT         ?PR?KEYSCANTEST?KEYSCAN
            CODE    4E67H     0186H     UNIT         ?PR?_WRITE_FLASH_WITH_PROTECT_IN_ONE_SECTOR?STC15_FLASH
            CODE    4FEDH     014DH     UNIT         ?CO?INDY
            CODE    513AH     012CH     UNIT         ?PR?TEMPSCAN?POWER
            CODE    5266H     0116H     UNIT         ?PR?_OLEDWRITEWORDBYHEX57?STC15_OLED
            CODE    537CH     0103H     UNIT         ?PR?UART2_SENDMES?INDY
            CODE    547FH     00F4H     UNIT         ?PR?_OLEDWRITEWORDBYHEX?STC15_OLED
            CODE    5573H     00E8H     UNIT         ?PR?_SEQUENTIAL_WRITE_FLASH_IN_ONE_SECTOR?STC15_FLASH
            CODE    565BH     00DEH     UNIT         ?PR?_GETPWMBZ?STC15_PWM
            CODE    5739H     00DEH     UNIT         ?PR?BATTERYSCAN?POWER
            CODE    5817H     00DDH     UNIT         ?PR?_OLEDWRITEBUFBYHEX57?STC15_OLED
            CODE    58F4H     00BEH     UNIT         ?PR?_OLEDWRITEMESSAGE57?STC15_OLED
            CODE    59B2H     00B1H     UNIT         ?PR?_OLEDBRTADJUST?STC15_PWM
            CODE    5A63H     00B0H     UNIT         ?PR?ADC_ISR_KEY?STC15_ADC
BL51 BANKED LINKER/LOCATER V6.22                                                      06/08/2016  14:58:03  PAGE 4


            CODE    5B13H     00ADH     UNIT         ?PR?KEYSCAN?KEYSCAN
            CODE    5BC0H     00ABH     UNIT         ?PR?T3INT?STC15_PWM
            CODE    5C6BH     00A0H     UNIT         ?PR?_BLE_SET_BAUD?BLE
            CODE    5D0BH     0096H     UNIT         ?PR?_OLEDFLUSHPAGE?STC15_OLED
            CODE    5DA1H     0091H     UNIT         ?PR?_OLEDASSICFORSTATE?STC15_OLED
            CODE    5E32H     008CH     UNIT         ?C_C51STARTUP
            CODE    5EBEH     008CH     UNIT         ?PR?_OLEDWRITEBUFBYHEX?STC15_OLED
            CODE    5F4AH     008AH     UNIT         ?PR?_GETPWMBRT?STC15_PWM
            CODE    5FD4H     0085H     UNIT         ?PR?OLEDPOWERUP?STC15_OLED
            CODE    6059H     007DH     UNIT         ?PR?_OLEDWRITEASSIC57?STC15_OLED
            CODE    60D6H     006DH     UNIT         ?PR?_OLEDFLUSH?STC15_OLED
            CODE    6143H     0068H     UNIT         ?CO?BLE
            CODE    61ABH     0066H     UNIT         ?PR?MAIN?MAIN
            CODE    6211H     0060H     UNIT         ?PR?GETBATTERYPERCENT?POWER
            CODE    6271H     005CH     UNIT         ?PR?_WRITE_MAC_REGISTER?INDY
            CODE    62CDH     005BH     UNIT         ?PR?CLEAR_UART2_MES?INDY
            CODE    6328H     005BH     UNIT         ?PR?INDY_READTEMP?INDY
            CODE    6383H     0055H     UNIT         ?PR?T0INT?STC15_INT
            CODE    63D8H     0053H     UNIT         ?PR?_TIMER0INIT?STC15_TIME
            CODE    642BH     0050H     UNIT         ?PR?BLE_INQUIRE_BAUD?BLE
            CODE    647BH     004EH     UNIT         ?PR?INDY_READRSSI?INDY
            CODE    64C9H     004BH     UNIT         ?PR?_GETPWM4?STC15_PWM
            CODE    6514H     004AH     UNIT         ?PR?_GETPWM5?STC15_PWM
            CODE    655EH     0049H     UNIT         ?PR?FRESHSTATELINE?STC15_INT
            CODE    65A7H     0047H     UNIT         ?PR?INDY_READ_SENSORCODE?INDY
            CODE    65EEH     0044H     UNIT         ?C?LDIV
            CODE    6632H     0043H     UNIT         ?PR?UART2_RECV_PROC?INDY
            CODE    6675H     003FH     UNIT         ?PR?_OLEDBATTERYPOWER?OLED_DATA
            CODE    66B4H     003DH     UNIT         ?PR?UART_ISR?STC15_UART
            CODE    66F1H     003AH     UNIT         ?PR?UART2?STC15_UART
            CODE    672BH     003AH     UNIT         ?PR?UART4?STC15_UART
            CODE    6765H     0038H     UNIT         ?CO?POWER
            CODE    679DH     0037H     UNIT         ?PR?_READ_MAC_REGISTER?INDY
            CODE    67D4H     0036H     UNIT         ?PR?GETPWM?STC15_PWM
            CODE    680AH     0033H     UNIT         ?PR?_SENDSTRING?STC15_UART
            CODE    683DH     0033H     UNIT         ?PR?_SENDSTRING2?STC15_UART
            CODE    6870H     0033H     UNIT         ?PR?_SENDSTRING3?STC15_UART
            CODE    68A3H     0033H     UNIT         ?PR?_SENDSTRING4?STC15_UART
            CODE    68D6H     0031H     UNIT         ?PR?_WRBYTE?STC15_OLED
            CODE    6907H     0030H     UNIT         ?C_INITSEG
            CODE    6937H     0030H     UNIT         ?PR?OLEDCLEAR?STC15_OLED
            CODE    6967H     002FH     UNIT         ?PR?_SETSTARTCOLUMN?STC15_OLED
            CODE    6996H     002FH     UNIT         ?PR?UARTINIT?STC15_UART
            CODE    69C5H     002BH     UNIT         ?PR?_CLEARPAGECOL?STC15_OLED
            CODE    69F0H     002BH     UNIT         ?PR?CHECKCHARGING?POWER
            CODE    6A1BH     002AH     UNIT         ?PR?_READ_ADC1024?STC15_ADC
            CODE    6A45H     0024H     UNIT         ?PR?BATTERYINIT?POWER
            CODE    6A69H     0024H     UNIT         ?PR?_OLEDBTCONNECTSTATE?OLED_DATA
            CODE    6A8DH     0024H     UNIT         ?PR?_OLEDBATTERYSTATE?OLED_DATA
            CODE    6AB1H     0024H     UNIT         ?PR?_OLEDCHARGINGSTATE?OLED_DATA
            CODE    6AD5H     0022H     UNIT         ?PR?_DTOA256?STC15_ADC
            CODE    6AF7H     0020H     UNIT         ?PR?_SETSTARTPAGE?STC15_OLED
            CODE    6B17H     001FH     UNIT         ?PR?_ADCINTINIT?STC15_ADC
            CODE    6B36H     001FH     UNIT         ?PR?_GETPWM2?STC15_PWM
            CODE    6B55H     001EH     UNIT         ?PR?UART2INIT?STC15_UART
            CODE    6B73H     001BH     UNIT         ?PR?UART3INIT?STC15_UART
            CODE    6B8EH     001BH     UNIT         ?PR?UART4INIT?STC15_UART
BL51 BANKED LINKER/LOCATER V6.22                                                      06/08/2016  14:58:03  PAGE 5


            CODE    6BA9H     001AH     UNIT         ?PR?UART3?STC15_UART
            CODE    6BC3H     0019H     UNIT         ?PR?_IAPPROGRAMBYTE?STC15_FLASH
            CODE    6BDCH     0018H     UNIT         ?PR?_IAPREADBYTE?STC15_FLASH
            CODE    6BF4H     0017H     UNIT         ?PR?_READ_ADC256?STC15_ADC
            CODE    6C0BH     0017H     UNIT         ?PR?_DELAY?STC15_ADC
            CODE    6C22H     0017H     UNIT         ?PR?T0INTINIT?STC15_INT
            CODE    6C39H     0016H     UNIT         ?PR?CLEAR_REC_DATA?STC15_UART
            CODE    6C4FH     0015H     UNIT         ?PR?_WR1BDATA?STC15_OLED
            CODE    6C64H     0015H     UNIT         ?PR?_IAPERASESECTOR?STC15_FLASH
            CODE    6C79H     0013H     UNIT         ?PR?BLE_INIT?BLE
            CODE    6C8CH     0012H     UNIT         ?PR?INITSPI?STC15_SPI
            CODE    6C9EH     0012H     UNIT         ?PR?T3INTINIT?STC15_INT
            CODE    6CB0H     0012H     UNIT         ?PR?CLICK10MSBZ?BEEP
            CODE    6CC2H     0012H     UNIT         ?PR?BEEP200MSBZ?BEEP
            CODE    6CD4H     0012H     UNIT         ?PR?BTLINK3SBZ?BEEP
            CODE    6CE6H     0012H     UNIT         ?PR?LOWBATTERY50MSBZ?BEEP
            CODE    6CF8H     0012H     UNIT         ?PR?OLEDFLUSHBASESTATE?OLED_DATA
            CODE    6D0AH     0011H     UNIT         ?PR?INITOLED?STC15_OLED
            CODE    6D1BH     0011H     UNIT         ?PR?OLEDEXITINGSLEEPMODE?STC15_OLED
            CODE    6D2CH     0010H     UNIT         ?PR?_UDELAY?STC15_OLED
            CODE    6D3CH     0010H     UNIT         ?PR?OLEDPOWERDOWN?STC15_OLED
            CODE    6D4CH     0010H     UNIT         ?PR?CLEAR_UART2_DATA?STC15_UART
            CODE    6D5CH     000FH     UNIT         ?PR?DELAY20MS?DELAY
            CODE    6D6BH     000FH     UNIT         ?PR?DELAY150MS?DELAY
            CODE    6D7AH     000FH     UNIT         ?PR?DELAY10MS?DELAY
            CODE    6D89H     000FH     UNIT         ?PR?DELAY500MS?DELAY
            CODE    6D98H     000FH     UNIT         ?PR?DELAY3000MS?DELAY
            CODE    6DA7H     000FH     UNIT         ?PR?DELAY200MS?DELAY
            CODE    6DB6H     000FH     UNIT         ?PR?DELAY50MS?DELAY
            CODE    6DC5H     000FH     UNIT         ?PR?DELAY100MS?DELAY
            CODE    6DD4H     000CH     UNIT         ?PR?_WR1BCMD?STC15_OLED
            CODE    6DE0H     000CH     UNIT         ?PR?_WEAKUPDOWNMODE?STC15_CLK
            CODE    6DECH     000BH     UNIT         ?PR?OLEDENTERINGSLEEPMODE?STC15_OLED
            CODE    6DF7H     0009H     UNIT         ?PR?_SENDDATA?STC15_UART
            CODE    6E00H     0009H     UNIT         ?PR?_SENDDATA2?STC15_UART
            CODE    6E09H     0009H     UNIT         ?PR?_SENDDATA3?STC15_UART
            CODE    6E12H     0009H     UNIT         ?PR?_SENDDATA4?STC15_UART
            CODE    6E1BH     0009H     UNIT         ?PR?INT0INIT?STC15_INT
            CODE    6E24H     0009H     UNIT         ?PR?INT1INIT?STC15_INT
            CODE    6E2DH     0009H     UNIT         ?PR?_WARNINGBZ?BEEP
            CODE    6E36H     0008H     UNIT         ?PR?LVDINTINIT?STC15_INT
            CODE    6E3EH     0006H     UNIT         ?PR?SPI_ISR?STC15_SPI
            CODE    6E44H     0006H     UNIT         ?PR?INT2INIT?STC15_INT
            CODE    6E4AH     0006H     UNIT         ?PR?INT3INIT?STC15_INT
            CODE    6E50H     0006H     UNIT         ?PR?INT4INIT?STC15_INT



OVERLAY MAP OF MODULE:   lifeRf (?C_STARTUP)


SEGMENT                                            XDATA_GROUP
  +--> CALLED SEGMENT                            START    LENGTH
----------------------------------------------------------------
?C_C51STARTUP                                    -----    -----
  +--> ?PR?MAIN?MAIN
  +--> ?C_INITSEG
BL51 BANKED LINKER/LOCATER V6.22                                                      06/08/2016  14:58:03  PAGE 6



?PR?MAIN?MAIN                                    0557H    000CH
  +--> ?PR?BEEP200MSBZ?BEEP
  +--> ?PR?UARTINIT?STC15_UART
  +--> ?PR?UART2INIT?STC15_UART
  +--> ?PR?UART3INIT?STC15_UART
  +--> ?PR?UART4INIT?STC15_UART
  +--> ?PR?BATTERYINIT?POWER
  +--> ?PR?INITOLED?STC15_OLED
  +--> ?PR?OLEDPOWERUP?STC15_OLED
  +--> ?PR?BLE_INIT?BLE
  +--> ?PR?OLEDFLUSHBASESTATE?OLED_DATA
  +--> ?PR?_OLEDBATTERYPOWER?OLED_DATA
  +--> ?PR?_OLEDBATTERYSTATE?OLED_DATA
  +--> ?PR?_OLEDBTCONNECTSTATE?OLED_DATA
  +--> ?PR?_OLEDCHARGINGSTATE?OLED_DATA
  +--> ?PR?_OLEDWRITEWORDBYHEX?STC15_OLED

?PR?BEEP200MSBZ?BEEP                             -----    -----
  +--> ?PR?_GETPWMBZ?STC15_PWM
  +--> ?PR?DELAY200MS?DELAY

?PR?_GETPWMBZ?STC15_PWM                          0563H    0006H

?PR?BATTERYINIT?POWER                            -----    -----
  +--> ?PR?DELAY100MS?DELAY

?PR?OLEDPOWERUP?STC15_OLED                       0563H    0002H
  +--> ?PR?_WR1BCMD?STC15_OLED
  +--> ?PR?OLEDCLEAR?STC15_OLED

?PR?_WR1BCMD?STC15_OLED                          -----    -----
  +--> ?PR?_WRBYTE?STC15_OLED

?PR?_WRBYTE?STC15_OLED                           -----    -----
  +--> ?PR?_UDELAY?STC15_OLED

?PR?OLEDCLEAR?STC15_OLED                         0565H    0001H
  +--> ?PR?_SETSTARTPAGE?STC15_OLED
  +--> ?PR?_SETSTARTCOLUMN?STC15_OLED
  +--> ?PR?_WR1BDATA?STC15_OLED

?PR?_SETSTARTPAGE?STC15_OLED                     -----    -----
  +--> ?PR?_WR1BCMD?STC15_OLED

?PR?_SETSTARTCOLUMN?STC15_OLED                   -----    -----
  +--> ?PR?_SETSTARTPAGE?STC15_OLED
  +--> ?PR?_WR1BCMD?STC15_OLED

?PR?_WR1BDATA?STC15_OLED                         -----    -----
  +--> ?PR?_WRBYTE?STC15_OLED

?PR?OLEDFLUSHBASESTATE?OLED_DATA                 -----    -----
  +--> ?CO?OLED_DATA
  +--> ?PR?_OLEDFLUSHPAGE?STC15_OLED

?PR?_OLEDFLUSHPAGE?STC15_OLED                    0563H    0007H
BL51 BANKED LINKER/LOCATER V6.22                                                      06/08/2016  14:58:03  PAGE 7


  +--> ?PR?_SETSTARTCOLUMN?STC15_OLED
  +--> ?PR?_WR1BDATA?STC15_OLED

?PR?_OLEDBATTERYPOWER?OLED_DATA                  0563H    0001H
  +--> ?PR?_OLEDASSICFORSTATE?STC15_OLED

?PR?_OLEDASSICFORSTATE?STC15_OLED                0564H    0002H
  +--> ?PR?_SETSTARTCOLUMN?STC15_OLED
  +--> ?CO?OLED_DATA
  +--> ?PR?_WR1BDATA?STC15_OLED

?PR?_OLEDBATTERYSTATE?OLED_DATA                  -----    -----
  +--> ?CO?OLED_DATA
  +--> ?PR?_OLEDFLUSHPAGE?STC15_OLED

?PR?_OLEDBTCONNECTSTATE?OLED_DATA                -----    -----
  +--> ?CO?OLED_DATA
  +--> ?PR?_OLEDFLUSHPAGE?STC15_OLED

?PR?_OLEDCHARGINGSTATE?OLED_DATA                 -----    -----
  +--> ?CO?OLED_DATA
  +--> ?PR?_OLEDFLUSHPAGE?STC15_OLED

?PR?_OLEDWRITEWORDBYHEX?STC15_OLED               0563H    0003H
  +--> ?PR?_SETSTARTPAGE?STC15_OLED
  +--> ?PR?_SETSTARTCOLUMN?STC15_OLED
  +--> ?CO?OLED_DATA
  +--> ?PR?_WR1BDATA?STC15_OLED

*** NEW ROOT ***************************************************

?PR?ADC_ISR_KEY?STC15_ADC                        056AH    0004H
  +--> ?PR?DELAY10MS?DELAY
  +--> ?PR?_READ_ADC256?STC15_ADC

*** NEW ROOT ***************************************************

?PR?T0INT?STC15_INT                              056EH    0005H



SYMBOL TABLE OF MODULE:  lifeRf (?C_STARTUP)

  VALUE           TYPE          NAME
  ----------------------------------

  -------         MODULE        ?C_STARTUP
  C:5E32H         SEGMENT       ?C_C51STARTUP
  I:0042H         SEGMENT       ?STACK
  C:0000H         PUBLIC        ?C_STARTUP
  D:00E0H         SYMBOL        ACC
  D:00F0H         SYMBOL        B
  D:0083H         SYMBOL        DPH
  D:0082H         SYMBOL        DPL
  N:0000H         SYMBOL        IBPSTACK
  N:0100H         SYMBOL        IBPSTACKTOP
  N:0080H         SYMBOL        IDATALEN
BL51 BANKED LINKER/LOCATER V6.22                                                      06/08/2016  14:58:03  PAGE 8


  C:5E35H         SYMBOL        IDATALOOP
  N:0000H         SYMBOL        PBPSTACK
  N:0100H         SYMBOL        PBPSTACKTOP
  N:0000H         SYMBOL        PDATALEN
  N:0000H         SYMBOL        PDATASTART
  N:0000H         SYMBOL        PPAGE
  N:0000H         SYMBOL        PPAGEENABLE
  D:00A0H         SYMBOL        PPAGE_SFR
  D:0081H         SYMBOL        SP
  C:5E32H         SYMBOL        STARTUP1
  N:0000H         SYMBOL        XBPSTACK
  N:0000H         SYMBOL        XBPSTACKTOP
  N:0000H         SYMBOL        XDATALEN
  N:0000H         SYMBOL        XDATASTART
  C:0000H         LINE#         126
  C:5E32H         LINE#         133
  C:5E34H         LINE#         134
  C:5E35H         LINE#         135
  C:5E36H         LINE#         136
  C:5E38H         LINE#         185
  C:5E3BH         LINE#         196
  -------         ENDMOD        ?C_STARTUP

  -------         MODULE        MAIN
  C:0000H         SYMBOL        _ICE_DUMMY_
  D:0080H         PUBLIC        P0
  D:0090H         PUBLIC        P1
  D:00A0H         PUBLIC        P2
  D:00B0H         PUBLIC        P3
  D:00C0H         PUBLIC        P4
  D:00C8H         PUBLIC        P5
  D:00E8H         PUBLIC        P6
  D:00F8H         PUBLIC        P7
  D:00A8H         PUBLIC        IE
  D:00B8H         PUBLIC        IP
  B:00E8H.6       PUBLIC        MODE_CTL_BLE
  X:05D4H         PUBLIC        result
  D:00D8H         PUBLIC        CCON
  C:61ABH         PUBLIC        main
  D:0098H         PUBLIC        SCON
  D:0088H         PUBLIC        TCON
  D:00F8H         PUBLIC        WIRC_H
  D:00F9H         PUBLIC        WIRC_L
  D:00D0H         PUBLIC        PSW
  -------         PROC          MAIN
  -------         DO            
  X:0557H         SYMBOL        keyScanResult
  X:0558H         SYMBOL        i
  X:0559H         SYMBOL        j
  X:055AH         SYMBOL        temp
  X:055EH         SYMBOL        bat
  X:055FH         SYMBOL        fail_cnt
  X:0560H         SYMBOL        send_times
  X:0561H         SYMBOL        rec_flag
  X:0562H         SYMBOL        rec_flag_cnt
  -------         ENDDO         
  C:61ABH         LINE#         12
BL51 BANKED LINKER/LOCATER V6.22                                                      06/08/2016  14:58:03  PAGE 9


  C:61ABH         LINE#         13
  C:61ABH         LINE#         14
  C:61B0H         LINE#         15
  C:61B2H         LINE#         16
  C:61B4H         LINE#         17
  C:61BCH         LINE#         18
  C:61C1H         LINE#         21
  C:61C3H         LINE#         22
  C:61C5H         LINE#         23
  C:61C7H         LINE#         24
  C:61C9H         LINE#         26
  C:61CCH         LINE#         28
  C:61CFH         LINE#         29
  C:61D2H         LINE#         30
  C:61D5H         LINE#         31
  C:61D8H         LINE#         33
  C:61DBH         LINE#         35
  C:61DEH         LINE#         37
  C:61E1H         LINE#         39
  C:61E4H         LINE#         40
  C:61E6H         LINE#         46
  C:61E9H         LINE#         47
  C:61EEH         LINE#         48
  C:61F3H         LINE#         49
  C:61F8H         LINE#         50
  C:61FDH         LINE#         333
  C:6206H         LINE#         334
  C:620FH         LINE#         339
  C:620FH         LINE#         348
  -------         ENDPROC       MAIN
  -------         ENDMOD        MAIN

  -------         MODULE        BLE
  C:0000H         SYMBOL        _ICE_DUMMY_
  D:0080H         PUBLIC        P0
  D:0090H         PUBLIC        P1
  D:00A0H         PUBLIC        P2
  D:00B0H         PUBLIC        P3
  D:00CCH         PUBLIC        P6M0
  D:00C0H         PUBLIC        P4
  D:00CBH         PUBLIC        P6M1
  D:00C8H         PUBLIC        P5
  D:00E8H         PUBLIC        P6
  D:00F8H         PUBLIC        P7
  D:00A8H         PUBLIC        IE
  B:00E8H.5       PUBLIC        BT_CTL_BLE
  C:642BH         PUBLIC        ble_inquire_baud
  D:00B8H         PUBLIC        IP
  B:00E8H.7       PUBLIC        BRT_BLE
  B:00E8H.6       PUBLIC        MODE_CTL_BLE
  D:00D8H         PUBLIC        CCON
  D:0098H         PUBLIC        SCON
  D:0088H         PUBLIC        TCON
  C:6C79H         PUBLIC        ble_init
  C:5C6BH         PUBLIC        _ble_set_baud
  D:00D0H         PUBLIC        PSW
  -------         PROC          BLE_INIT
BL51 BANKED LINKER/LOCATER V6.22                                                      06/08/2016  14:58:03  PAGE 10


  C:6C79H         LINE#         5
  C:6C79H         LINE#         6
  C:6C79H         LINE#         7
  C:6C7CH         LINE#         8
  C:6C7FH         LINE#         10
  C:6C82H         LINE#         11
  C:6C85H         LINE#         13
  C:6C87H         LINE#         14
  C:6C89H         LINE#         15
  C:6C8BH         LINE#         16
  -------         ENDPROC       BLE_INIT
  -------         PROC          _BLE_SET_BAUD
  X:05FBH         SYMBOL        id
  -------         DO            
  X:05FCH         SYMBOL        i
  -------         ENDDO         
  C:5C6BH         LINE#         33
  C:5C70H         LINE#         34
  C:5C70H         LINE#         35
  C:5C75H         LINE#         36
  C:5C78H         LINE#         38
  C:5C7DH         LINE#         39
  C:5C82H         LINE#         40
  C:5C87H         LINE#         41
  C:5C8CH         LINE#         42
  C:5C94H         LINE#         44
  C:5C97H         LINE#         49
  C:5C9DH         LINE#         50
  C:5CA0H         LINE#         51
  C:5CB8H         LINE#         52
  C:5CC7H         LINE#         53
  C:5CD7H         LINE#         54
  C:5CE1H         LINE#         55
  C:5CEAH         LINE#         56
  C:5CF3H         LINE#         57
  C:5CF6H         LINE#         58
  C:5CF6H         LINE#         59
  C:5CF6H         LINE#         60
  C:5CFFH         LINE#         61
  C:5D08H         LINE#         62
  C:5D0AH         LINE#         63
  C:5D0AH         LINE#         64
  -------         ENDPROC       _BLE_SET_BAUD
  -------         PROC          BLE_INQUIRE_BAUD
  C:642BH         LINE#         71
  C:642BH         LINE#         72
  C:642BH         LINE#         73
  C:642EH         LINE#         75
  C:6433H         LINE#         76
  C:6438H         LINE#         77
  C:643DH         LINE#         78
  C:6442H         LINE#         80
  C:6445H         LINE#         84
  C:644EH         LINE#         86
  C:6455H         LINE#         87
  C:645BH         LINE#         88
  C:645DH         LINE#         89
BL51 BANKED LINKER/LOCATER V6.22                                                      06/08/2016  14:58:03  PAGE 11


  C:645DH         LINE#         91
  C:6464H         LINE#         93
  C:646DH         LINE#         94
  C:646FH         LINE#         95
  C:646FH         LINE#         96
  C:646FH         LINE#         97
  C:646FH         LINE#         99
  C:6478H         LINE#         100
  C:647AH         LINE#         101
  C:647AH         LINE#         102
  -------         ENDPROC       BLE_INQUIRE_BAUD
  -------         ENDMOD        BLE

  -------         MODULE        DELAY
  C:0000H         SYMBOL        _ICE_DUMMY_
  C:0016H         PUBLIC        Delay999ms
  C:0006H         PUBLIC        Delay3us
  C:6D98H         PUBLIC        Delay3000ms
  C:6D7AH         PUBLIC        Delay10ms
  C:6D5CH         PUBLIC        Delay20ms
  C:6DB6H         PUBLIC        Delay50ms
  C:6DC5H         PUBLIC        Delay100ms
  C:6DA7H         PUBLIC        Delay200ms
  C:6D89H         PUBLIC        Delay500ms
  C:6D6BH         PUBLIC        Delay150ms
  -------         PROC          DELAY999MS
  -------         DO            
  D:0007H         SYMBOL        i
  D:0006H         SYMBOL        j
  D:0005H         SYMBOL        k
  -------         ENDDO         
  C:0016H         LINE#         4
  C:0016H         LINE#         5
  C:0016H         LINE#         8
  C:0018H         LINE#         9
  C:001AH         LINE#         10
  C:001CH         LINE#         12
  C:001CH         LINE#         14
  C:001CH         LINE#         15
  C:001EH         LINE#         16
  C:0020H         LINE#         17
  C:0022H         LINE#         18
  -------         ENDPROC       DELAY999MS
  -------         PROC          DELAY20MS
  -------         DO            
  D:0007H         SYMBOL        i
  D:0006H         SYMBOL        j
  D:0005H         SYMBOL        k
  -------         ENDDO         
  C:6D5CH         LINE#         20
  C:6D5CH         LINE#         21
  C:6D5CH         LINE#         24
  C:6D5DH         LINE#         25
  C:6D5EH         LINE#         26
  C:6D60H         LINE#         27
  C:6D62H         LINE#         28
  C:6D64H         LINE#         30
BL51 BANKED LINKER/LOCATER V6.22                                                      06/08/2016  14:58:03  PAGE 12


  C:6D64H         LINE#         32
  C:6D64H         LINE#         33
  C:6D66H         LINE#         34
  C:6D68H         LINE#         35
  C:6D6AH         LINE#         36
  -------         ENDPROC       DELAY20MS
  -------         PROC          DELAY150MS
  -------         DO            
  D:0007H         SYMBOL        i
  D:0006H         SYMBOL        j
  D:0005H         SYMBOL        k
  -------         ENDDO         
  C:6D6BH         LINE#         38
  C:6D6BH         LINE#         39
  C:6D6BH         LINE#         42
  C:6D6CH         LINE#         43
  C:6D6DH         LINE#         44
  C:6D6FH         LINE#         45
  C:6D71H         LINE#         46
  C:6D73H         LINE#         48
  C:6D73H         LINE#         50
  C:6D73H         LINE#         51
  C:6D75H         LINE#         52
  C:6D77H         LINE#         53
  C:6D79H         LINE#         54
  -------         ENDPROC       DELAY150MS
  -------         PROC          DELAY10MS
  -------         DO            
  D:0007H         SYMBOL        i
  D:0006H         SYMBOL        j
  D:0005H         SYMBOL        k
  -------         ENDDO         
  C:6D7AH         LINE#         56
  C:6D7AH         LINE#         57
  C:6D7AH         LINE#         60
  C:6D7BH         LINE#         61
  C:6D7CH         LINE#         62
  C:6D7EH         LINE#         63
  C:6D80H         LINE#         64
  C:6D82H         LINE#         66
  C:6D82H         LINE#         68
  C:6D82H         LINE#         69
  C:6D84H         LINE#         70
  C:6D86H         LINE#         71
  C:6D88H         LINE#         72
  -------         ENDPROC       DELAY10MS
  -------         PROC          DELAY500MS
  -------         DO            
  D:0007H         SYMBOL        i
  D:0006H         SYMBOL        j
  D:0005H         SYMBOL        k
  -------         ENDDO         
  C:6D89H         LINE#         74
  C:6D89H         LINE#         75
  C:6D89H         LINE#         78
  C:6D8AH         LINE#         79
  C:6D8BH         LINE#         80
BL51 BANKED LINKER/LOCATER V6.22                                                      06/08/2016  14:58:03  PAGE 13


  C:6D8DH         LINE#         81
  C:6D8FH         LINE#         82
  C:6D91H         LINE#         84
  C:6D91H         LINE#         86
  C:6D91H         LINE#         87
  C:6D93H         LINE#         88
  C:6D95H         LINE#         89
  C:6D97H         LINE#         90
  -------         ENDPROC       DELAY500MS
  -------         PROC          DELAY3000MS
  -------         DO            
  D:0007H         SYMBOL        i
  D:0006H         SYMBOL        j
  D:0005H         SYMBOL        k
  -------         ENDDO         
  C:6D98H         LINE#         92
  C:6D98H         LINE#         93
  C:6D98H         LINE#         96
  C:6D99H         LINE#         97
  C:6D9AH         LINE#         98
  C:6D9CH         LINE#         99
  C:6D9EH         LINE#         100
  C:6DA0H         LINE#         102
  C:6DA0H         LINE#         104
  C:6DA0H         LINE#         105
  C:6DA2H         LINE#         106
  C:6DA4H         LINE#         107
  C:6DA6H         LINE#         108
  -------         ENDPROC       DELAY3000MS
  -------         PROC          DELAY200MS
  -------         DO            
  D:0007H         SYMBOL        i
  D:0006H         SYMBOL        j
  D:0005H         SYMBOL        k
  -------         ENDDO         
  C:6DA7H         LINE#         111
  C:6DA7H         LINE#         112
  C:6DA7H         LINE#         115
  C:6DA8H         LINE#         116
  C:6DA9H         LINE#         117
  C:6DABH         LINE#         118
  C:6DADH         LINE#         119
  C:6DAFH         LINE#         121
  C:6DAFH         LINE#         123
  C:6DAFH         LINE#         124
  C:6DB1H         LINE#         125
  C:6DB3H         LINE#         126
  C:6DB5H         LINE#         127
  -------         ENDPROC       DELAY200MS
  -------         PROC          DELAY50MS
  -------         DO            
  D:0007H         SYMBOL        i
  D:0006H         SYMBOL        j
  D:0005H         SYMBOL        k
  -------         ENDDO         
  C:6DB6H         LINE#         130
  C:6DB6H         LINE#         131
BL51 BANKED LINKER/LOCATER V6.22                                                      06/08/2016  14:58:03  PAGE 14


  C:6DB6H         LINE#         134
  C:6DB7H         LINE#         135
  C:6DB8H         LINE#         136
  C:6DBAH         LINE#         137
  C:6DBCH         LINE#         138
  C:6DBEH         LINE#         140
  C:6DBEH         LINE#         142
  C:6DBEH         LINE#         143
  C:6DC0H         LINE#         144
  C:6DC2H         LINE#         145
  C:6DC4H         LINE#         146
  -------         ENDPROC       DELAY50MS
  -------         PROC          DELAY3US
  -------         DO            
  D:0007H         SYMBOL        i
  -------         ENDDO         
  C:0006H         LINE#         148
  C:0006H         LINE#         149
  C:0006H         LINE#         152
  C:0008H         LINE#         153
  C:000AH         LINE#         154
  -------         ENDPROC       DELAY3US
  -------         PROC          DELAY100MS
  -------         DO            
  D:0007H         SYMBOL        i
  D:0006H         SYMBOL        j
  D:0005H         SYMBOL        k
  -------         ENDDO         
  C:6DC5H         LINE#         156
  C:6DC5H         LINE#         157
  C:6DC5H         LINE#         160
  C:6DC6H         LINE#         161
  C:6DC7H         LINE#         162
  C:6DC9H         LINE#         163
  C:6DCBH         LINE#         164
  C:6DCDH         LINE#         166
  C:6DCDH         LINE#         168
  C:6DCDH         LINE#         169
  C:6DCFH         LINE#         170
  C:6DD1H         LINE#         171
  C:6DD3H         LINE#         172
  -------         ENDPROC       DELAY100MS
  -------         ENDMOD        DELAY

  -------         MODULE        INDY
  C:0000H         SYMBOL        _ICE_DUMMY_
  D:0080H         PUBLIC        P0
  D:0090H         PUBLIC        P1
  X:04F6H         PUBLIC        uart2_body
  D:00A0H         PUBLIC        P2
  C:62CDH         PUBLIC        clear_uart2_mes
  D:00B0H         PUBLIC        P3
  D:00C0H         PUBLIC        P4
  D:00C8H         PUBLIC        P5
  D:00E8H         PUBLIC        P6
  D:00F8H         PUBLIC        P7
  C:627CH         PUBLIC        _write_mac_register
BL51 BANKED LINKER/LOCATER V6.22                                                      06/08/2016  14:58:03  PAGE 15


  D:00A8H         PUBLIC        IE
  B:00A8H.4       PUBLIC        ES
  D:00B8H         PUBLIC        IP
  C:6632H         PUBLIC        uart2_recv_proc
  D:00D8H         PUBLIC        CCON
  C:537CH         PUBLIC        uart2_sendMes
  C:009EH         PUBLIC        _index_send
  D:0098H         PUBLIC        SCON
  D:0088H         PUBLIC        TCON
  X:0516H         PUBLIC        rec_flag
  C:5005H         SYMBOL        _?ix1000
  C:5071H         SYMBOL        _?ix1010
  C:5029H         SYMBOL        _?ix1001
  C:50C1H         SYMBOL        _?ix1020
  C:5079H         SYMBOL        _?ix1011
  C:5031H         SYMBOL        _?ix1002
  C:510AH         SYMBOL        _?ix1030
  C:50C9H         SYMBOL        _?ix1021
  C:5081H         SYMBOL        _?ix1012
  C:5039H         SYMBOL        _?ix1003
  C:512AH         SYMBOL        _?ix1031
  C:50D1H         SYMBOL        _?ix1022
  C:5089H         SYMBOL        _?ix1013
  C:5041H         SYMBOL        _?ix1004
  C:5132H         SYMBOL        _?ix1032
  C:50D9H         SYMBOL        _?ix1023
  C:5091H         SYMBOL        _?ix1014
  C:5049H         SYMBOL        _?ix1005
  C:50DAH         SYMBOL        _?ix1024
  C:5099H         SYMBOL        _?ix1015
  C:5051H         SYMBOL        _?ix1006
  C:50E2H         SYMBOL        _?ix1025
  C:50A1H         SYMBOL        _?ix1016
  C:5059H         SYMBOL        _?ix1007
  C:50EAH         SYMBOL        _?ix1026
  C:50A9H         SYMBOL        _?ix1017
  C:5061H         SYMBOL        _?ix1008
  C:50F2H         SYMBOL        _?ix1027
  C:50B1H         SYMBOL        _?ix1018
  C:5069H         SYMBOL        _?ix1009
  C:50FAH         SYMBOL        _?ix1028
  C:50B9H         SYMBOL        _?ix1019
  C:5102H         SYMBOL        _?ix1029
  C:233DH         PUBLIC        _index_r_check
  C:65A7H         PUBLIC        indy_read_sensorcode
  C:49F5H         PUBLIC        process_packets
  X:0517H         PUBLIC        rec_flag_cnt
  C:6328H         PUBLIC        indy_readtemp
  C:647BH         PUBLIC        indy_readrssi
  D:00D0H         PUBLIC        PSW
  C:679DH         PUBLIC        _read_mac_register
  C:6271H         SYMBOL        L?0345
  C:6275H         SYMBOL        L?0346
  -------         PROC          L?0344
  -------         ENDPROC       L?0344
  C:6271H         SYMBOL        L?0345
  C:6275H         SYMBOL        L?0346
BL51 BANKED LINKER/LOCATER V6.22                                                      06/08/2016  14:58:03  PAGE 16


  -------         PROC          _WRITE_MAC_REGISTER
  X:05BCH         SYMBOL        addr
  X:05BEH         SYMBOL        w_data
  X:05C0H         SYMBOL        w_data_l
  C:627CH         LINE#         7
  C:6290H         LINE#         8
  C:6290H         LINE#         10
  C:6295H         LINE#         11
  C:629AH         LINE#         12
  C:62A3H         LINE#         13
  C:62ABH         LINE#         14
  C:62B4H         LINE#         15
  C:62BCH         LINE#         16
  C:62C5H         LINE#         17
  -------         ENDPROC       _WRITE_MAC_REGISTER
  -------         PROC          _READ_MAC_REGISTER
  X:0610H         SYMBOL        addr
  C:679DH         LINE#         20
  C:67A5H         LINE#         21
  C:67A5H         LINE#         23
  C:67AAH         LINE#         24
  C:67AFH         LINE#         25
  C:67B8H         LINE#         26
  C:67C0H         LINE#         27
  C:67C5H         LINE#         28
  C:67CAH         LINE#         29
  C:67CFH         LINE#         30
  -------         ENDPROC       _READ_MAC_REGISTER
  -------         PROC          UART2_SENDMES
  -------         DO            
  X:0518H         SYMBOL        i
  D:0007H         SYMBOL        sum
  X:0519H         SYMBOL        send_buf
  -------         ENDDO         
  C:537CH         LINE#         33
  C:537CH         LINE#         34
  C:537CH         LINE#         36
  C:537EH         LINE#         39
  C:5386H         LINE#         40
  C:538BH         LINE#         41
  C:538BH         LINE#         42
  C:53B3H         LINE#         43
  C:53BDH         LINE#         44
  C:53C2H         LINE#         45
  C:53C2H         LINE#         46
  C:53EAH         LINE#         47
  C:53F4H         LINE#         49
  C:5406H         LINE#         50
  C:5420H         LINE#         52
  C:5431H         LINE#         53
  C:5431H         LINE#         54
  C:5444H         LINE#         55
  C:544CH         LINE#         57
  C:5451H         LINE#         58
  C:5462H         LINE#         59
  C:5462H         LINE#         60
  C:5476H         LINE#         63
BL51 BANKED LINKER/LOCATER V6.22                                                      06/08/2016  14:58:03  PAGE 17


  C:547EH         LINE#         66
  -------         ENDPROC       UART2_SENDMES
  -------         PROC          CLEAR_UART2_MES
  -------         DO            
  D:0007H         SYMBOL        i
  -------         ENDDO         
  C:62CDH         LINE#         68
  C:62CDH         LINE#         69
  C:62CDH         LINE#         72
  C:62D2H         LINE#         73
  C:62D3H         LINE#         74
  C:62EAH         LINE#         75
  C:62ECH         LINE#         76
  C:6303H         LINE#         77
  C:630DH         LINE#         78
  C:6322H         LINE#         79
  C:6327H         LINE#         80
  -------         ENDPROC       CLEAR_UART2_MES
  -------         PROC          PROCESS_PACKETS
  -------         DO            
  X:0573H         SYMBOL        i
  X:0575H         SYMBOL        j
  X:0576H         SYMBOL        data_len
  X:0578H         SYMBOL        cmd_type
  X:057AH         SYMBOL        cmd_addr_fir
  X:057CH         SYMBOL        data_addr_fir
  X:057EH         SYMBOL        data_addr_end
  X:0580H         SYMBOL        epc_data_addr
  X:0582H         SYMBOL        sensor_data_addr
  X:0584H         SYMBOL        test
  X:0586H         SYMBOL        check_data
  B:0021H.0       SYMBOL        check_con1
  B:0021H.1       SYMBOL        check_con2
  X:0587H         SYMBOL        pkt_flag
  -------         ENDDO         
  C:49F5H         LINE#         82
  C:49F5H         LINE#         83
  C:49F5H         LINE#         85
  C:49FBH         LINE#         86
  C:4A00H         LINE#         87
  C:4A06H         LINE#         88
  C:4A0BH         LINE#         89
  C:4A0FH         LINE#         90
  C:4A13H         LINE#         91
  C:4A17H         LINE#         92
  C:4A1BH         LINE#         94
  C:4A21H         LINE#         95
  C:4A24H         LINE#         96
  C:4A26H         LINE#         97
  C:4A28H         LINE#         99
  C:4A2AH         LINE#         101
  C:4A2AH         LINE#         102
  C:4A2AH         LINE#         104
  C:4A42H         LINE#         105
  C:4A42H         LINE#         107
  C:4A56H         LINE#         108
  C:4A82H         LINE#         110
BL51 BANKED LINKER/LOCATER V6.22                                                      06/08/2016  14:58:03  PAGE 18


  C:4AA9H         LINE#         111
  C:4AB8H         LINE#         112
  C:4AD6H         LINE#         113
  C:4AF4H         LINE#         115
  C:4AFDH         LINE#         116
  C:4AFFH         LINE#         118
  C:4AFFH         LINE#         119
  C:4B01H         LINE#         120
  C:4B04H         LINE#         121
  C:4B04H         LINE#         123
  C:4B10H         LINE#         124
  C:4B10H         LINE#         125
  C:4B24H         LINE#         127
  C:4B3AH         LINE#         128
  C:4B3AH         LINE#         130
  C:4B63H         LINE#         131
  C:4B6CH         LINE#         132
  C:4B6EH         LINE#         133
  C:4B6EH         LINE#         135
  C:4B6EH         LINE#         136
  C:4B7DH         LINE#         137
  C:4B7DH         LINE#         138
  C:4B85H         LINE#         139
  C:4B8EH         LINE#         140
  C:4B8EH         LINE#         141
  C:4B96H         LINE#         142
  C:4BAFH         LINE#         143
  C:4BAFH         LINE#         144
  C:4BBCH         LINE#         147
  C:4BD1H         LINE#         148
  C:4BD1H         LINE#         149
  C:4BD1H         LINE#         150
  C:4BD8H         LINE#         151
  C:4BD8H         LINE#         152
  C:4C04H         LINE#         153
  C:4C0DH         LINE#         154
  C:4C2AH         LINE#         155
  C:4C2AH         LINE#         156
  C:4C2CH         LINE#         157
  C:4C2CH         LINE#         158
  C:4C33H         LINE#         159
  C:4C33H         LINE#         160
  C:4C5FH         LINE#         161
  C:4C68H         LINE#         162
  C:4C85H         LINE#         163
  C:4C85H         LINE#         164
  C:4C87H         LINE#         165
  C:4C87H         LINE#         166
  C:4C8CH         LINE#         167
  C:4CA1H         LINE#         168
  C:4CA7H         LINE#         169
  C:4CAAH         LINE#         170
  C:4CAAH         LINE#         171
  C:4CAFH         LINE#         172
  C:4CB1H         LINE#         173
  C:4CB4H         LINE#         174
  C:4CB4H         LINE#         175
BL51 BANKED LINKER/LOCATER V6.22                                                      06/08/2016  14:58:03  PAGE 19


  C:4CB4H         LINE#         177
  C:4CB4H         LINE#         180
  C:4CBDH         LINE#         181
  C:4CBDH         LINE#         185
  C:4CC0H         LINE#         187
  C:4CC0H         LINE#         192
  C:4CC9H         LINE#         193
  C:4CC9H         LINE#         194
  C:4CC9H         LINE#         195
  C:4CC9H         LINE#         197
  C:4CC9H         LINE#         199
  -------         ENDPROC       PROCESS_PACKETS
  -------         PROC          INDY_READ_SENSORCODE
  -------         DO            
  X:0612H         SYMBOL        rec_cnt
  -------         ENDDO         
  C:65A7H         LINE#         201
  C:65A7H         LINE#         202
  C:65A7H         LINE#         203
  C:65AEH         LINE#         207
  C:65B9H         LINE#         208
  C:65C0H         LINE#         209
  C:65C3H         LINE#         210
  C:65CFH         LINE#         211
  C:65DCH         LINE#         213
  C:65DFH         LINE#         224
  C:65E6H         LINE#         225
  C:65E6H         LINE#         226
  C:65E8H         LINE#         227
  C:65EBH         LINE#         228
  C:65EDH         LINE#         229
  C:65EDH         LINE#         231
  -------         ENDPROC       INDY_READ_SENSORCODE
  -------         PROC          INDY_READRSSI
  -------         DO            
  X:0614H         SYMBOL        rec_cnt
  -------         ENDDO         
  C:647BH         LINE#         233
  C:647BH         LINE#         234
  C:647BH         LINE#         236
  C:6482H         LINE#         240
  C:648DH         LINE#         241
  C:649BH         LINE#         242
  C:649EH         LINE#         243
  C:64AAH         LINE#         244
  C:64B7H         LINE#         245
  C:64BAH         LINE#         246
  C:64C1H         LINE#         247
  C:64C1H         LINE#         248
  C:64C3H         LINE#         249
  C:64C6H         LINE#         250
  C:64C8H         LINE#         251
  C:64C8H         LINE#         254
  -------         ENDPROC       INDY_READRSSI
  -------         PROC          INDY_READTEMP
  -------         DO            
  X:0616H         SYMBOL        rec_cnt
BL51 BANKED LINKER/LOCATER V6.22                                                      06/08/2016  14:58:03  PAGE 20


  -------         ENDDO         
  C:6328H         LINE#         261
  C:6328H         LINE#         262
  C:6328H         LINE#         264
  C:632FH         LINE#         266
  C:6338H         LINE#         268
  C:6338H         LINE#         269
  C:6344H         LINE#         270
  C:6352H         LINE#         271
  C:6355H         LINE#         272
  C:6361H         LINE#         273
  C:636EH         LINE#         275
  C:636EH         LINE#         276
  C:6371H         LINE#         277
  C:6374H         LINE#         289
  C:637BH         LINE#         290
  C:637BH         LINE#         291
  C:637DH         LINE#         292
  C:6380H         LINE#         293
  C:6382H         LINE#         294
  C:6382H         LINE#         297
  -------         ENDPROC       INDY_READTEMP
  -------         PROC          UART2_RECV_PROC
  -------         DO            
  D:0007H         SYMBOL        sum
  D:0006H         SYMBOL        i
  -------         ENDDO         
  C:6632H         LINE#         299
  C:6632H         LINE#         300
  C:6632H         LINE#         301
  C:6634H         LINE#         304
  C:663AH         LINE#         305
  C:663AH         LINE#         306
  C:6643H         LINE#         307
  C:6646H         LINE#         308
  C:6648H         LINE#         309
  C:6660H         LINE#         310
  C:6667H         LINE#         311
  C:666CH         LINE#         313
  C:666CH         LINE#         315
  C:666FH         LINE#         316
  C:6671H         LINE#         317
  C:6671H         LINE#         318
  C:6671H         LINE#         320
  C:6674H         LINE#         321
  -------         ENDPROC       UART2_RECV_PROC
  -------         PROC          _INDEX_SEND
  D:0007H         SYMBOL        id
  C:009EH         LINE#         324
  C:009EH         LINE#         325
  C:009EH         LINE#         326
  C:011CH         LINE#         327
  C:011CH         LINE#         328
  C:011CH         LINE#         329
  C:0121H         LINE#         330
  C:0123H         LINE#         331
  C:0123H         LINE#         332
BL51 BANKED LINKER/LOCATER V6.22                                                      06/08/2016  14:58:03  PAGE 21


  C:0123H         LINE#         333
  C:0123H         LINE#         334
  C:0123H         LINE#         335
  C:0123H         LINE#         336
  C:0123H         LINE#         337
  C:0125H         LINE#         338
  C:0125H         LINE#         339
  C:012AH         LINE#         340
  C:012CH         LINE#         341
  C:012CH         LINE#         342
  C:012CH         LINE#         343
  C:012CH         LINE#         344
  C:012CH         LINE#         345
  C:012CH         LINE#         346
  C:012CH         LINE#         347
  C:012EH         LINE#         349
  C:012EH         LINE#         350
  C:012EH         LINE#         351
  C:012EH         LINE#         352
  C:012EH         LINE#         353
  C:012EH         LINE#         354
  C:012EH         LINE#         355
  C:012EH         LINE#         356
  C:012EH         LINE#         357
  C:012EH         LINE#         358
  C:0130H         LINE#         360
  C:0130H         LINE#         361
  C:0130H         LINE#         362
  C:0130H         LINE#         363
  C:0130H         LINE#         364
  C:0130H         LINE#         365
  C:0130H         LINE#         366
  C:0130H         LINE#         367
  C:0130H         LINE#         368
  C:0130H         LINE#         369
  C:0132H         LINE#         371
  C:0132H         LINE#         372
  C:0132H         LINE#         373
  C:0132H         LINE#         374
  C:0132H         LINE#         375
  C:0132H         LINE#         376
  C:0132H         LINE#         377
  C:0132H         LINE#         378
  C:0132H         LINE#         379
  C:0132H         LINE#         380
  C:0135H         LINE#         382
  C:0135H         LINE#         393
  C:0135H         LINE#         394
  C:013AH         LINE#         395
  C:013FH         LINE#         396
  C:0141H         LINE#         397
  C:0141H         LINE#         398
  C:0141H         LINE#         399
  C:0141H         LINE#         400
  C:0141H         LINE#         401
  C:0141H         LINE#         402
  C:0143H         LINE#         403
BL51 BANKED LINKER/LOCATER V6.22                                                      06/08/2016  14:58:03  PAGE 22


  C:0143H         LINE#         404
  C:0148H         LINE#         405
  C:014DH         LINE#         406
  C:014FH         LINE#         407
  C:014FH         LINE#         408
  C:014FH         LINE#         409
  C:014FH         LINE#         410
  C:014FH         LINE#         411
  C:014FH         LINE#         412
  C:0151H         LINE#         414
  C:0151H         LINE#         415
  C:0156H         LINE#         416
  C:015BH         LINE#         417
  C:015DH         LINE#         418
  C:015DH         LINE#         419
  C:015DH         LINE#         420
  C:015DH         LINE#         421
  C:015DH         LINE#         422
  C:015DH         LINE#         423
  C:015FH         LINE#         425
  C:015FH         LINE#         426
  C:0164H         LINE#         427
  C:0169H         LINE#         428
  C:016BH         LINE#         429
  C:016BH         LINE#         430
  C:016BH         LINE#         431
  C:016BH         LINE#         432
  C:016BH         LINE#         433
  C:016BH         LINE#         434
  C:016DH         LINE#         436
  C:016DH         LINE#         437
  C:0172H         LINE#         438
  C:0177H         LINE#         439
  C:0179H         LINE#         440
  C:0179H         LINE#         441
  C:0179H         LINE#         442
  C:0179H         LINE#         443
  C:0179H         LINE#         444
  C:0179H         LINE#         445
  C:017BH         LINE#         447
  C:017BH         LINE#         448
  C:0180H         LINE#         449
  C:0185H         LINE#         450
  C:018AH         LINE#         451
  C:018CH         LINE#         452
  C:018CH         LINE#         453
  C:018CH         LINE#         454
  C:018CH         LINE#         455
  C:018CH         LINE#         456
  C:018FH         LINE#         458
  C:018FH         LINE#         459
  C:0194H         LINE#         460
  C:0199H         LINE#         461
  C:019EH         LINE#         462
  C:01A0H         LINE#         463
  C:01A0H         LINE#         464
  C:01A0H         LINE#         465
BL51 BANKED LINKER/LOCATER V6.22                                                      06/08/2016  14:58:03  PAGE 23


  C:01A0H         LINE#         466
  C:01A0H         LINE#         467
  C:01A3H         LINE#         469
  C:01A3H         LINE#         470
  C:01A8H         LINE#         471
  C:01ADH         LINE#         472
  C:01B2H         LINE#         473
  C:01B4H         LINE#         474
  C:01B4H         LINE#         475
  C:01B4H         LINE#         476
  C:01B4H         LINE#         477
  C:01B4H         LINE#         478
  C:01B7H         LINE#         481
  C:01B7H         LINE#         482
  C:01BCH         LINE#         483
  C:01C1H         LINE#         484
  C:01C6H         LINE#         485
  C:01CBH         LINE#         486
  C:01D0H         LINE#         487
  C:01D5H         LINE#         488
  C:01DAH         LINE#         489
  C:01DFH         LINE#         491
  C:01E4H         LINE#         492
  C:01E9H         LINE#         493
  C:01EEH         LINE#         494
  C:01F0H         LINE#         495
  C:01F0H         LINE#         496
  C:01F0H         LINE#         497
  C:01F0H         LINE#         498
  C:01F0H         LINE#         499
  C:01F3H         LINE#         501
  C:01F3H         LINE#         502
  C:01F8H         LINE#         503
  C:01FDH         LINE#         504
  C:0202H         LINE#         505
  C:0204H         LINE#         506
  C:0204H         LINE#         507
  C:0204H         LINE#         508
  C:0204H         LINE#         509
  C:0204H         LINE#         510
  C:0207H         LINE#         512
  C:0207H         LINE#         513
  C:020CH         LINE#         514
  C:0211H         LINE#         515
  C:0216H         LINE#         516
  C:021BH         LINE#         517
  C:0220H         LINE#         518
  C:0225H         LINE#         519
  C:022AH         LINE#         520
  C:022FH         LINE#         522
  C:0234H         LINE#         523
  C:0239H         LINE#         524
  C:023EH         LINE#         525
  C:0243H         LINE#         526
  C:0248H         LINE#         527
  C:024DH         LINE#         528
  C:0252H         LINE#         529
BL51 BANKED LINKER/LOCATER V6.22                                                      06/08/2016  14:58:03  PAGE 24


  C:0257H         LINE#         531
  C:025CH         LINE#         532
  C:0261H         LINE#         533
  C:0266H         LINE#         534
  C:0268H         LINE#         535
  C:0268H         LINE#         536
  C:0268H         LINE#         537
  C:0268H         LINE#         538
  C:0268H         LINE#         539
  C:026BH         LINE#         541
  C:026BH         LINE#         542
  C:0270H         LINE#         543
  C:0275H         LINE#         544
  C:027AH         LINE#         545
  C:027CH         LINE#         546
  C:027CH         LINE#         547
  C:027CH         LINE#         548
  C:027CH         LINE#         549
  C:027CH         LINE#         550
  C:027FH         LINE#         552
  C:027FH         LINE#         553
  C:0284H         LINE#         554
  C:0289H         LINE#         555
  C:028EH         LINE#         556
  C:0290H         LINE#         557
  C:0290H         LINE#         558
  C:0290H         LINE#         559
  C:0290H         LINE#         560
  C:0290H         LINE#         561
  C:0293H         LINE#         563
  C:0293H         LINE#         564
  C:0298H         LINE#         565
  C:029DH         LINE#         566
  C:02A2H         LINE#         567
  C:02A4H         LINE#         568
  C:02A4H         LINE#         569
  C:02A4H         LINE#         570
  C:02A4H         LINE#         571
  C:02A4H         LINE#         572
  C:02A7H         LINE#         574
  C:02A7H         LINE#         575
  C:02ACH         LINE#         576
  C:02B1H         LINE#         577
  C:02B6H         LINE#         578
  C:02B8H         LINE#         579
  C:02B8H         LINE#         580
  C:02B8H         LINE#         581
  C:02B8H         LINE#         582
  C:02B8H         LINE#         583
  C:02BBH         LINE#         585
  C:02BBH         LINE#         586
  C:02C0H         LINE#         587
  C:02C5H         LINE#         588
  C:02CAH         LINE#         589
  C:02CCH         LINE#         590
  C:02CCH         LINE#         591
  C:02CCH         LINE#         592
BL51 BANKED LINKER/LOCATER V6.22                                                      06/08/2016  14:58:03  PAGE 25


  C:02CCH         LINE#         593
  C:02CCH         LINE#         594
  C:02CFH         LINE#         596
  C:02CFH         LINE#         597
  C:02D4H         LINE#         598
  C:02D9H         LINE#         599
  C:02DEH         LINE#         600
  C:02E3H         LINE#         601
  C:02E8H         LINE#         602
  C:02EDH         LINE#         603
  C:02F2H         LINE#         604
  C:02F7H         LINE#         606
  C:02FCH         LINE#         607
  C:0301H         LINE#         608
  C:0306H         LINE#         609
  C:0308H         LINE#         610
  C:0308H         LINE#         611
  C:0308H         LINE#         612
  C:0308H         LINE#         613
  C:0308H         LINE#         614
  C:030BH         LINE#         616
  C:030BH         LINE#         663
  C:030BH         LINE#         670
  C:030BH         LINE#         671
  C:0310H         LINE#         672
  C:0315H         LINE#         673
  C:031AH         LINE#         674
  C:031FH         LINE#         675
  C:0324H         LINE#         676
  C:0329H         LINE#         677
  C:032EH         LINE#         678
  C:0333H         LINE#         680
  C:0338H         LINE#         681
  C:033DH         LINE#         682
  C:0342H         LINE#         683
  C:0344H         LINE#         684
  C:0344H         LINE#         685
  C:0344H         LINE#         686
  C:0344H         LINE#         687
  C:0344H         LINE#         688
  C:0347H         LINE#         690
  C:0347H         LINE#         691
  C:034CH         LINE#         692
  C:0351H         LINE#         693
  C:0356H         LINE#         694
  C:0358H         LINE#         695
  C:0358H         LINE#         696
  C:0358H         LINE#         697
  C:0358H         LINE#         698
  C:0358H         LINE#         699
  C:035BH         LINE#         701
  C:035BH         LINE#         712
  C:035BH         LINE#         713
  C:0360H         LINE#         714
  C:0365H         LINE#         715
  C:036AH         LINE#         716
  C:036FH         LINE#         717
BL51 BANKED LINKER/LOCATER V6.22                                                      06/08/2016  14:58:03  PAGE 26


  C:0374H         LINE#         718
  C:0379H         LINE#         719
  C:037EH         LINE#         720
  C:0383H         LINE#         722
  C:0388H         LINE#         723
  C:038DH         LINE#         724
  C:0392H         LINE#         725
  C:0394H         LINE#         726
  C:0394H         LINE#         727
  C:0394H         LINE#         728
  C:0394H         LINE#         729
  C:0394H         LINE#         730
  C:0396H         LINE#         732
  C:0396H         LINE#         733
  C:039BH         LINE#         734
  C:03A0H         LINE#         735
  C:03A5H         LINE#         736
  C:03A7H         LINE#         737
  C:03A7H         LINE#         738
  C:03A7H         LINE#         739
  C:03A7H         LINE#         740
  C:03A7H         LINE#         741
  C:03A9H         LINE#         743
  C:03A9H         LINE#         744
  C:03AEH         LINE#         745
  C:03B3H         LINE#         746
  C:03B8H         LINE#         747
  C:03BAH         LINE#         748
  C:03BAH         LINE#         749
  C:03BAH         LINE#         750
  C:03BAH         LINE#         751
  C:03BAH         LINE#         752
  C:03BCH         LINE#         754
  C:03BCH         LINE#         755
  C:03C1H         LINE#         756
  C:03C6H         LINE#         757
  C:03CBH         LINE#         758
  C:03D0H         LINE#         759
  C:03D2H         LINE#         760
  C:03D2H         LINE#         761
  C:03D2H         LINE#         762
  C:03D2H         LINE#         763
  C:03D4H         LINE#         764
  C:03D4H         LINE#         765
  C:03D9H         LINE#         766
  C:03DEH         LINE#         767
  C:03E3H         LINE#         768
  C:03E8H         LINE#         769
  C:03EAH         LINE#         770
  C:03EAH         LINE#         771
  C:03EAH         LINE#         772
  C:03EAH         LINE#         773
  C:03EAH         LINE#         775
  C:03EDH         LINE#         781
  C:03F2H         LINE#         782
  C:03F7H         LINE#         783
  C:03F9H         LINE#         784
BL51 BANKED LINKER/LOCATER V6.22                                                      06/08/2016  14:58:03  PAGE 27


  C:03FCH         LINE#         786
  C:03FCH         LINE#         787
  C:0424H         LINE#         788
  C:044CH         LINE#         789
  C:0474H         LINE#         790
  C:049CH         LINE#         792
  C:04C4H         LINE#         793
  C:04ECH         LINE#         794
  C:0514H         LINE#         795
  C:053CH         LINE#         797
  C:0564H         LINE#         798
  C:058CH         LINE#         799
  C:05B4H         LINE#         800
  C:05DCH         LINE#         802
  C:0604H         LINE#         803
  C:062CH         LINE#         804
  C:0654H         LINE#         805
  C:067CH         LINE#         807
  C:06A4H         LINE#         808
  C:06CCH         LINE#         809
  C:06F4H         LINE#         810
  C:071CH         LINE#         812
  C:0744H         LINE#         813
  C:076CH         LINE#         814
  C:0794H         LINE#         815
  C:07BCH         LINE#         817
  C:07E4H         LINE#         818
  C:080CH         LINE#         819
  C:0834H         LINE#         820
  C:085CH         LINE#         822
  C:0884H         LINE#         823
  C:08ACH         LINE#         824
  C:08D4H         LINE#         825
  C:08FCH         LINE#         827
  C:0924H         LINE#         828
  C:094CH         LINE#         829
  C:0974H         LINE#         830
  C:099CH         LINE#         832
  C:09C4H         LINE#         833
  C:09ECH         LINE#         834
  C:0A14H         LINE#         835
  C:0A3CH         LINE#         837
  C:0A64H         LINE#         838
  C:0A8CH         LINE#         839
  C:0AB4H         LINE#         840
  C:0ADCH         LINE#         842
  C:0B04H         LINE#         843
  C:0B2CH         LINE#         844
  C:0B54H         LINE#         845
  C:0B7CH         LINE#         847
  C:0BA4H         LINE#         848
  C:0BCCH         LINE#         849
  C:0BF4H         LINE#         850
  C:0C1CH         LINE#         852
  C:0C44H         LINE#         853
  C:0C6CH         LINE#         854
  C:0C94H         LINE#         855
BL51 BANKED LINKER/LOCATER V6.22                                                      06/08/2016  14:58:03  PAGE 28


  C:0CBCH         LINE#         857
  C:0CE4H         LINE#         858
  C:0D0CH         LINE#         859
  C:0D34H         LINE#         860
  C:0D5CH         LINE#         862
  C:0D84H         LINE#         863
  C:0DACH         LINE#         864
  C:0DD4H         LINE#         865
  C:0DFCH         LINE#         867
  C:0E24H         LINE#         868
  C:0E4CH         LINE#         869
  C:0E74H         LINE#         870
  C:0E9CH         LINE#         872
  C:0EC4H         LINE#         873
  C:0EECH         LINE#         874
  C:0F14H         LINE#         875
  C:0F3CH         LINE#         877
  C:0F64H         LINE#         878
  C:0F8CH         LINE#         879
  C:0FB4H         LINE#         880
  C:0FDCH         LINE#         882
  C:1004H         LINE#         883
  C:102CH         LINE#         884
  C:1054H         LINE#         885
  C:107CH         LINE#         887
  C:10A4H         LINE#         888
  C:10CCH         LINE#         889
  C:10F4H         LINE#         890
  C:111CH         LINE#         892
  C:1144H         LINE#         893
  C:116CH         LINE#         894
  C:1194H         LINE#         895
  C:11BCH         LINE#         897
  C:11E4H         LINE#         898
  C:120CH         LINE#         899
  C:1234H         LINE#         900
  C:125CH         LINE#         902
  C:1284H         LINE#         903
  C:12ACH         LINE#         904
  C:12D4H         LINE#         905
  C:12FCH         LINE#         907
  C:1324H         LINE#         908
  C:134CH         LINE#         909
  C:1374H         LINE#         910
  C:139CH         LINE#         912
  C:13C4H         LINE#         913
  C:13ECH         LINE#         914
  C:1414H         LINE#         915
  C:143CH         LINE#         917
  C:1464H         LINE#         918
  C:148CH         LINE#         919
  C:14B4H         LINE#         920
  C:14DCH         LINE#         922
  C:1504H         LINE#         923
  C:152CH         LINE#         924
  C:1554H         LINE#         925
  C:157CH         LINE#         927
BL51 BANKED LINKER/LOCATER V6.22                                                      06/08/2016  14:58:03  PAGE 29


  C:15A4H         LINE#         928
  C:15CCH         LINE#         929
  C:15F4H         LINE#         930
  C:161CH         LINE#         932
  C:1644H         LINE#         933
  C:166CH         LINE#         934
  C:1694H         LINE#         935
  C:16BCH         LINE#         937
  C:16E4H         LINE#         938
  C:170CH         LINE#         939
  C:1734H         LINE#         940
  C:175CH         LINE#         942
  C:1784H         LINE#         943
  C:17ACH         LINE#         944
  C:17D4H         LINE#         945
  C:17FCH         LINE#         947
  C:1824H         LINE#         948
  C:184CH         LINE#         949
  C:1874H         LINE#         950
  C:189CH         LINE#         952
  C:18C4H         LINE#         953
  C:18ECH         LINE#         954
  C:1914H         LINE#         955
  C:193CH         LINE#         957
  C:1964H         LINE#         958
  C:198CH         LINE#         959
  C:19B4H         LINE#         960
  C:19DCH         LINE#         962
  C:1A04H         LINE#         963
  C:1A2CH         LINE#         964
  C:1A54H         LINE#         965
  C:1A7CH         LINE#         967
  C:1AA4H         LINE#         968
  C:1ACCH         LINE#         969
  C:1AF4H         LINE#         970
  C:1B1CH         LINE#         972
  C:1B44H         LINE#         973
  C:1B6CH         LINE#         974
  C:1B94H         LINE#         975
  C:1BBCH         LINE#         977
  C:1BE4H         LINE#         978
  C:1C0CH         LINE#         979
  C:1C34H         LINE#         980
  C:1C5CH         LINE#         982
  C:1C84H         LINE#         983
  C:1CACH         LINE#         984
  C:1CD4H         LINE#         985
  C:1CFCH         LINE#         987
  C:1D24H         LINE#         988
  C:1D4CH         LINE#         989
  C:1D74H         LINE#         990
  C:1D9CH         LINE#         992
  C:1DC4H         LINE#         993
  C:1DECH         LINE#         994
  C:1E14H         LINE#         995
  C:1E3CH         LINE#         997
  C:1E64H         LINE#         998
BL51 BANKED LINKER/LOCATER V6.22                                                      06/08/2016  14:58:03  PAGE 30


  C:1E8CH         LINE#         999
  C:1EB4H         LINE#         1000
  C:1EDCH         LINE#         1002
  C:1F04H         LINE#         1003
  C:1F2CH         LINE#         1004
  C:1F54H         LINE#         1005
  C:1F7CH         LINE#         1007
  C:1FA4H         LINE#         1008
  C:1FCCH         LINE#         1009
  C:1FF4H         LINE#         1010
  C:201CH         LINE#         1012
  C:2044H         LINE#         1013
  C:206CH         LINE#         1014
  C:2094H         LINE#         1015
  C:20BCH         LINE#         1017
  C:20E4H         LINE#         1018
  C:210CH         LINE#         1019
  C:2134H         LINE#         1020
  C:215CH         LINE#         1022
  C:2184H         LINE#         1023
  C:21ACH         LINE#         1024
  C:21D4H         LINE#         1025
  C:21FCH         LINE#         1027
  C:2224H         LINE#         1028
  C:224CH         LINE#         1029
  C:2274H         LINE#         1030
  C:229CH         LINE#         1032
  C:22C4H         LINE#         1033
  C:22ECH         LINE#         1034
  C:2314H         LINE#         1035
  C:233CH         LINE#         1037
  C:233CH         LINE#         1040
  C:233CH         LINE#         1041
  C:233CH         LINE#         1042
  C:233CH         LINE#         1044
  -------         ENDPROC       _INDEX_SEND
  -------         PROC          _INDEX_R_CHECK
  X:039EH         SYMBOL        id
  -------         DO            
  X:039FH         SYMBOL        i
  X:03A0H         SYMBOL        index_r1_num
  X:03A1H         SYMBOL        index_r1
  X:03C5H         SYMBOL        index_r2_num
  X:03C6H         SYMBOL        index_r2
  X:03CEH         SYMBOL        index_r3_num
  X:03CFH         SYMBOL        index_r3
  X:03D7H         SYMBOL        index_r4_num
  X:03D8H         SYMBOL        index_r4
  X:03E0H         SYMBOL        index_r5_num
  X:03E1H         SYMBOL        index_r5
  X:03E9H         SYMBOL        index_r6_num
  X:03EAH         SYMBOL        index_r6
  X:03F2H         SYMBOL        index_r7_num
  X:03F3H         SYMBOL        index_r7
  X:03FBH         SYMBOL        index_r8_num
  X:03FCH         SYMBOL        index_r8
  X:0404H         SYMBOL        index_r9_num
BL51 BANKED LINKER/LOCATER V6.22                                                      06/08/2016  14:58:03  PAGE 31


  X:0405H         SYMBOL        index_r9
  X:040DH         SYMBOL        index_r10_num
  X:040EH         SYMBOL        index_r10
  X:0416H         SYMBOL        index_r11_num
  X:0417H         SYMBOL        index_r11
  X:041FH         SYMBOL        index_r12_num
  X:0420H         SYMBOL        index_r12
  X:0428H         SYMBOL        index_r13_num
  X:0429H         SYMBOL        index_r13
  X:0431H         SYMBOL        index_r14_num
  X:0432H         SYMBOL        index_r14
  X:043AH         SYMBOL        index_r15_num
  X:043BH         SYMBOL        index_r15
  X:0443H         SYMBOL        index_r16_num
  X:0444H         SYMBOL        index_r16
  X:044CH         SYMBOL        index_r17_num
  X:044DH         SYMBOL        index_r17
  X:0455H         SYMBOL        index_r18_num
  X:0456H         SYMBOL        index_r18
  X:045EH         SYMBOL        index_r19_num
  X:045FH         SYMBOL        index_r19
  X:0467H         SYMBOL        index_r20_num
  X:0468H         SYMBOL        index_r20
  X:0470H         SYMBOL        index_r21_num
  X:0471H         SYMBOL        index_r21
  X:0479H         SYMBOL        index_r22_num
  X:047AH         SYMBOL        index_r22
  X:0482H         SYMBOL        index_r23_num
  X:0483H         SYMBOL        index_r23
  X:048BH         SYMBOL        index_r24_num
  X:048CH         SYMBOL        index_r24
  X:048DH         SYMBOL        index_r25_num
  X:048EH         SYMBOL        index_r25
  X:0496H         SYMBOL        index_r26_num
  X:0497H         SYMBOL        index_r26
  X:049FH         SYMBOL        index_r27_num
  X:04A0H         SYMBOL        index_r27
  X:04A8H         SYMBOL        index_r28_num
  X:04A9H         SYMBOL        index_r28
  X:04B1H         SYMBOL        index_r29_num
  X:04B2H         SYMBOL        index_r29
  X:04BAH         SYMBOL        index_r30_num
  X:04BBH         SYMBOL        index_r30
  X:04C3H         SYMBOL        index_r31_num
  X:04C4H         SYMBOL        index_r31
  X:04E4H         SYMBOL        index_r32_num
  X:04E5H         SYMBOL        index_r32
  X:04EDH         SYMBOL        index_r33_num
  X:04EEH         SYMBOL        index_r33
  -------         ENDDO         
  C:233DH         LINE#         1046
  C:2342H         LINE#         1047
  C:2342H         LINE#         1050
  C:2348H         LINE#         1051
  C:235AH         LINE#         1052
  C:2360H         LINE#         1053
  C:2372H         LINE#         1054
BL51 BANKED LINKER/LOCATER V6.22                                                      06/08/2016  14:58:03  PAGE 32


  C:2378H         LINE#         1055
  C:238AH         LINE#         1056
  C:2390H         LINE#         1057
  C:23A2H         LINE#         1058
  C:23A8H         LINE#         1059
  C:23BAH         LINE#         1061
  C:23C0H         LINE#         1062
  C:23D2H         LINE#         1064
  C:23D8H         LINE#         1065
  C:23EAH         LINE#         1067
  C:23F0H         LINE#         1068
  C:2402H         LINE#         1070
  C:2408H         LINE#         1071
  C:241AH         LINE#         1073
  C:2420H         LINE#         1074
  C:2432H         LINE#         1076
  C:2438H         LINE#         1077
  C:244AH         LINE#         1079
  C:2450H         LINE#         1080
  C:2462H         LINE#         1082
  C:2468H         LINE#         1083
  C:247AH         LINE#         1085
  C:2480H         LINE#         1086
  C:2492H         LINE#         1088
  C:2498H         LINE#         1089
  C:24AAH         LINE#         1091
  C:24B0H         LINE#         1092
  C:24C2H         LINE#         1094
  C:24C8H         LINE#         1095
  C:24DAH         LINE#         1097
  C:24E0H         LINE#         1098
  C:24F2H         LINE#         1100
  C:24F8H         LINE#         1101
  C:250AH         LINE#         1103
  C:2510H         LINE#         1104
  C:2522H         LINE#         1106
  C:2528H         LINE#         1107
  C:253AH         LINE#         1109
  C:2540H         LINE#         1110
  C:2552H         LINE#         1112
  C:2558H         LINE#         1113
  C:256AH         LINE#         1115
  C:256FH         LINE#         1116
  C:2581H         LINE#         1119
  C:2587H         LINE#         1120
  C:2599H         LINE#         1121
  C:259FH         LINE#         1122
  C:25B1H         LINE#         1123
  C:25B7H         LINE#         1124
  C:25C9H         LINE#         1125
  C:25CFH         LINE#         1126
  C:25E1H         LINE#         1127
  C:25E7H         LINE#         1128
  C:25F9H         LINE#         1129
  C:25FFH         LINE#         1130
  C:2611H         LINE#         1131
  C:2617H         LINE#         1132
BL51 BANKED LINKER/LOCATER V6.22                                                      06/08/2016  14:58:03  PAGE 33


  C:2629H         LINE#         1133
  C:262FH         LINE#         1134
  C:2641H         LINE#         1135
  C:2647H         LINE#         1136
  C:2659H         LINE#         1140
  C:26D7H         LINE#         1141
  C:26D7H         LINE#         1142
  C:26D7H         LINE#         1143
  C:26F4H         LINE#         1144
  C:26F4H         LINE#         1145
  C:271AH         LINE#         1146
  C:271AH         LINE#         1147
  C:271DH         LINE#         1148
  C:271DH         LINE#         1149
  C:2725H         LINE#         1150
  C:2725H         LINE#         1151
  C:2725H         LINE#         1152
  C:2742H         LINE#         1153
  C:2742H         LINE#         1154
  C:2768H         LINE#         1155
  C:2768H         LINE#         1156
  C:276BH         LINE#         1157
  C:276BH         LINE#         1158
  C:2773H         LINE#         1159
  C:2773H         LINE#         1160
  C:2773H         LINE#         1161
  C:2790H         LINE#         1162
  C:2790H         LINE#         1163
  C:27B6H         LINE#         1164
  C:27B6H         LINE#         1165
  C:27B9H         LINE#         1166
  C:27B9H         LINE#         1167
  C:27C1H         LINE#         1168
  C:27C1H         LINE#         1169
  C:27C1H         LINE#         1170
  C:27DEH         LINE#         1171
  C:27DEH         LINE#         1172
  C:2804H         LINE#         1173
  C:2804H         LINE#         1174
  C:2807H         LINE#         1175
  C:2807H         LINE#         1176
  C:280FH         LINE#         1177
  C:280FH         LINE#         1178
  C:280FH         LINE#         1179
[...]
  C:40EDH         LINE#         193
  C:40EDH         LINE#         195
  C:40EDH         LINE#         196
  C:4108H         LINE#         197
  C:4108H         LINE#         198
  C:410DH         LINE#         199
  C:410DH         LINE#         200
  C:4110H         LINE#         201
  C:4110H         LINE#         202
  C:4115H         LINE#         203
  C:4115H         LINE#         204
  C:4118H         LINE#         205
  C:4118H         LINE#         206
  C:4118H         LINE#         207
  C:4118H         LINE#         208
  C:411BH         LINE#         209
  C:4124H         LINE#         210
  C:412AH         LINE#         211
  C:412DH         LINE#         212
  C:412DH         LINE#         213
  C:412DH         LINE#         215
  C:412DH         LINE#         216
  C:4145H         LINE#         217
  C:4145H         LINE#         218
  C:414AH         LINE#         219
  C:414AH         LINE#         220
  C:414DH         LINE#         221
  C:414DH         LINE#         222
  C:4152H         LINE#         223
  C:4152H         LINE#         224
  C:4155H         LINE#         225
BL51 BANKED LINKER/LOCATER V6.22                                                      06/08/2016  14:58:03  PAGE 78


  C:4155H         LINE#         226
  C:415AH         LINE#         227
  C:415AH         LINE#         228
  C:415DH         LINE#         229
  C:415DH         LINE#         230
  C:4160H         LINE#         231
  C:4169H         LINE#         232
  C:416FH         LINE#         233
  C:4172H         LINE#         234
  C:4172H         LINE#         235
  C:4172H         LINE#         240
  C:4172H         LINE#         241
  C:418AH         LINE#         242
  C:418AH         LINE#         243
  C:418FH         LINE#         244
  C:418FH         LINE#         245
  C:4192H         LINE#         246
  C:4192H         LINE#         247
  C:4197H         LINE#         248
  C:4197H         LINE#         249
  C:419AH         LINE#         250
  C:419AH         LINE#         251
  C:419FH         LINE#         252
  C:419FH         LINE#         253
  C:41A2H         LINE#         254
  C:41A2H         LINE#         255
  C:41A5H         LINE#         256
  C:41AEH         LINE#         257
  C:41B4H         LINE#         258
  C:41B7H         LINE#         259
  C:41B7H         LINE#         260
  C:41B7H         LINE#         262
  C:41B7H         LINE#         263
  C:41CFH         LINE#         264
  C:41CFH         LINE#         265
  C:41D4H         LINE#         266
  C:41D4H         LINE#         267
  C:41D7H         LINE#         268
  C:41D7H         LINE#         269
  C:41DCH         LINE#         270
  C:41DCH         LINE#         271
  C:41DFH         LINE#         272
  C:41DFH         LINE#         273
  C:41E4H         LINE#         274
  C:41E4H         LINE#         275
  C:41E7H         LINE#         277
  C:41E7H         LINE#         278
  C:41EAH         LINE#         279
  C:41F3H         LINE#         280
  C:41F9H         LINE#         281
  C:41FCH         LINE#         282
  C:41FCH         LINE#         283
  C:41FCH         LINE#         285
  C:41FCH         LINE#         286
  C:4214H         LINE#         287
  C:4214H         LINE#         288
  C:4219H         LINE#         289
BL51 BANKED LINKER/LOCATER V6.22                                                      06/08/2016  14:58:03  PAGE 79


  C:4219H         LINE#         290
  C:421BH         LINE#         291
  C:421BH         LINE#         292
  C:4220H         LINE#         293
  C:4220H         LINE#         294
  C:4222H         LINE#         295
  C:4222H         LINE#         296
  C:4227H         LINE#         297
  C:4227H         LINE#         298
  C:4229H         LINE#         300
  C:4229H         LINE#         301
  C:422CH         LINE#         302
  C:4235H         LINE#         303
  C:423BH         LINE#         304
  C:423EH         LINE#         305
  C:423EH         LINE#         306
  C:423EH         LINE#         308
  C:423EH         LINE#         309
  C:4256H         LINE#         310
  C:4256H         LINE#         311
  C:425BH         LINE#         312
  C:425BH         LINE#         313
  C:425DH         LINE#         314
  C:425DH         LINE#         315
  C:4262H         LINE#         316
  C:4262H         LINE#         317
  C:4264H         LINE#         318
  C:4264H         LINE#         319
  C:426AH         LINE#         320
  C:4271H         LINE#         321
  C:4274H         LINE#         323
  C:4274H         LINE#         324
  C:4277H         LINE#         325
  C:4280H         LINE#         326
  C:4286H         LINE#         327
  C:4289H         LINE#         328
  C:4289H         LINE#         329
  C:4289H         LINE#         333
  C:4289H         LINE#         335
  C:42A4H         LINE#         336
  C:42A4H         LINE#         337
  C:42ADH         LINE#         338
  C:42AFH         LINE#         339
  C:42B5H         LINE#         340
  C:42B8H         LINE#         341
  C:42BBH         LINE#         342
  C:42BEH         LINE#         343
  C:42C7H         LINE#         344
  C:42CDH         LINE#         345
  C:42D0H         LINE#         346
  C:42D0H         LINE#         347
  C:42D3H         LINE#         348
  C:42DCH         LINE#         349
  C:42E2H         LINE#         350
  C:42E2H         LINE#         351
  C:42E2H         LINE#         352
  C:42E5H         LINE#         353
BL51 BANKED LINKER/LOCATER V6.22                                                      06/08/2016  14:58:03  PAGE 80


  C:42E5H         LINE#         354
  C:42E8H         LINE#         355
  C:42F1H         LINE#         356
  C:42FAH         LINE#         357
  C:42FCH         LINE#         358
  C:42FDH         LINE#         359
  C:42FDH         LINE#         360
  C:4300H         LINE#         361
  C:4309H         LINE#         362
  C:4312H         LINE#         363
  C:4314H         LINE#         364
  C:4315H         LINE#         365
  C:4315H         LINE#         366
  C:4318H         LINE#         367
  C:4321H         LINE#         368
  C:4327H         LINE#         369
  C:432AH         LINE#         370
  C:432AH         LINE#         371
  C:432AH         LINE#         377
  C:432AH         LINE#         378
  C:432DH         LINE#         379
  C:4336H         LINE#         380
  C:433CH         LINE#         381
  C:433FH         LINE#         385
  C:433FH         LINE#         386
  C:435AH         LINE#         387
  C:435AH         LINE#         388
  C:435DH         LINE#         389
  C:4366H         LINE#         390
  C:436CH         LINE#         391
  C:436FH         LINE#         392
  C:436FH         LINE#         393
  C:4372H         LINE#         394
  C:437BH         LINE#         395
  C:4381H         LINE#         396
  C:4383H         LINE#         397
  C:4383H         LINE#         398
  C:4383H         LINE#         399
  C:4383H         LINE#         400
  C:4386H         LINE#         401
  C:438FH         LINE#         402
  C:4395H         LINE#         403
  C:4397H         LINE#         404
  C:4397H         LINE#         405
  C:4397H         LINE#         409
  C:4397H         LINE#         410
  C:43AFH         LINE#         411
  C:43AFH         LINE#         412
  C:43B2H         LINE#         413
  C:43BBH         LINE#         414
  C:43C1H         LINE#         415
  C:43C3H         LINE#         416
  C:43C3H         LINE#         417
  C:43C6H         LINE#         418
  C:43CFH         LINE#         419
  C:43D5H         LINE#         420
  C:43D7H         LINE#         421
BL51 BANKED LINKER/LOCATER V6.22                                                      06/08/2016  14:58:03  PAGE 81


  C:43D7H         LINE#         422
  C:43D7H         LINE#         423
  C:43D7H         LINE#         424
  C:43DAH         LINE#         425
  C:43E3H         LINE#         426
  C:43E9H         LINE#         427
  C:43EBH         LINE#         428
  C:43EBH         LINE#         429
  C:43EBH         LINE#         433
  C:43EBH         LINE#         434
  C:43EEH         LINE#         435
  C:43F7H         LINE#         436
  C:4400H         LINE#         437
  C:4400H         LINE#         440
  C:4400H         LINE#         441
  -------         ENDPROC       _PAGESCAN
  -------         ENDMOD        KEYSCAN

  -------         MODULE        OLED_DATA
  C:0000H         SYMBOL        _ICE_DUMMY_
  D:0080H         PUBLIC        P0
  D:0090H         PUBLIC        P1
  D:00A0H         PUBLIC        P2
  D:00B0H         PUBLIC        P3
  D:00C0H         PUBLIC        P4
  C:388DH         PUBLIC        stateBattery
  D:00C8H         PUBLIC        P5
  D:00E8H         PUBLIC        P6
  D:00F8H         PUBLIC        P7
  C:3051H         PUBLIC        Fonts
  D:00A8H         PUBLIC        IE
  C:6CF8H         PUBLIC        OledFlushBaseState
  C:6A69H         PUBLIC        _OledBtConnectState
  C:3671H         PUBLIC        HM
  D:00B8H         PUBLIC        IP
  C:3851H         PUBLIC        stateBase
  D:00D8H         PUBLIC        CCON
  C:3881H         PUBLIC        stateBtConnect
  C:3231H         PUBLIC        Num
  C:6AB1H         PUBLIC        _OledChargingState
  D:0098H         PUBLIC        SCON
  D:0088H         PUBLIC        TCON
  C:38F9H         PUBLIC        stateCharging
  C:3331H         PUBLIC        LETTER
  C:6A8DH         PUBLIC        _OledBatteryState
  C:6675H         PUBLIC        _OledBatteryPower
  D:00D0H         PUBLIC        PSW
  -------         PROC          OLEDFLUSHBASESTATE
  C:6CF8H         LINE#         229
  C:6CF8H         LINE#         230
  C:6CF8H         LINE#         231
  -------         ENDPROC       OLEDFLUSHBASESTATE
  -------         PROC          _OLEDBTCONNECTSTATE
  D:0007H         SYMBOL        state
  C:6A69H         LINE#         244
  C:6A69H         LINE#         245
  C:6A69H         LINE#         246
BL51 BANKED LINKER/LOCATER V6.22                                                      06/08/2016  14:58:03  PAGE 82


  C:6A6FH         LINE#         247
  C:6A71H         LINE#         248
  -------         ENDPROC       _OLEDBTCONNECTSTATE
  -------         PROC          _OLEDBATTERYSTATE
  D:0007H         SYMBOL        batteryState
  C:6A8DH         LINE#         273
  C:6A8DH         LINE#         274
  C:6A8DH         LINE#         275
  C:6A93H         LINE#         276
  C:6A95H         LINE#         277
  -------         ENDPROC       _OLEDBATTERYSTATE
  -------         PROC          _OLEDBATTERYPOWER
  D:0007H         SYMBOL        batteryPower
  -------         DO            
  D:0006H         SYMBOL        ten
  X:0563H         SYMBOL        bits
  -------         ENDDO         
  C:6675H         LINE#         284
  C:6675H         LINE#         285
  C:6675H         LINE#         286
  C:667BH         LINE#         287
  C:6686H         LINE#         289
  C:668CH         LINE#         290
  C:668FH         LINE#         291
  C:669AH         LINE#         292
  C:66A8H         LINE#         293
  C:66B1H         LINE#         294
  C:66B3H         LINE#         295
  -------         ENDPROC       _OLEDBATTERYPOWER
  -------         PROC          _OLEDCHARGINGSTATE
  D:0007H         SYMBOL        state
  C:6AB1H         LINE#         309
  C:6AB1H         LINE#         310
  C:6AB1H         LINE#         311
  C:6AB7H         LINE#         312
  C:6AB9H         LINE#         313
  -------         ENDPROC       _OLEDCHARGINGSTATE
  -------         ENDMOD        OLED_DATA

  -------         MODULE        ?C?FPADD
  C:390CH         PUBLIC        ?C?FPADD
  C:3908H         PUBLIC        ?C?FPSUB
  -------         ENDMOD        ?C?FPADD

  -------         MODULE        ?C?FPMUL
  C:39FDH         PUBLIC        ?C?FPMUL
  -------         ENDMOD        ?C?FPMUL

  -------         MODULE        ?C?FPDIV
  C:3B06H         PUBLIC        ?C?FPDIV
  -------         ENDMOD        ?C?FPDIV

  -------         MODULE        ?C?FPCMP
  C:3BA5H         PUBLIC        ?C?FPCMP
  C:3BA3H         PUBLIC        ?C?FPCMP3
  -------         ENDMOD        ?C?FPCMP

BL51 BANKED LINKER/LOCATER V6.22                                                      06/08/2016  14:58:03  PAGE 83


  -------         MODULE        ?C?FCAST
  C:3C26H         PUBLIC        ?C?FCASTC
  C:3C21H         PUBLIC        ?C?FCASTI
  C:3C1CH         PUBLIC        ?C?FCASTL
  -------         ENDMOD        ?C?FCAST

  -------         MODULE        ?C?CASTF
  C:3C5AH         PUBLIC        ?C?CASTF
  -------         ENDMOD        ?C?CASTF

  -------         MODULE        ?C?COPY
  C:3DABH         PUBLIC        ?C?COPY
  -------         ENDMOD        ?C?COPY

  -------         MODULE        ?C?CLDPTR
  C:3DD1H         PUBLIC        ?C?CLDPTR
  -------         ENDMOD        ?C?CLDPTR

  -------         MODULE        ?C?CLDOPTR
  C:3DEAH         PUBLIC        ?C?CLDOPTR
  -------         ENDMOD        ?C?CLDOPTR

  -------         MODULE        ?C?IMUL
  C:3E17H         PUBLIC        ?C?IMUL
  -------         ENDMOD        ?C?IMUL

  -------         MODULE        ?C?UIDIV
  C:3E29H         PUBLIC        ?C?UIDIV
  -------         ENDMOD        ?C?UIDIV

  -------         MODULE        ?C?IILDX
  C:3E7EH         PUBLIC        ?C?IILDX
  -------         ENDMOD        ?C?IILDX

  -------         MODULE        ?C?ILDIX
  C:3E94H         PUBLIC        ?C?ILDIX
  -------         ENDMOD        ?C?ILDIX

  -------         MODULE        ?C?LMUL
  C:3EAAH         PUBLIC        ?C?LMUL
  -------         ENDMOD        ?C?LMUL

  -------         MODULE        ?C?SLDIV
  C:65EEH         PUBLIC        ?C?SLDIV
  -------         ENDMOD        ?C?SLDIV

  -------         MODULE        ?C?LNEG
  C:3EF9H         PUBLIC        ?C?LNEG
  -------         ENDMOD        ?C?LNEG

  -------         MODULE        ?C?SLSHR
  C:3F07H         PUBLIC        ?C?SLSHR
  -------         ENDMOD        ?C?SLSHR

  -------         MODULE        ?C?LSTXDATA
  C:3F1BH         PUBLIC        ?C?LSTXDATA
  -------         ENDMOD        ?C?LSTXDATA
BL51 BANKED LINKER/LOCATER V6.22                                                      06/08/2016  14:58:03  PAGE 84



  -------         MODULE        ?C?LSTKXDATA
  C:3F27H         PUBLIC        ?C?LSTKXDATA
  -------         ENDMOD        ?C?LSTKXDATA

  -------         MODULE        ?C?CCASE
  C:3F58H         PUBLIC        ?C?CCASE
  -------         ENDMOD        ?C?CCASE

  -------         MODULE        ?C?ULDIV
  C:3FBAH         PUBLIC        ?C?ULDIV
  -------         ENDMOD        ?C?ULDIV

*** WARNING L16: UNCALLED SEGMENT, IGNORED FOR OVERLAY PROCESS
    SEGMENT: ?PR?_BLE_SET_BAUD?BLE

*** WARNING L16: UNCALLED SEGMENT, IGNORED FOR OVERLAY PROCESS
    SEGMENT: ?PR?BLE_INQUIRE_BAUD?BLE

*** WARNING L16: UNCALLED SEGMENT, IGNORED FOR OVERLAY PROCESS
    SEGMENT: ?PR?DELAY999MS?DELAY

*** WARNING L16: UNCALLED SEGMENT, IGNORED FOR OVERLAY PROCESS
    SEGMENT: ?PR?DELAY150MS?DELAY

*** WARNING L16: UNCALLED SEGMENT, IGNORED FOR OVERLAY PROCESS
    SEGMENT: ?PR?DELAY500MS?DELAY

*** WARNING L16: UNCALLED SEGMENT, IGNORED FOR OVERLAY PROCESS
    SEGMENT: ?PR?_READ_MAC_REGISTER?INDY

*** WARNING L16: UNCALLED SEGMENT, IGNORED FOR OVERLAY PROCESS
    SEGMENT: ?PR?UART2_SENDMES?INDY

*** WARNING L16: UNCALLED SEGMENT, IGNORED FOR OVERLAY PROCESS
    SEGMENT: ?PR?CLEAR_UART2_MES?INDY

*** WARNING L16: UNCALLED SEGMENT, IGNORED FOR OVERLAY PROCESS
    SEGMENT: ?PR?INDY_READ_SENSORCODE?INDY

*** WARNING L16: UNCALLED SEGMENT, IGNORED FOR OVERLAY PROCESS
    SEGMENT: ?PR?INDY_READRSSI?INDY

*** WARNING L16: UNCALLED SEGMENT, IGNORED FOR OVERLAY PROCESS
    SEGMENT: ?PR?INDY_READTEMP?INDY

*** WARNING L16: UNCALLED SEGMENT, IGNORED FOR OVERLAY PROCESS
    SEGMENT: ?PR?UART2_RECV_PROC?INDY

*** WARNING L16: UNCALLED SEGMENT, IGNORED FOR OVERLAY PROCESS
    SEGMENT: ?PR?_INDEX_SEND?INDY

*** WARNING L16: UNCALLED SEGMENT, IGNORED FOR OVERLAY PROCESS
    SEGMENT: ?PR?_INDEX_R_CHECK?INDY

*** WARNING L16: UNCALLED SEGMENT, IGNORED FOR OVERLAY PROCESS
    SEGMENT: ?PR?OLEDPOWERDOWN?STC15_OLED
BL51 BANKED LINKER/LOCATER V6.22                                                      06/08/2016  14:58:03  PAGE 85



*** WARNING L16: UNCALLED SEGMENT, IGNORED FOR OVERLAY PROCESS
    SEGMENT: ?PR?OLEDENTERINGSLEEPMODE?STC15_OLED

*** WARNING L16: UNCALLED SEGMENT, IGNORED FOR OVERLAY PROCESS
    SEGMENT: ?PR?OLEDEXITINGSLEEPMODE?STC15_OLED

*** WARNING L16: UNCALLED SEGMENT, IGNORED FOR OVERLAY PROCESS
    SEGMENT: ?PR?_OLEDWRITEBUFBYHEX?STC15_OLED

*** WARNING L16: UNCALLED SEGMENT, IGNORED FOR OVERLAY PROCESS
    SEGMENT: ?PR?_OLEDWRITEBUFBYHEX57?STC15_OLED

*** WARNING L16: UNCALLED SEGMENT, IGNORED FOR OVERLAY PROCESS
    SEGMENT: ?PR?_CLEARPAGECOL?STC15_OLED

*** WARNING L16: UNCALLED SEGMENT, IGNORED FOR OVERLAY PROCESS
    SEGMENT: ?PR?_ADCINTINIT?STC15_ADC

*** WARNING L16: UNCALLED SEGMENT, IGNORED FOR OVERLAY PROCESS
    SEGMENT: ?PR?_DTOA256?STC15_ADC

*** WARNING L16: UNCALLED SEGMENT, IGNORED FOR OVERLAY PROCESS
    SEGMENT: ?PR?_DTOA1024?STC15_ADC

*** WARNING L16: UNCALLED SEGMENT, IGNORED FOR OVERLAY PROCESS
    SEGMENT: ?PR?_SENDSTRING3?STC15_UART

*** WARNING L16: UNCALLED SEGMENT, IGNORED FOR OVERLAY PROCESS
    SEGMENT: ?PR?_SEQUENTIAL_WRITE_FLASH_IN_ONE_SECTOR?STC15_FLASH

*** WARNING L16: UNCALLED SEGMENT, IGNORED FOR OVERLAY PROCESS
    SEGMENT: ?PR?_WRITE_FLASH_WITH_PROTECT_IN_ONE_SECTOR?STC15_FLASH

*** WARNING L16: UNCALLED SEGMENT, IGNORED FOR OVERLAY PROCESS
    SEGMENT: ?PR?GETPWM?STC15_PWM

*** WARNING L16: UNCALLED SEGMENT, IGNORED FOR OVERLAY PROCESS
    SEGMENT: ?PR?_GETPWM4?STC15_PWM

*** WARNING L16: UNCALLED SEGMENT, IGNORED FOR OVERLAY PROCESS
    SEGMENT: ?PR?_GETPWM5?STC15_PWM

*** WARNING L16: UNCALLED SEGMENT, IGNORED FOR OVERLAY PROCESS
    SEGMENT: ?PR?_GETPWM2?STC15_PWM

*** WARNING L16: UNCALLED SEGMENT, IGNORED FOR OVERLAY PROCESS
    SEGMENT: ?PR?_OLEDBRTADJUST?STC15_PWM

*** WARNING L16: UNCALLED SEGMENT, IGNORED FOR OVERLAY PROCESS
    SEGMENT: ?PR?_TIMER0INIT?STC15_TIME

*** WARNING L16: UNCALLED SEGMENT, IGNORED FOR OVERLAY PROCESS
    SEGMENT: ?PR?INITSPI?STC15_SPI

*** WARNING L16: UNCALLED SEGMENT, IGNORED FOR OVERLAY PROCESS
    SEGMENT: ?PR?T0INTINIT?STC15_INT
BL51 BANKED LINKER/LOCATER V6.22                                                      06/08/2016  14:58:03  PAGE 86



*** WARNING L16: UNCALLED SEGMENT, IGNORED FOR OVERLAY PROCESS
    SEGMENT: ?PR?FRESHSTATELINE?STC15_INT

*** WARNING L16: UNCALLED SEGMENT, IGNORED FOR OVERLAY PROCESS
    SEGMENT: ?PR?INT0INIT?STC15_INT

*** WARNING L16: UNCALLED SEGMENT, IGNORED FOR OVERLAY PROCESS
    SEGMENT: ?PR?INT1INIT?STC15_INT

*** WARNING L16: UNCALLED SEGMENT, IGNORED FOR OVERLAY PROCESS
    SEGMENT: ?PR?INT2INIT?STC15_INT

*** WARNING L16: UNCALLED SEGMENT, IGNORED FOR OVERLAY PROCESS
    SEGMENT: ?PR?INT3INIT?STC15_INT

*** WARNING L16: UNCALLED SEGMENT, IGNORED FOR OVERLAY PROCESS
    SEGMENT: ?PR?INT4INIT?STC15_INT

*** WARNING L16: UNCALLED SEGMENT, IGNORED FOR OVERLAY PROCESS
    SEGMENT: ?PR?LVDINTINIT?STC15_INT

*** WARNING L16: UNCALLED SEGMENT, IGNORED FOR OVERLAY PROCESS
    SEGMENT: ?PR?BTLINK3SBZ?BEEP

*** WARNING L16: UNCALLED SEGMENT, IGNORED FOR OVERLAY PROCESS
    SEGMENT: ?PR?_WARNINGBZ?BEEP

*** WARNING L16: UNCALLED SEGMENT, IGNORED FOR OVERLAY PROCESS
    SEGMENT: ?PR?LOWBATTERY50MSBZ?BEEP

*** WARNING L16: UNCALLED SEGMENT, IGNORED FOR OVERLAY PROCESS
    SEGMENT: ?PR?_WEAKUPDOWNMODE?STC15_CLK

*** WARNING L16: UNCALLED SEGMENT, IGNORED FOR OVERLAY PROCESS
    SEGMENT: ?PR?CHECKCHARGING?POWER

*** WARNING L16: UNCALLED SEGMENT, IGNORED FOR OVERLAY PROCESS
    SEGMENT: ?PR?KEYSCAN?KEYSCAN

*** WARNING L16: UNCALLED SEGMENT, IGNORED FOR OVERLAY PROCESS
    SEGMENT: ?PR?KEYSCANTEST?KEYSCAN

*** WARNING L16: UNCALLED SEGMENT, IGNORED FOR OVERLAY PROCESS
    SEGMENT: ?PR?_PAGESCAN?KEYSCAN

Program Size: data=50.2 xdata=1573 code=28209
LINK/LOCATE RUN COMPLETE.  49 WARNING(S),  0 ERROR(S)
